Archive member included to satisfy reference by file (symbol)

C:/Users/chunc/.pico-sdk/toolchain/13_2_Rel1/bin/../lib/gcc/arm-none-eabi/13.2.1/thumb/v6-m/nofp\libgcc.a(_dvmd_tls.o)
                              CMakeFiles/pi_pico.dir/C_/Users/chunc/.pico-sdk/sdk/2.0.0/src/rp2_common/pico_divider/divider_hardware.S.obj (__aeabi_idiv0)
C:/Users/chunc/.pico-sdk/toolchain/13_2_Rel1/bin/../lib/gcc/arm-none-eabi/13.2.1/thumb/v6-m/nofp\libg.a(libc_a-calloc.o)
                              CMakeFiles/pi_pico.dir/C_/Users/chunc/.pico-sdk/sdk/2.0.0/src/rp2_common/pico_malloc/malloc.c.obj (calloc)
C:/Users/chunc/.pico-sdk/toolchain/13_2_Rel1/bin/../lib/gcc/arm-none-eabi/13.2.1/thumb/v6-m/nofp\libg.a(libc_a-callocr.o)
                              C:/Users/chunc/.pico-sdk/toolchain/13_2_Rel1/bin/../lib/gcc/arm-none-eabi/13.2.1/thumb/v6-m/nofp\libg.a(libc_a-calloc.o) (_calloc_r)
C:/Users/chunc/.pico-sdk/toolchain/13_2_Rel1/bin/../lib/gcc/arm-none-eabi/13.2.1/thumb/v6-m/nofp\libg.a(libc_a-malloc.o)
                              CMakeFiles/pi_pico.dir/C_/Users/chunc/.pico-sdk/sdk/2.0.0/src/rp2_common/pico_malloc/malloc.c.obj (malloc)
C:/Users/chunc/.pico-sdk/toolchain/13_2_Rel1/bin/../lib/gcc/arm-none-eabi/13.2.1/thumb/v6-m/nofp\libg.a(libc_a-mallocr.o)
                              C:/Users/chunc/.pico-sdk/toolchain/13_2_Rel1/bin/../lib/gcc/arm-none-eabi/13.2.1/thumb/v6-m/nofp\libg.a(libc_a-callocr.o) (_malloc_r)
C:/Users/chunc/.pico-sdk/toolchain/13_2_Rel1/bin/../lib/gcc/arm-none-eabi/13.2.1/thumb/v6-m/nofp\libg.a(libc_a-mlock.o)
                              C:/Users/chunc/.pico-sdk/toolchain/13_2_Rel1/bin/../lib/gcc/arm-none-eabi/13.2.1/thumb/v6-m/nofp\libg.a(libc_a-mallocr.o) (__malloc_lock)
C:/Users/chunc/.pico-sdk/toolchain/13_2_Rel1/bin/../lib/gcc/arm-none-eabi/13.2.1/thumb/v6-m/nofp\libg.a(libc_a-realloc.o)
                              CMakeFiles/pi_pico.dir/C_/Users/chunc/.pico-sdk/sdk/2.0.0/src/rp2_common/pico_malloc/malloc.c.obj (realloc)
C:/Users/chunc/.pico-sdk/toolchain/13_2_Rel1/bin/../lib/gcc/arm-none-eabi/13.2.1/thumb/v6-m/nofp\libg.a(libc_a-reallocr.o)
                              C:/Users/chunc/.pico-sdk/toolchain/13_2_Rel1/bin/../lib/gcc/arm-none-eabi/13.2.1/thumb/v6-m/nofp\libg.a(libc_a-realloc.o) (_realloc_r)
C:/Users/chunc/.pico-sdk/toolchain/13_2_Rel1/bin/../lib/gcc/arm-none-eabi/13.2.1/thumb/v6-m/nofp\libg.a(libc_a-memcmp.o)
                              CMakeFiles/pi_pico.dir/C_/Users/chunc/.pico-sdk/sdk/2.0.0/src/rp2_common/pico_atomic/atomic.c.obj (memcmp)
C:/Users/chunc/.pico-sdk/toolchain/13_2_Rel1/bin/../lib/gcc/arm-none-eabi/13.2.1/thumb/v6-m/nofp\libg.a(libc_a-memmove.o)
                              C:/Users/chunc/.pico-sdk/toolchain/13_2_Rel1/bin/../lib/gcc/arm-none-eabi/13.2.1/thumb/v6-m/nofp\libg.a(libc_a-reallocr.o) (memmove)
C:/Users/chunc/.pico-sdk/toolchain/13_2_Rel1/bin/../lib/gcc/arm-none-eabi/13.2.1/thumb/v6-m/nofp\libg.a(libc_a-lcltime_r.o)
                              CMakeFiles/pi_pico.dir/C_/Users/chunc/.pico-sdk/sdk/2.0.0/src/common/pico_util/datetime.c.obj (localtime_r)
C:/Users/chunc/.pico-sdk/toolchain/13_2_Rel1/bin/../lib/gcc/arm-none-eabi/13.2.1/thumb/v6-m/nofp\libg.a(libc_a-mktime.o)
                              CMakeFiles/pi_pico.dir/C_/Users/chunc/.pico-sdk/sdk/2.0.0/src/common/pico_util/datetime.c.obj (mktime)
C:/Users/chunc/.pico-sdk/toolchain/13_2_Rel1/bin/../lib/gcc/arm-none-eabi/13.2.1/thumb/v6-m/nofp\libg.a(libc_a-month_lengths.o)
                              C:/Users/chunc/.pico-sdk/toolchain/13_2_Rel1/bin/../lib/gcc/arm-none-eabi/13.2.1/thumb/v6-m/nofp\libg.a(libc_a-lcltime_r.o) (__month_lengths)
C:/Users/chunc/.pico-sdk/toolchain/13_2_Rel1/bin/../lib/gcc/arm-none-eabi/13.2.1/thumb/v6-m/nofp\libg.a(libc_a-tzcalc_limits.o)
                              C:/Users/chunc/.pico-sdk/toolchain/13_2_Rel1/bin/../lib/gcc/arm-none-eabi/13.2.1/thumb/v6-m/nofp\libg.a(libc_a-lcltime_r.o) (__tzcalc_limits)
C:/Users/chunc/.pico-sdk/toolchain/13_2_Rel1/bin/../lib/gcc/arm-none-eabi/13.2.1/thumb/v6-m/nofp\libg.a(libc_a-tzlock.o)
                              C:/Users/chunc/.pico-sdk/toolchain/13_2_Rel1/bin/../lib/gcc/arm-none-eabi/13.2.1/thumb/v6-m/nofp\libg.a(libc_a-lcltime_r.o) (__tz_lock)
C:/Users/chunc/.pico-sdk/toolchain/13_2_Rel1/bin/../lib/gcc/arm-none-eabi/13.2.1/thumb/v6-m/nofp\libg.a(libc_a-tzset.o)
                              C:/Users/chunc/.pico-sdk/toolchain/13_2_Rel1/bin/../lib/gcc/arm-none-eabi/13.2.1/thumb/v6-m/nofp\libg.a(libc_a-lcltime_r.o) (_tzset_unlocked)
C:/Users/chunc/.pico-sdk/toolchain/13_2_Rel1/bin/../lib/gcc/arm-none-eabi/13.2.1/thumb/v6-m/nofp\libg.a(libc_a-tzset_r.o)
                              C:/Users/chunc/.pico-sdk/toolchain/13_2_Rel1/bin/../lib/gcc/arm-none-eabi/13.2.1/thumb/v6-m/nofp\libg.a(libc_a-tzset.o) (_tzset_unlocked_r)
C:/Users/chunc/.pico-sdk/toolchain/13_2_Rel1/bin/../lib/gcc/arm-none-eabi/13.2.1/thumb/v6-m/nofp\libg.a(libc_a-tzvars.o)
[...]
Memory Configuration

Name             Origin             Length             Attributes
FLASH            0x10000000         0x00200000         xr
RAM              0x20000000         0x00040000         xrw
SCRATCH_X        0x20040000         0x00001000         xrw
SCRATCH_Y        0x20041000         0x00001000         xrw
*default*        0x00000000         0xffffffff

Linker script and memory map

LOAD C:/Users/chunc/.pico-sdk/toolchain/13_2_Rel1/bin/../lib/gcc/arm-none-eabi/13.2.1/thumb/v6-m/nofp/crti.o
LOAD C:/Users/chunc/.pico-sdk/toolchain/13_2_Rel1/bin/../lib/gcc/arm-none-eabi/13.2.1/thumb/v6-m/nofp/crtbegin.o
LOAD C:/Users/chunc/.pico-sdk/toolchain/13_2_Rel1/bin/../lib/gcc/arm-none-eabi/13.2.1/thumb/v6-m/nofp/crt0.o

.flash_begin    0x10000000        0x0
                0x10000000                        __flash_binary_start = .

.boot2          0x10000000      0x100
                0x10000000                        __boot2_start__ = .
 *(.boot2)
 .boot2         0x10000000      0x100 C:\Users\chunc\AppData\Local\Temp\ccaTG1kK.o
                0x10000100                        __boot2_end__ = .
                0x00000001                        ASSERT (((__boot2_end__ - __boot2_start__) == 0x100), ERROR: Pico second stage bootloader must be 256 bytes in size)

.text           0x10000100     0x3c50
                0x10000100                        __logical_binary_start = .
 *(.vectors)
 .vectors       0x10000100       0xd4 CMakeFiles/pi_pico.dir/C_/Users/chunc/.pico-sdk/sdk/2.0.0/src/rp2_common/pico_crt0/crt0.S.obj
                0x10000100                __VECTOR_TABLE
                0x10000100                __vectors
                0x100001c0                isr_invalid
                0x100001c0                __default_isrs_start
                0x100001c2                isr_nmi
                0x100001c4                isr_hardfault
                0x100001c6                isr_svcall
                0x100001c8                isr_pendsv
                0x100001ca                isr_systick
                0x100001cc                isr_irq23
                0x100001cc                isr_irq18
                0x100001cc                isr_irq11
                0x100001cc                isr_irq28
                0x100001cc                isr_irq19
                0x100001cc                isr_irq0
                0x100001cc                isr_irq6
                0x100001cc                isr_irq5
                0x100001cc                isr_irq12
                0x100001cc                isr_irq22
                0x100001cc                isr_irq31
                0x100001cc                isr_irq17
                0x100001cc                isr_irq27
                0x100001cc                isr_irq30
                0x100001cc                isr_irq2
                0x100001cc                isr_irq10
                0x100001cc                isr_irq8
                0x100001cc                isr_irq24
                0x100001cc                isr_irq1
                0x100001cc                isr_irq7
                0x100001cc                isr_irq21
                0x100001cc                isr_irq20
                0x100001cc                isr_irq15
                0x100001cc                isr_irq25
                0x100001cc                isr_irq13
                0x100001cc                __unhandled_user_irq
                0x100001cc                isr_irq4
                0x100001cc                isr_irq16
                0x100001cc                isr_irq29
                0x100001cc                isr_irq26
                0x100001cc                __default_isrs_end
                0x100001cc                isr_irq3
                0x100001cc                isr_irq14
                0x100001cc                isr_irq9
                0x100001d2                unhandled_user_irq_num_in_r0
 *(.binary_info_header)
 .binary_info_header
                0x100001d4       0x14 CMakeFiles/pi_pico.dir/C_/Users/chunc/.pico-sdk/sdk/2.0.0/src/rp2_common/pico_crt0/crt0.S.obj
                0x100001e8                        __binary_info_header_end = .
 *(.embedded_block)
                0x100001e8                        __embedded_block_end = .
 *(.reset)
 .reset         0x100001e8       0x9c CMakeFiles/pi_pico.dir/C_/Users/chunc/.pico-sdk/sdk/2.0.0/src/rp2_common/pico_crt0/crt0.S.obj
                0x100001e8                _entry_point
 *(.init)
 .init          0x10000284        0x4 C:/Users/chunc/.pico-sdk/toolchain/13_2_Rel1/bin/../lib/gcc/arm-none-eabi/13.2.1/thumb/v6-m/nofp/crti.o
                0x10000284                _init
 *(EXCLUDE_FILE(*libm.a: *libc.a:*lib_a-mem*.o *libgcc.a:) .text*)
 .text.register_tm_clones
                0x10000288       0x28 C:/Users/chunc/.pico-sdk/toolchain/13_2_Rel1/bin/../lib/gcc/arm-none-eabi/13.2.1/thumb/v6-m/nofp/crtbegin.o
 .text.frame_dummy
                0x100002b0       0x24 C:/Users/chunc/.pico-sdk/toolchain/13_2_Rel1/bin/../lib/gcc/arm-none-eabi/13.2.1/thumb/v6-m/nofp/crtbegin.o
 .text.uart_putc
                0x100002d4       0x60 CMakeFiles/pi_pico.dir/pi_pico.c.obj
 .text.uart_puts
                0x10000334       0x4a CMakeFiles/pi_pico.dir/pi_pico.c.obj
 *fill*         0x1000037e        0x2 
 .text.my_i2c_init
                0x10000380       0x38 CMakeFiles/pi_pico.dir/pi_pico.c.obj
                0x10000380                my_i2c_init
 .text.init_adxl345
                0x100003b8       0x54 CMakeFiles/pi_pico.dir/pi_pico.c.obj
                0x100003b8                init_adxl345
 .text.read_uart_command
                0x1000040c       0x98 CMakeFiles/pi_pico.dir/pi_pico.c.obj
                0x1000040c                read_uart_command
 .text.send_uart_message
                0x100004a4       0x28 CMakeFiles/pi_pico.dir/pi_pico.c.obj
                0x100004a4                send_uart_message
 .text.main     0x100004cc       0x84 CMakeFiles/pi_pico.dir/pi_pico.c.obj
                0x100004cc                main
 .text.gpio_set_function
                0x10000550       0x34 CMakeFiles/pi_pico.dir/C_/Users/chunc/.pico-sdk/sdk/2.0.0/src/rp2_common/hardware_gpio/gpio.c.obj
                0x10000550                gpio_set_function
 .text.gpio_set_pulls
                0x10000584       0x38 CMakeFiles/pi_pico.dir/C_/Users/chunc/.pico-sdk/sdk/2.0.0/src/rp2_common/hardware_gpio/gpio.c.obj
                0x10000584                gpio_set_pulls
 .text.panic    0x100005bc       0x30 CMakeFiles/pi_pico.dir/C_/Users/chunc/.pico-sdk/sdk/2.0.0/src/rp2_common/pico_platform_panic/panic.c.obj
                0x100005bc                panic
 .text.hw_claim_lock
                0x100005ec       0x18 CMakeFiles/pi_pico.dir/C_/Users/chunc/.pico-sdk/sdk/2.0.0/src/common/hardware_claim/claim.c.obj
                0x100005ec                hw_claim_lock
 .text.hw_claim_unlock
                0x10000604       0x14 CMakeFiles/pi_pico.dir/C_/Users/chunc/.pico-sdk/sdk/2.0.0/src/common/hardware_claim/claim.c.obj
                0x10000604                hw_claim_unlock
 .text.hw_claim_or_assert
                0x10000618       0x32 CMakeFiles/pi_pico.dir/C_/Users/chunc/.pico-sdk/sdk/2.0.0/src/common/hardware_claim/claim.c.obj
                0x10000618                hw_claim_or_assert
 *fill*         0x1000064a        0x2 
 .text.next_striped_spin_lock_num
                0x1000064c       0x1c CMakeFiles/pi_pico.dir/C_/Users/chunc/.pico-sdk/sdk/2.0.0/src/rp2_common/hardware_sync/sync.c.obj
                0x1000064c                next_striped_spin_lock_num
 .text.spin_locks_reset
                0x10000668       0x20 CMakeFiles/pi_pico.dir/C_/Users/chunc/.pico-sdk/sdk/2.0.0/src/rp2_common/hardware_sync_spin_lock/sync_spin_lock.c.obj
                0x10000668                spin_locks_reset
 .text.set_raw_irq_handler_and_unlock
                0x10000688       0x28 CMakeFiles/pi_pico.dir/C_/Users/chunc/.pico-sdk/sdk/2.0.0/src/rp2_common/hardware_irq/irq.c.obj
 .text.nvic_ipr0
                0x100006b0        0x8 CMakeFiles/pi_pico.dir/C_/Users/chunc/.pico-sdk/sdk/2.0.0/src/rp2_common/hardware_irq/irq.c.obj
 .text.runtime_init_per_core_irq_priorities
                0x100006b8       0x1c CMakeFiles/pi_pico.dir/C_/Users/chunc/.pico-sdk/sdk/2.0.0/src/rp2_common/hardware_irq/irq.c.obj
                0x100006b8                runtime_init_per_core_irq_priorities
 .text.irq_set_mask_n_enabled
                0x100006d4       0x1c CMakeFiles/pi_pico.dir/C_/Users/chunc/.pico-sdk/sdk/2.0.0/src/rp2_common/hardware_irq/irq.c.obj
                0x100006d4                irq_set_mask_n_enabled
 .text.irq_set_enabled
                0x100006f0       0x14 CMakeFiles/pi_pico.dir/C_/Users/chunc/.pico-sdk/sdk/2.0.0/src/rp2_common/hardware_irq/irq.c.obj
                0x100006f0                irq_set_enabled
 .text.irq_get_vtable_handler
                0x10000704       0x10 CMakeFiles/pi_pico.dir/C_/Users/chunc/.pico-sdk/sdk/2.0.0/src/rp2_common/hardware_irq/irq.c.obj
                0x10000704                irq_get_vtable_handler
 .text.irq_set_exclusive_handler
                0x10000714       0x54 CMakeFiles/pi_pico.dir/C_/Users/chunc/.pico-sdk/sdk/2.0.0/src/rp2_common/hardware_irq/irq.c.obj
                0x10000714                irq_set_exclusive_handler
 .text.lock_init
                0x10000768       0x10 CMakeFiles/pi_pico.dir/C_/Users/chunc/.pico-sdk/sdk/2.0.0/src/common/pico_sync/lock_core.c.obj
                0x10000768                lock_init
 .text.mutex_init
                0x10000778       0x1a CMakeFiles/pi_pico.dir/C_/Users/chunc/.pico-sdk/sdk/2.0.0/src/common/pico_sync/mutex.c.obj
                0x10000778                mutex_init
 .text.recursive_mutex_init
                0x10000792       0x1e CMakeFiles/pi_pico.dir/C_/Users/chunc/.pico-sdk/sdk/2.0.0/src/common/pico_sync/mutex.c.obj
                0x10000792                recursive_mutex_init
 .text.runtime_init_mutex
                0x100007b0       0x4c CMakeFiles/pi_pico.dir/C_/Users/chunc/.pico-sdk/sdk/2.0.0/src/common/pico_sync/mutex.c.obj
                0x100007b0                runtime_init_mutex
 .text.make_alarm_id
                0x100007fc        0x6 CMakeFiles/pi_pico.dir/C_/Users/chunc/.pico-sdk/sdk/2.0.0/src/common/pico_time/time.c.obj
 *fill*         0x10000802        0x2 
 .text.sleep_until_callback
                0x10000804       0x30 CMakeFiles/pi_pico.dir/C_/Users/chunc/.pico-sdk/sdk/2.0.0/src/common/pico_time/time.c.obj
 .text.alarm_pool_irq_handler
                0x10000834      0x2e0 CMakeFiles/pi_pico.dir/C_/Users/chunc/.pico-sdk/sdk/2.0.0/src/common/pico_time/time.c.obj
 .text.ta_enable_irq_handler
                0x10000b14       0x2c CMakeFiles/pi_pico.dir/C_/Users/chunc/.pico-sdk/sdk/2.0.0/src/common/pico_time/time.c.obj
 .text.alarm_pool_post_alloc_init
                0x10000b40       0x78 CMakeFiles/pi_pico.dir/C_/Users/chunc/.pico-sdk/sdk/2.0.0/src/common/pico_time/time.c.obj
 .text.alarm_pool_get_default
                0x10000bb8       0x2c CMakeFiles/pi_pico.dir/C_/Users/chunc/.pico-sdk/sdk/2.0.0/src/common/pico_time/time.c.obj
                0x10000bb8                alarm_pool_get_default
 .text.alarm_pool_add_alarm_at_force_in_context
                0x10000be4       0xa4 CMakeFiles/pi_pico.dir/C_/Users/chunc/.pico-sdk/sdk/2.0.0/src/common/pico_time/time.c.obj
                0x10000be4                alarm_pool_add_alarm_at_force_in_context
 .text.alarm_pool_add_alarm_at
                0x10000c88       0x3c CMakeFiles/pi_pico.dir/C_/Users/chunc/.pico-sdk/sdk/2.0.0/src/common/pico_time/time.c.obj
                0x10000c88                alarm_pool_add_alarm_at
 .text.add_alarm_at
                0x10000cc4       0x2e CMakeFiles/pi_pico.dir/C_/Users/chunc/.pico-sdk/sdk/2.0.0/src/common/pico_time/time.c.obj
 *fill*         0x10000cf2        0x2 
 .text.alarm_pool_cancel_alarm
                0x10000cf4       0x78 CMakeFiles/pi_pico.dir/C_/Users/chunc/.pico-sdk/sdk/2.0.0/src/common/pico_time/time.c.obj
                0x10000cf4                alarm_pool_cancel_alarm
 .text.cancel_alarm
                0x10000d6c       0x10 CMakeFiles/pi_pico.dir/C_/Users/chunc/.pico-sdk/sdk/2.0.0/src/common/pico_time/time.c.obj
 .text.sleep_until
                0x10000d7c       0xc0 CMakeFiles/pi_pico.dir/C_/Users/chunc/.pico-sdk/sdk/2.0.0/src/common/pico_time/time.c.obj
                0x10000d7c                sleep_until
 .text.sleep_us
                0x10000e3c       0x24 CMakeFiles/pi_pico.dir/C_/Users/chunc/.pico-sdk/sdk/2.0.0/src/common/pico_time/time.c.obj
                0x10000e3c                sleep_us
 .text.sleep_ms
                0x10000e60       0x14 CMakeFiles/pi_pico.dir/C_/Users/chunc/.pico-sdk/sdk/2.0.0/src/common/pico_time/time.c.obj
                0x10000e60                sleep_ms
 .text.best_effort_wfe_or_timeout
                0x10000e74       0xc4 CMakeFiles/pi_pico.dir/C_/Users/chunc/.pico-sdk/sdk/2.0.0/src/common/pico_time/time.c.obj
                0x10000e74                best_effort_wfe_or_timeout
 .text.alarm_pool_get_default_timer
                0x10000f38        0x8 CMakeFiles/pi_pico.dir/C_/Users/chunc/.pico-sdk/sdk/2.0.0/src/common/pico_time/time.c.obj
                0x10000f38                alarm_pool_get_default_timer
 .text.runtime_init_default_alarm_pool
                0x10000f40       0x38 CMakeFiles/pi_pico.dir/C_/Users/chunc/.pico-sdk/sdk/2.0.0/src/common/pico_time/time.c.obj
                0x10000f40                runtime_init_default_alarm_pool
 .text.timer_hardware_alarm_claim
                0x10000f78       0x14 CMakeFiles/pi_pico.dir/C_/Users/chunc/.pico-sdk/sdk/2.0.0/src/rp2_common/hardware_timer/timer.c.obj
                0x10000f78                timer_hardware_alarm_claim
 .text.timer_time_us_64
                0x10000f8c       0x10 CMakeFiles/pi_pico.dir/C_/Users/chunc/.pico-sdk/sdk/2.0.0/src/rp2_common/hardware_timer/timer.c.obj
                0x10000f8c                timer_time_us_64
 .text.timer_busy_wait_until
                0x10000f9c       0x1a CMakeFiles/pi_pico.dir/C_/Users/chunc/.pico-sdk/sdk/2.0.0/src/rp2_common/hardware_timer/timer.c.obj
                0x10000f9c                timer_busy_wait_until
 .text.timer_busy_wait_us
                0x10000fb6       0x38 CMakeFiles/pi_pico.dir/C_/Users/chunc/.pico-sdk/sdk/2.0.0/src/rp2_common/hardware_timer/timer.c.obj
                0x10000fb6                timer_busy_wait_us
 *fill*         0x10000fee        0x2 
 .text.time_us_64
                0x10000ff0       0x10 CMakeFiles/pi_pico.dir/C_/Users/chunc/.pico-sdk/sdk/2.0.0/src/rp2_common/hardware_timer/timer.c.obj
                0x10000ff0                time_us_64
 .text.busy_wait_us
                0x10001000       0x14 CMakeFiles/pi_pico.dir/C_/Users/chunc/.pico-sdk/sdk/2.0.0/src/rp2_common/hardware_timer/timer.c.obj
                0x10001000                busy_wait_us
 .text.busy_wait_until
                0x10001014       0x14 CMakeFiles/pi_pico.dir/C_/Users/chunc/.pico-sdk/sdk/2.0.0/src/rp2_common/hardware_timer/timer.c.obj
                0x10001014                busy_wait_until
 .text.uart_unreset
                0x10001028       0x2c CMakeFiles/pi_pico.dir/C_/Users/chunc/.pico-sdk/sdk/2.0.0/src/rp2_common/hardware_uart/uart.c.obj
 .text.uart_disable_before_lcr_write
                0x10001054       0x48 CMakeFiles/pi_pico.dir/C_/Users/chunc/.pico-sdk/sdk/2.0.0/src/rp2_common/hardware_uart/uart.c.obj
 .text.uart_write_lcr_bits_masked
                0x1000109c       0x20 CMakeFiles/pi_pico.dir/C_/Users/chunc/.pico-sdk/sdk/2.0.0/src/rp2_common/hardware_uart/uart.c.obj
 .text.uart_set_baudrate
                0x100010bc       0x5c CMakeFiles/pi_pico.dir/C_/Users/chunc/.pico-sdk/sdk/2.0.0/src/rp2_common/hardware_uart/uart.c.obj
                0x100010bc                uart_set_baudrate
 .text.uart_set_translate_crlf
                0x10001118       0x28 CMakeFiles/pi_pico.dir/C_/Users/chunc/.pico-sdk/sdk/2.0.0/src/rp2_common/hardware_uart/uart.c.obj
                0x10001118                uart_set_translate_crlf
 .text.uart_init
                0x10001140       0x64 CMakeFiles/pi_pico.dir/C_/Users/chunc/.pico-sdk/sdk/2.0.0/src/rp2_common/hardware_uart/uart.c.obj
                0x10001140                uart_init
 .text.clock_configure_internal
                0x100011a4       0xc4 CMakeFiles/pi_pico.dir/C_/Users/chunc/.pico-sdk/sdk/2.0.0/src/rp2_common/hardware_clocks/clocks.c.obj
 .text.clock_configure_int_divider
                0x10001268       0x28 CMakeFiles/pi_pico.dir/C_/Users/chunc/.pico-sdk/sdk/2.0.0/src/rp2_common/hardware_clocks/clocks.c.obj
                0x10001268                clock_configure_int_divider
 .text.clock_configure_undivided
                0x10001290       0x12 CMakeFiles/pi_pico.dir/C_/Users/chunc/.pico-sdk/sdk/2.0.0/src/rp2_common/hardware_clocks/clocks.c.obj
                0x10001290                clock_configure_undivided
 *fill*         0x100012a2        0x2 
 .text.clock_get_hz
                0x100012a4        0xc CMakeFiles/pi_pico.dir/C_/Users/chunc/.pico-sdk/sdk/2.0.0/src/rp2_common/hardware_clocks/clocks.c.obj
                0x100012a4                clock_get_hz
 .text.pll_init
                0x100012b0      0x124 CMakeFiles/pi_pico.dir/C_/Users/chunc/.pico-sdk/sdk/2.0.0/src/rp2_common/hardware_pll/pll.c.obj
                0x100012b0                pll_init
 .text.tick_start
                0x100013d4       0x10 CMakeFiles/pi_pico.dir/C_/Users/chunc/.pico-sdk/sdk/2.0.0/src/rp2_common/hardware_ticks/ticks.c.obj
                0x100013d4                tick_start
 .text.xosc_init
                0x100013e4       0x28 CMakeFiles/pi_pico.dir/C_/Users/chunc/.pico-sdk/sdk/2.0.0/src/rp2_common/hardware_xosc/xosc.c.obj
                0x100013e4                xosc_init
 .text.runtime_run_initializers_from
                0x1000140c       0x18 CMakeFiles/pi_pico.dir/C_/Users/chunc/.pico-sdk/sdk/2.0.0/src/rp2_common/pico_runtime/runtime.c.obj
 .text.first_per_core_initializer
                0x10001424        0x2 CMakeFiles/pi_pico.dir/C_/Users/chunc/.pico-sdk/sdk/2.0.0/src/rp2_common/pico_runtime/runtime.c.obj
 *fill*         0x10001426        0x2 
 .text.runtime_run_initializers
                0x10001428       0x10 CMakeFiles/pi_pico.dir/C_/Users/chunc/.pico-sdk/sdk/2.0.0/src/rp2_common/pico_runtime/runtime.c.obj
                0x10001428                runtime_run_initializers
 .text.runtime_init_early_resets
                0x10001438       0x2c CMakeFiles/pi_pico.dir/C_/Users/chunc/.pico-sdk/sdk/2.0.0/src/rp2_common/pico_runtime_init/runtime_init.c.obj
                0x10001438                runtime_init_early_resets
 .text.runtime_init_usb_power_down
                0x10001464       0x1c CMakeFiles/pi_pico.dir/C_/Users/chunc/.pico-sdk/sdk/2.0.0/src/rp2_common/pico_runtime_init/runtime_init.c.obj
                0x10001464                runtime_init_usb_power_down
 .text.runtime_init_post_clock_resets
                0x10001480       0x20 CMakeFiles/pi_pico.dir/C_/Users/chunc/.pico-sdk/sdk/2.0.0/src/rp2_common/pico_runtime_init/runtime_init.c.obj
                0x10001480                runtime_init_post_clock_resets
 .text.runtime_init_rp2040_gpio_ie_disable
                0x100014a0       0x14 CMakeFiles/pi_pico.dir/C_/Users/chunc/.pico-sdk/sdk/2.0.0/src/rp2_common/pico_runtime_init/runtime_init.c.obj
                0x100014a0                runtime_init_rp2040_gpio_ie_disable
 .text.runtime_init_spin_locks_reset
                0x100014b4        0x8 CMakeFiles/pi_pico.dir/C_/Users/chunc/.pico-sdk/sdk/2.0.0/src/rp2_common/pico_runtime_init/runtime_init.c.obj
                0x100014b4                runtime_init_spin_locks_reset
 .text.runtime_init_install_ram_vector_table
                0x100014bc       0x1c CMakeFiles/pi_pico.dir/C_/Users/chunc/.pico-sdk/sdk/2.0.0/src/rp2_common/pico_runtime_init/runtime_init.c.obj
                0x100014bc                runtime_init_install_ram_vector_table
 .text.start_all_ticks
                0x100014d8       0x28 CMakeFiles/pi_pico.dir/C_/Users/chunc/.pico-sdk/sdk/2.0.0/src/rp2_common/pico_runtime_init/runtime_init_clocks.c.obj
 .text.runtime_init_clocks
                0x10001500       0xcc CMakeFiles/pi_pico.dir/C_/Users/chunc/.pico-sdk/sdk/2.0.0/src/rp2_common/pico_runtime_init/runtime_init_clocks.c.obj
                0x10001500                runtime_init_clocks
 .text          0x100015cc       0x10 CMakeFiles/pi_pico.dir/C_/Users/chunc/.pico-sdk/sdk/2.0.0/src/rp2_common/pico_bit_ops/bit_ops_aeabi.S.obj
 .text.rom_func_lookup
                0x100015dc       0x10 CMakeFiles/pi_pico.dir/C_/Users/chunc/.pico-sdk/sdk/2.0.0/src/rp2_common/pico_bootrom/bootrom.c.obj
                0x100015dc                rom_func_lookup
 .text.rom_data_lookup
                0x100015ec       0x10 CMakeFiles/pi_pico.dir/C_/Users/chunc/.pico-sdk/sdk/2.0.0/src/rp2_common/pico_bootrom/bootrom.c.obj
                0x100015ec                rom_data_lookup
 .text.rom_funcs_lookup
                0x100015fc       0x36 CMakeFiles/pi_pico.dir/C_/Users/chunc/.pico-sdk/sdk/2.0.0/src/rp2_common/pico_bootrom/bootrom.c.obj
                0x100015fc                rom_funcs_lookup
 *fill*         0x10001632        0x2 
 .text.__wrap___aeabi_idiv
                0x10001634       0x50 CMakeFiles/pi_pico.dir/C_/Users/chunc/.pico-sdk/sdk/2.0.0/src/rp2_common/pico_divider/divider_hardware.S.obj
                0x10001634                __wrap___aeabi_idivmod
                0x10001634                divmod_s32s32
                0x10001634                div_s32s32
                0x10001634                __wrap___aeabi_idiv
                0x1000163c                divmod_s32s32_unsafe
                0x10001668                divmod_s32s32_savestate
 .text.__wrap___aeabi_uidiv
                0x10001684       0x4c CMakeFiles/pi_pico.dir/C_/Users/chunc/.pico-sdk/sdk/2.0.0/src/rp2_common/pico_divider/divider_hardware.S.obj
                0x10001684                __wrap___aeabi_uidiv
                0x10001684                __wrap___aeabi_uidivmod
                0x10001684                div_u32u32
                0x10001684                divmod_u32u32
                0x1000168c                divmod_u32u32_unsafe
                0x100016b4                divmod_u32u32_savestate
 .text.__wrap___aeabi_ldiv
                0x100016d0      0x424 CMakeFiles/pi_pico.dir/C_/Users/chunc/.pico-sdk/sdk/2.0.0/src/rp2_common/pico_divider/divider_hardware.S.obj
                0x100016d0                div_s64s64
                0x100016d0                divmod_s64s64
                0x100016d0                __wrap___aeabi_ldivmod
                0x10001700                divmod_u64u64
                0x10001700                div_u64u64
                0x10001700                __wrap___aeabi_uldivmod
                0x10001710                divmod_u64u64_savestate
                0x10001730                divmod_s64s64_unsafe
                0x100017b8                divmod_u64u64_unsafe
 .text.__wrap___aeabi_darithmetic
                0x10001af4       0x80 CMakeFiles/pi_pico.dir/C_/Users/chunc/.pico-sdk/sdk/2.0.0/src/rp2_common/pico_double/double_aeabi_rp2040.S.obj
                0x10001af4                __wrap___aeabi_drsub
                0x10001afa                __wrap___aeabi_dsub
                0x10001b0c                __wrap___aeabi_dadd
                0x10001b1e                __wrap___aeabi_ddiv
                0x10001b5a                __wrap___aeabi_dmul
 .text.__wrap___aeabi_cdcmple
                0x10001b74       0x6c CMakeFiles/pi_pico.dir/C_/Users/chunc/.pico-sdk/sdk/2.0.0/src/rp2_common/pico_double/double_aeabi_rp2040.S.obj
                0x10001b74                __wrap___aeabi_cdrcmple
                0x10001b84                __wrap___aeabi_cdcmpeq
                0x10001b84                __wrap___aeabi_cdcmple
 .text.__wrap___aeabi_dcmplt
                0x10001be0        0xc CMakeFiles/pi_pico.dir/C_/Users/chunc/.pico-sdk/sdk/2.0.0/src/rp2_common/pico_double/double_aeabi_rp2040.S.obj
                0x10001be0                __wrap___aeabi_dcmplt
 .text.__wrap___aeabi_dcmple
                0x10001bec       0x10 CMakeFiles/pi_pico.dir/C_/Users/chunc/.pico-sdk/sdk/2.0.0/src/rp2_common/pico_double/double_aeabi_rp2040.S.obj
                0x10001bec                __wrap___aeabi_dcmple
 .text.__wrap___aeabi_dcmpge
                0x10001bfc       0x10 CMakeFiles/pi_pico.dir/C_/Users/chunc/.pico-sdk/sdk/2.0.0/src/rp2_common/pico_double/double_aeabi_rp2040.S.obj
                0x10001bfc                __wrap___aeabi_dcmpge
 .text.__wrap___aeabi_dcmpgt
                0x10001c0c        0xa CMakeFiles/pi_pico.dir/C_/Users/chunc/.pico-sdk/sdk/2.0.0/src/rp2_common/pico_double/double_aeabi_rp2040.S.obj
                0x10001c0c                __wrap___aeabi_dcmpgt
 .text.__wrap___aeabi_dcmpun
                0x10001c16       0x18 CMakeFiles/pi_pico.dir/C_/Users/chunc/.pico-sdk/sdk/2.0.0/src/rp2_common/pico_double/double_aeabi_rp2040.S.obj
                0x10001c16                __wrap___aeabi_dcmpun
 *fill*         0x10001c2e        0x2 
 .text.__wrap___aeabi_i2d
                0x10001c30       0x38 CMakeFiles/pi_pico.dir/C_/Users/chunc/.pico-sdk/sdk/2.0.0/src/rp2_common/pico_double/double_aeabi_rp2040.S.obj
                0x10001c30                __wrap___aeabi_ui2d
                0x10001c38                __wrap___aeabi_i2d
 .text.__wrap___aeabi_d2iz
                0x10001c68       0x48 CMakeFiles/pi_pico.dir/C_/Users/chunc/.pico-sdk/sdk/2.0.0/src/rp2_common/pico_double/double_aeabi_rp2040.S.obj
                0x10001c68                double2int_z
                0x10001c68                __wrap___aeabi_d2iz
 .text.__wrap___aeabi_d2uiz
                0x10001cb0       0x18 CMakeFiles/pi_pico.dir/C_/Users/chunc/.pico-sdk/sdk/2.0.0/src/rp2_common/pico_double/double_aeabi_rp2040.S.obj
                0x10001cb0                __wrap___aeabi_d2uiz
                0x10001cb0                double2uint
 .text.__aeabi_double_init
                0x10001cc8       0xcc CMakeFiles/pi_pico.dir/C_/Users/chunc/.pico-sdk/sdk/2.0.0/src/rp2_common/pico_double/double_init_rom_rp2040.c.obj
                0x10001cc8                __aeabi_double_init
 .text.double_table_shim_on_use_helper
                0x10001d94       0x34 CMakeFiles/pi_pico.dir/C_/Users/chunc/.pico-sdk/sdk/2.0.0/src/rp2_common/pico_double/double_v1_rom_shim_rp2040.S.obj
                0x10001d94                double_table_shim_on_use_helper
 .text.__wrap___aeabi_dsub
                0x10001dc8       0x10 CMakeFiles/pi_pico.dir/C_/Users/chunc/.pico-sdk/sdk/2.0.0/src/rp2_common/pico_double/double_v1_rom_shim_rp2040.S.obj
                0x10001dc8                drsub_shim
                0x10001dce                dsub_shim
 .text.dadd_shim
                0x10001dd8      0x15c CMakeFiles/pi_pico.dir/C_/Users/chunc/.pico-sdk/sdk/2.0.0/src/rp2_common/pico_double/double_v1_rom_shim_rp2040.S.obj
                0x10001dd8                dadd_shim
 .text.dmul_shim
                0x10001f34      0x15c CMakeFiles/pi_pico.dir/C_/Users/chunc/.pico-sdk/sdk/2.0.0/src/rp2_common/pico_double/double_v1_rom_shim_rp2040.S.obj
                0x10001f34                dmul_shim
 .text.ddiv_shim
                0x10002090      0x1b0 CMakeFiles/pi_pico.dir/C_/Users/chunc/.pico-sdk/sdk/2.0.0/src/rp2_common/pico_double/double_v1_rom_shim_rp2040.S.obj
                0x10002090                ddiv_shim
 .text.double2uint_shim
                0x10002240        0xe CMakeFiles/pi_pico.dir/C_/Users/chunc/.pico-sdk/sdk/2.0.0/src/rp2_common/pico_double/double_v1_rom_shim_rp2040.S.obj
                0x10002240                double2uint_shim
                0x10002242                double2ufix_shim
 *fill*         0x1000224e        0x2 
 .text.double2uint64_shim
                0x10002250       0x70 CMakeFiles/pi_pico.dir/C_/Users/chunc/.pico-sdk/sdk/2.0.0/src/rp2_common/pico_double/double_v1_rom_shim_rp2040.S.obj
                0x10002250                double2uint64_shim
                0x10002252                double2ufix64_shim
                0x10002272                d2fix_a
 .text.dunpacks
                0x100022c0       0x3c CMakeFiles/pi_pico.dir/C_/Users/chunc/.pico-sdk/sdk/2.0.0/src/rp2_common/pico_double/double_v1_rom_shim_rp2040.S.obj
                0x100022c0                dunpacks
 .text.__aeabi_lmul
                0x100022fc       0x32 CMakeFiles/pi_pico.dir/C_/Users/chunc/.pico-sdk/sdk/2.0.0/src/rp2_common/pico_int64_ops/pico_int64_ops_aeabi.S.obj
                0x100022fc                __wrap___aeabi_lmul
 *fill*         0x1000232e        0x2 
 .text.__aeabi_float_init
                0x10002330       0xfc CMakeFiles/pi_pico.dir/C_/Users/chunc/.pico-sdk/sdk/2.0.0/src/rp2_common/pico_float/float_init_rom_rp2040.c.obj
                0x10002330                __aeabi_float_init
 .text.float_table_shim_on_use_helper
                0x1000242c       0x34 CMakeFiles/pi_pico.dir/C_/Users/chunc/.pico-sdk/sdk/2.0.0/src/rp2_common/pico_float/float_v1_rom_shim_rp2040.S.obj
                0x1000242c                float_table_shim_on_use_helper
 .text          0x10002460       0x10 CMakeFiles/pi_pico.dir/C_/Users/chunc/.pico-sdk/sdk/2.0.0/src/rp2_common/pico_mem_ops/mem_ops_aeabi.S.obj
                0x10002460                __aeabi_mem_init
 .text.memcpy   0x10002470        0xc CMakeFiles/pi_pico.dir/C_/Users/chunc/.pico-sdk/sdk/2.0.0/src/rp2_common/pico_mem_ops/mem_ops_aeabi.S.obj
                0x10002470                __wrap_memcpy
                0x10002470                __wrap___aeabi_memcpy
 .text._out_null
                0x1000247c        0x2 CMakeFiles/pi_pico.dir/C_/Users/chunc/.pico-sdk/sdk/2.0.0/src/rp2_common/pico_printf/printf.c.obj
 .text._out_fct
                0x1000247e        0xe CMakeFiles/pi_pico.dir/C_/Users/chunc/.pico-sdk/sdk/2.0.0/src/rp2_common/pico_printf/printf.c.obj
 .text._atoi    0x1000248c       0x24 CMakeFiles/pi_pico.dir/C_/Users/chunc/.pico-sdk/sdk/2.0.0/src/rp2_common/pico_printf/printf.c.obj
 .text._out_rev
                0x100024b0       0xae CMakeFiles/pi_pico.dir/C_/Users/chunc/.pico-sdk/sdk/2.0.0/src/rp2_common/pico_printf/printf.c.obj
 .text._ntoa_format
                0x1000255e      0x110 CMakeFiles/pi_pico.dir/C_/Users/chunc/.pico-sdk/sdk/2.0.0/src/rp2_common/pico_printf/printf.c.obj
 .text._ntoa_long
                0x1000266e       0xbc CMakeFiles/pi_pico.dir/C_/Users/chunc/.pico-sdk/sdk/2.0.0/src/rp2_common/pico_printf/printf.c.obj
 .text._ntoa_long_long
                0x1000272a      0x10e CMakeFiles/pi_pico.dir/C_/Users/chunc/.pico-sdk/sdk/2.0.0/src/rp2_common/pico_printf/printf.c.obj
 .text._etoa    0x10002838      0x420 CMakeFiles/pi_pico.dir/C_/Users/chunc/.pico-sdk/sdk/2.0.0/src/rp2_common/pico_printf/printf.c.obj
 .text._ftoa    0x10002c58      0x354 CMakeFiles/pi_pico.dir/C_/Users/chunc/.pico-sdk/sdk/2.0.0/src/rp2_common/pico_printf/printf.c.obj
 .text._vsnprintf
                0x10002fac      0x668 CMakeFiles/pi_pico.dir/C_/Users/chunc/.pico-sdk/sdk/2.0.0/src/rp2_common/pico_printf/printf.c.obj
 .text.vfctprintf
                0x10003614       0x20 CMakeFiles/pi_pico.dir/C_/Users/chunc/.pico-sdk/sdk/2.0.0/src/rp2_common/pico_printf/printf.c.obj
                0x10003614                vfctprintf
 .text._exit    0x10003634        0x4 CMakeFiles/pi_pico.dir/C_/Users/chunc/.pico-sdk/sdk/2.0.0/src/rp2_common/pico_clib_interface/newlib_interface.c.obj
                0x10003634                _exit
 .text.exit     0x10003638        0x6 CMakeFiles/pi_pico.dir/C_/Users/chunc/.pico-sdk/sdk/2.0.0/src/rp2_common/pico_clib_interface/newlib_interface.c.obj
                0x10003638                exit
 *fill*         0x1000363e        0x2 
 .text.__assert_func
                0x10003640       0x38 CMakeFiles/pi_pico.dir/C_/Users/chunc/.pico-sdk/sdk/2.0.0/src/rp2_common/pico_clib_interface/newlib_interface.c.obj
                0x10003640                __assert_func
 .text.runtime_init
                0x10003678       0x28 CMakeFiles/pi_pico.dir/C_/Users/chunc/.pico-sdk/sdk/2.0.0/src/rp2_common/pico_clib_interface/newlib_interface.c.obj
                0x10003678                runtime_init
 .text.stdio_out_chars_no_crlf
                0x100036a0        0xe CMakeFiles/pi_pico.dir/C_/Users/chunc/.pico-sdk/sdk/2.0.0/src/rp2_common/pico_stdio/stdio.c.obj
 *fill*         0x100036ae        0x2 
 .text.stdio_out_chars_crlf
                0x100036b0       0x80 CMakeFiles/pi_pico.dir/C_/Users/chunc/.pico-sdk/sdk/2.0.0/src/rp2_common/pico_stdio/stdio.c.obj
 .text.stdio_stack_buffer_flush
                0x10003730       0x44 CMakeFiles/pi_pico.dir/C_/Users/chunc/.pico-sdk/sdk/2.0.0/src/rp2_common/pico_stdio/stdio.c.obj
 .text.stdio_buffered_printer
                0x10003774       0x20 CMakeFiles/pi_pico.dir/C_/Users/chunc/.pico-sdk/sdk/2.0.0/src/rp2_common/pico_stdio/stdio.c.obj
 .text.stdout_serialize_begin
                0x10003794       0x30 CMakeFiles/pi_pico.dir/C_/Users/chunc/.pico-sdk/sdk/2.0.0/src/rp2_common/pico_stdio/stdio.c.obj
                0x10003794                stdout_serialize_begin
 .text.stdout_serialize_end
                0x100037c4       0x10 CMakeFiles/pi_pico.dir/C_/Users/chunc/.pico-sdk/sdk/2.0.0/src/rp2_common/pico_stdio/stdio.c.obj
                0x100037c4                stdout_serialize_end
 .text.stdio_put_string
                0x100037d4       0x94 CMakeFiles/pi_pico.dir/C_/Users/chunc/.pico-sdk/sdk/2.0.0/src/rp2_common/pico_stdio/stdio.c.obj
                0x100037d4                stdio_put_string
 .text.stdio_flush
                0x10003868       0x20 CMakeFiles/pi_pico.dir/C_/Users/chunc/.pico-sdk/sdk/2.0.0/src/rp2_common/pico_stdio/stdio.c.obj
                0x10003868                stdio_flush
 .text.stdio_init_all
                0x10003888        0x4 CMakeFiles/pi_pico.dir/C_/Users/chunc/.pico-sdk/sdk/2.0.0/src/rp2_common/pico_stdio/stdio.c.obj
                0x10003888                stdio_init_all
 .text.__wrap_puts
                0x1000388c       0x1e CMakeFiles/pi_pico.dir/C_/Users/chunc/.pico-sdk/sdk/2.0.0/src/rp2_common/pico_stdio/stdio.c.obj
                0x1000388c                stdio_puts
                0x1000388c                __wrap_puts
 *fill*         0x100038aa        0x2 
 .text.__wrap_vprintf
                0x100038ac       0x40 CMakeFiles/pi_pico.dir/C_/Users/chunc/.pico-sdk/sdk/2.0.0/src/rp2_common/pico_stdio/stdio.c.obj
                0x100038ac                stdio_vprintf
                0x100038ac                __wrap_vprintf
 .text.__wrap_printf
                0x100038ec       0x18 CMakeFiles/pi_pico.dir/C_/Users/chunc/.pico-sdk/sdk/2.0.0/src/rp2_common/pico_stdio/stdio.c.obj
                0x100038ec                __wrap_printf
                0x100038ec                stdio_printf
 .text.i2c_unreset
                0x10003904       0x2c CMakeFiles/pi_pico.dir/C_/Users/chunc/.pico-sdk/sdk/2.0.0/src/rp2_common/hardware_i2c/i2c.c.obj
 .text.i2c_write_blocking_internal
                0x10003930      0x158 CMakeFiles/pi_pico.dir/C_/Users/chunc/.pico-sdk/sdk/2.0.0/src/rp2_common/hardware_i2c/i2c.c.obj
 .text.i2c_set_baudrate
                0x10003a88       0xf0 CMakeFiles/pi_pico.dir/C_/Users/chunc/.pico-sdk/sdk/2.0.0/src/rp2_common/hardware_i2c/i2c.c.obj
                0x10003a88                i2c_set_baudrate
 .text.i2c_init
                0x10003b78       0x54 CMakeFiles/pi_pico.dir/C_/Users/chunc/.pico-sdk/sdk/2.0.0/src/rp2_common/hardware_i2c/i2c.c.obj
                0x10003b78                i2c_init
 .text.i2c_write_blocking
                0x10003bcc       0x18 CMakeFiles/pi_pico.dir/C_/Users/chunc/.pico-sdk/sdk/2.0.0/src/rp2_common/hardware_i2c/i2c.c.obj
                0x10003bcc                i2c_write_blocking
 .text          0x10003be4       0x88 C:/Users/chunc/.pico-sdk/toolchain/13_2_Rel1/bin/../lib/gcc/arm-none-eabi/13.2.1/thumb/v6-m/nofp\libg.a(libc_a-strcmp.o)
                0x10003be4                strcmp
 .text.strlen   0x10003c6c       0x5c C:/Users/chunc/.pico-sdk/toolchain/13_2_Rel1/bin/../lib/gcc/arm-none-eabi/13.2.1/thumb/v6-m/nofp\libg.a(libc_a-strlen-stub.o)
                0x10003c6c                strlen
 *(.fini)
 .fini          0x10003cc8        0x4 C:/Users/chunc/.pico-sdk/toolchain/13_2_Rel1/bin/../lib/gcc/arm-none-eabi/13.2.1/thumb/v6-m/nofp/crti.o
                0x10003cc8                _fini
 *fill*         0x10003ccc        0x4 
 .fini.__stub   0x10003cd0       0x40 linker stubs
 *crtbegin.o(.ctors)
 *crtbegin?.o(.ctors)
 *(EXCLUDE_FILE(*crtend.o *crtend?.o) .ctors)
 *(SORT_BY_NAME(.ctors.*))
 *(.ctors)
 *crtbegin.o(.dtors)
 *crtbegin?.o(.dtors)
 *(EXCLUDE_FILE(*crtend.o *crtend?.o) .dtors)
 *(SORT_BY_NAME(.dtors.*))
 *(.dtors)
                0x10003d10                        . = ALIGN (0x4)
                0x10003d10                        PROVIDE (__preinit_array_start = .)
 *(SORT_BY_NAME(.preinit_array.*))
 .preinit_array.00100
                0x10003d10        0x4 CMakeFiles/pi_pico.dir/C_/Users/chunc/.pico-sdk/sdk/2.0.0/src/rp2_common/pico_runtime_init/runtime_init.c.obj
                0x10003d10                __pre_init_runtime_init_early_resets
 .preinit_array.00101
                0x10003d14        0x4 CMakeFiles/pi_pico.dir/C_/Users/chunc/.pico-sdk/sdk/2.0.0/src/rp2_common/pico_runtime_init/runtime_init.c.obj
                0x10003d14                __pre_init_runtime_init_usb_power_down
 .preinit_array.00275
                0x10003d18        0x4 CMakeFiles/pi_pico.dir/C_/Users/chunc/.pico-sdk/sdk/2.0.0/src/rp2_common/pico_bit_ops/bit_ops_aeabi.S.obj
 .preinit_array.00300
                0x10003d1c        0x4 CMakeFiles/pi_pico.dir/C_/Users/chunc/.pico-sdk/sdk/2.0.0/src/rp2_common/pico_mem_ops/mem_ops_aeabi.S.obj
 .preinit_array.00350
                0x10003d20        0x4 CMakeFiles/pi_pico.dir/C_/Users/chunc/.pico-sdk/sdk/2.0.0/src/rp2_common/pico_double/double_aeabi_rp2040.S.obj
 .preinit_array.00350
                0x10003d24        0x4 CMakeFiles/pi_pico.dir/C_/Users/chunc/.pico-sdk/sdk/2.0.0/src/rp2_common/pico_float/float_aeabi_rp2040.S.obj
 .preinit_array.00500
                0x10003d28        0x4 CMakeFiles/pi_pico.dir/C_/Users/chunc/.pico-sdk/sdk/2.0.0/src/rp2_common/pico_runtime_init/runtime_init.c.obj
                0x10003d28                __pre_init_runtime_init_clocks
 .preinit_array.00600
                0x10003d2c        0x4 CMakeFiles/pi_pico.dir/C_/Users/chunc/.pico-sdk/sdk/2.0.0/src/rp2_common/pico_runtime_init/runtime_init.c.obj
                0x10003d2c                __pre_init_runtime_init_post_clock_resets
 .preinit_array.00700
                0x10003d30        0x4 CMakeFiles/pi_pico.dir/C_/Users/chunc/.pico-sdk/sdk/2.0.0/src/rp2_common/pico_runtime_init/runtime_init.c.obj
                0x10003d30                __pre_init_runtime_init_rp2040_gpio_ie_disable
 .preinit_array.01000
                0x10003d34        0x4 CMakeFiles/pi_pico.dir/C_/Users/chunc/.pico-sdk/sdk/2.0.0/src/rp2_common/pico_runtime_init/runtime_init.c.obj
                0x10003d34                __pre_init_runtime_init_spin_locks_reset
 .preinit_array.01100
                0x10003d38        0x4 CMakeFiles/pi_pico.dir/C_/Users/chunc/.pico-sdk/sdk/2.0.0/src/common/pico_sync/mutex.c.obj
                0x10003d38                __pre_init_runtime_init_mutex
 .preinit_array.10080
                0x10003d3c        0x4 CMakeFiles/pi_pico.dir/C_/Users/chunc/.pico-sdk/sdk/2.0.0/src/rp2_common/pico_runtime_init/runtime_init.c.obj
                0x10003d3c                __pre_init_runtime_init_install_ram_vector_table
 .preinit_array.11000
                0x10003d40        0x4 CMakeFiles/pi_pico.dir/C_/Users/chunc/.pico-sdk/sdk/2.0.0/src/common/pico_time/time.c.obj
                0x10003d40                __pre_init_runtime_init_default_alarm_pool
 .preinit_array.YYYYY
                0x10003d44        0x4 CMakeFiles/pi_pico.dir/C_/Users/chunc/.pico-sdk/sdk/2.0.0/src/rp2_common/pico_runtime/runtime.c.obj
                0x10003d44                __pre_init_first_per_core_initializer
 .preinit_array.ZZZZZ.01200
                0x10003d48        0x4 CMakeFiles/pi_pico.dir/C_/Users/chunc/.pico-sdk/sdk/2.0.0/src/rp2_common/hardware_irq/irq.c.obj
                0x10003d48                __pre_init_runtime_init_per_core_irq_priorities
 *(.preinit_array)
                0x10003d4c                        PROVIDE (__preinit_array_end = .)
                0x10003d4c                        . = ALIGN (0x4)
                0x10003d4c                        PROVIDE (__init_array_start = .)
 *(SORT_BY_NAME(.init_array.*))
 *(.init_array)
 .init_array    0x10003d4c        0x4 C:/Users/chunc/.pico-sdk/toolchain/13_2_Rel1/bin/../lib/gcc/arm-none-eabi/13.2.1/thumb/v6-m/nofp/crtbegin.o
                0x10003d50                        PROVIDE (__init_array_end = .)
                0x10003d50                        . = ALIGN (0x4)
                [!provide]                        PROVIDE (__fini_array_start = .)
 *(SORT_BY_NAME(.fini_array.*))
 *(.fini_array)
                [!provide]                        PROVIDE (__fini_array_end = .)
 *(.eh_frame*)
 .eh_frame      0x10003d50        0x0 C:/Users/chunc/.pico-sdk/toolchain/13_2_Rel1/bin/../lib/gcc/arm-none-eabi/13.2.1/thumb/v6-m/nofp/crtbegin.o
                0x10003d50                        . = ALIGN (0x4)

.glue_7         0x10003d50        0x0
 .glue_7        0x10003d50        0x0 linker stubs

.glue_7t        0x10003d50        0x0
 .glue_7t       0x10003d50        0x0 linker stubs

.vfp11_veneer   0x10003d50        0x0
 .vfp11_veneer  0x10003d50        0x0 linker stubs

.v4_bx          0x10003d50        0x0
 .v4_bx         0x10003d50        0x0 linker stubs

.iplt           0x10003d50        0x0
 .iplt          0x10003d50        0x0 C:/Users/chunc/.pico-sdk/toolchain/13_2_Rel1/bin/../lib/gcc/arm-none-eabi/13.2.1/thumb/v6-m/nofp/crtbegin.o

.rodata         0x10003d50      0x8c0
 *(EXCLUDE_FILE(*libm.a: *libc.a:*lib_a-mem*.o *libgcc.a:) .rodata*)
 .rodata.read_uart_command.str1.4
                0x10003d50      0x5ad CMakeFiles/pi_pico.dir/pi_pico.c.obj
                                  0xb (size before relaxing)
 .rodata.send_uart_message.str1.4
                0x100042fd        0x2 CMakeFiles/pi_pico.dir/pi_pico.c.obj
 .rodata.main.str1.4
                0x100042fd        0xe CMakeFiles/pi_pico.dir/pi_pico.c.obj
 .rodata.panic.str1.4
                0x100042fd       0x12 CMakeFiles/pi_pico.dir/C_/Users/chunc/.pico-sdk/sdk/2.0.0/src/rp2_common/pico_platform_panic/panic.c.obj
 .rodata.resolve_j_16.str1.4
                0x100042fd       0x5d CMakeFiles/pi_pico.dir/C_/Users/chunc/.pico-sdk/sdk/2.0.0/src/rp2_common/hardware_irq/irq.c.obj
 .rodata.irq_set_exclusive_handler.str1.4
                0x100042fd       0x36 CMakeFiles/pi_pico.dir/C_/Users/chunc/.pico-sdk/sdk/2.0.0/src/rp2_common/hardware_irq/irq.c.obj
 *fill*         0x100042fd        0x3 
 .rodata.__func__.6
                0x10004300       0x1a CMakeFiles/pi_pico.dir/C_/Users/chunc/.pico-sdk/sdk/2.0.0/src/rp2_common/hardware_irq/irq.c.obj
 .rodata.runtime_init_mutex.str1.4
                0x1000431a       0x60 CMakeFiles/pi_pico.dir/C_/Users/chunc/.pico-sdk/sdk/2.0.0/src/common/pico_sync/mutex.c.obj
 .rodata.str1.4
                0x1000431a       0x51 CMakeFiles/pi_pico.dir/C_/Users/chunc/.pico-sdk/sdk/2.0.0/src/common/pico_sync/mutex.c.obj
 *fill*         0x1000431a        0x2 
 .rodata.__func__.1
                0x1000431c        0xb CMakeFiles/pi_pico.dir/C_/Users/chunc/.pico-sdk/sdk/2.0.0/src/common/pico_sync/mutex.c.obj
 *fill*         0x10004327        0x1 
 .rodata.__func__.3
                0x10004328       0x18 CMakeFiles/pi_pico.dir/C_/Users/chunc/.pico-sdk/sdk/2.0.0/src/common/pico_sync/mutex.c.obj
 .rodata.__func__.6
                0x10004340       0x13 CMakeFiles/pi_pico.dir/C_/Users/chunc/.pico-sdk/sdk/2.0.0/src/common/pico_sync/mutex.c.obj
 .rodata.alarm_pool_irq_handler.str1.4
                0x10004353       0x6b CMakeFiles/pi_pico.dir/C_/Users/chunc/.pico-sdk/sdk/2.0.0/src/common/pico_time/time.c.obj
 .rodata.alarm_pool_get_default.str1.4
                0x10004353       0x21 CMakeFiles/pi_pico.dir/C_/Users/chunc/.pico-sdk/sdk/2.0.0/src/common/pico_time/time.c.obj
 .rodata.sleep_until.str1.4
                0x10004353       0x4d CMakeFiles/pi_pico.dir/C_/Users/chunc/.pico-sdk/sdk/2.0.0/src/common/pico_time/time.c.obj
 *fill*         0x10004353        0x1 
 .rodata.__func__.1
                0x10004354       0x17 CMakeFiles/pi_pico.dir/C_/Users/chunc/.pico-sdk/sdk/2.0.0/src/common/pico_time/time.c.obj
 *fill*         0x1000436b        0x1 
 .rodata.__func__.2
                0x1000436c       0x17 CMakeFiles/pi_pico.dir/C_/Users/chunc/.pico-sdk/sdk/2.0.0/src/common/pico_time/time.c.obj
 .rodata.timer_hardware_alarm_claim.str1.4
                0x10004383       0x22 CMakeFiles/pi_pico.dir/C_/Users/chunc/.pico-sdk/sdk/2.0.0/src/rp2_common/hardware_timer/timer.c.obj
 .rodata.pll_init.str1.4
                0x10004383      0x11c CMakeFiles/pi_pico.dir/C_/Users/chunc/.pico-sdk/sdk/2.0.0/src/rp2_common/hardware_pll/pll.c.obj
 *fill*         0x10004383        0x1 
 .rodata.__func__.0
                0x10004384        0x9 CMakeFiles/pi_pico.dir/C_/Users/chunc/.pico-sdk/sdk/2.0.0/src/rp2_common/hardware_pll/pll.c.obj
 .rodata.__aeabi_double_init.str1.4
                0x1000438d       0x9b CMakeFiles/pi_pico.dir/C_/Users/chunc/.pico-sdk/sdk/2.0.0/src/rp2_common/pico_double/double_init_rom_rp2040.c.obj
 *fill*         0x1000438d        0x3 
 .rodata.__func__.0
                0x10004390       0x14 CMakeFiles/pi_pico.dir/C_/Users/chunc/.pico-sdk/sdk/2.0.0/src/rp2_common/pico_double/double_init_rom_rp2040.c.obj
 .rodata.__aeabi_float_init.str1.4
                0x100043a4       0x8d CMakeFiles/pi_pico.dir/C_/Users/chunc/.pico-sdk/sdk/2.0.0/src/rp2_common/pico_float/float_init_rom_rp2040.c.obj
 .rodata.__func__.0
                0x100043a4       0x13 CMakeFiles/pi_pico.dir/C_/Users/chunc/.pico-sdk/sdk/2.0.0/src/rp2_common/pico_float/float_init_rom_rp2040.c.obj
 .rodata.str1.4
                0x100043b7       0x30 CMakeFiles/pi_pico.dir/C_/Users/chunc/.pico-sdk/sdk/2.0.0/src/rp2_common/pico_standard_binary_info/standard_binary_info.c.obj
 *fill*         0x100043b7        0x1 
 .rodata.__bi_84
                0x100043b8        0xc CMakeFiles/pi_pico.dir/C_/Users/chunc/.pico-sdk/sdk/2.0.0/src/rp2_common/pico_standard_binary_info/standard_binary_info.c.obj
 .rodata.__bi_60
                0x100043c4        0xc CMakeFiles/pi_pico.dir/C_/Users/chunc/.pico-sdk/sdk/2.0.0/src/rp2_common/pico_standard_binary_info/standard_binary_info.c.obj
 .rodata.__bi_54
                0x100043d0        0xc CMakeFiles/pi_pico.dir/C_/Users/chunc/.pico-sdk/sdk/2.0.0/src/rp2_common/pico_standard_binary_info/standard_binary_info.c.obj
 .rodata.__bi_48
                0x100043dc        0xc CMakeFiles/pi_pico.dir/C_/Users/chunc/.pico-sdk/sdk/2.0.0/src/rp2_common/pico_standard_binary_info/standard_binary_info.c.obj
 .rodata.__bi_42
                0x100043e8        0xc CMakeFiles/pi_pico.dir/C_/Users/chunc/.pico-sdk/sdk/2.0.0/src/rp2_common/pico_standard_binary_info/standard_binary_info.c.obj
 .rodata.__bi_34
                0x100043f4        0xc CMakeFiles/pi_pico.dir/C_/Users/chunc/.pico-sdk/sdk/2.0.0/src/rp2_common/pico_standard_binary_info/standard_binary_info.c.obj
 .rodata.__bi_26
                0x10004400        0xc CMakeFiles/pi_pico.dir/C_/Users/chunc/.pico-sdk/sdk/2.0.0/src/rp2_common/pico_standard_binary_info/standard_binary_info.c.obj
 .rodata._ftoa.str1.4
                0x1000440c       0x15 CMakeFiles/pi_pico.dir/C_/Users/chunc/.pico-sdk/sdk/2.0.0/src/rp2_common/pico_printf/printf.c.obj
 .rodata._vsnprintf
                0x1000440c      0x19c CMakeFiles/pi_pico.dir/C_/Users/chunc/.pico-sdk/sdk/2.0.0/src/rp2_common/pico_printf/printf.c.obj
 .rodata.pow10.0
                0x100045a8       0x50 CMakeFiles/pi_pico.dir/C_/Users/chunc/.pico-sdk/sdk/2.0.0/src/rp2_common/pico_printf/printf.c.obj
 .rodata.__assert_func.str1.4
                0x100045f8       0x43 CMakeFiles/pi_pico.dir/C_/Users/chunc/.pico-sdk/sdk/2.0.0/src/rp2_common/pico_clib_interface/newlib_interface.c.obj
 .rodata.crlf_str.0
                0x100045f8        0x2 CMakeFiles/pi_pico.dir/C_/Users/chunc/.pico-sdk/sdk/2.0.0/src/rp2_common/pico_stdio/stdio.c.obj
 .rodata.i2c_set_baudrate.str1.4
                0x100045fa       0x65 CMakeFiles/pi_pico.dir/C_/Users/chunc/.pico-sdk/sdk/2.0.0/src/rp2_common/hardware_i2c/i2c.c.obj
 *fill*         0x100045fa        0x2 
 .rodata.__func__.0
                0x100045fc       0x11 CMakeFiles/pi_pico.dir/C_/Users/chunc/.pico-sdk/sdk/2.0.0/src/rp2_common/hardware_i2c/i2c.c.obj
                0x10004610                        . = ALIGN (0x4)
 *fill*         0x1000460d        0x3 
 *(SORT_BY_ALIGNMENT(SORT_BY_NAME(.flashdata*)))
                0x10004610                        . = ALIGN (0x4)

.ARM.extab
 *(.ARM.extab* .gnu.linkonce.armextab.*)
                0x10004610                        __exidx_start = .

.ARM.exidx
 *(.ARM.exidx* .gnu.linkonce.armexidx.*)
                0x10004610                        __exidx_end = .
                0x10004610                        . = ALIGN (0x4)
                0x10004610                        __binary_info_start = .

.binary_info    0x10004610       0x1c
 *(.binary_info.keep.*)
 .binary_info.keep.__bi_ptr84
                0x10004610        0x4 CMakeFiles/pi_pico.dir/C_/Users/chunc/.pico-sdk/sdk/2.0.0/src/rp2_common/pico_standard_binary_info/standard_binary_info.c.obj
 .binary_info.keep.__bi_ptr60
                0x10004614        0x4 CMakeFiles/pi_pico.dir/C_/Users/chunc/.pico-sdk/sdk/2.0.0/src/rp2_common/pico_standard_binary_info/standard_binary_info.c.obj
 .binary_info.keep.__bi_ptr54
                0x10004618        0x4 CMakeFiles/pi_pico.dir/C_/Users/chunc/.pico-sdk/sdk/2.0.0/src/rp2_common/pico_standard_binary_info/standard_binary_info.c.obj
 .binary_info.keep.__bi_ptr48
                0x1000461c        0x4 CMakeFiles/pi_pico.dir/C_/Users/chunc/.pico-sdk/sdk/2.0.0/src/rp2_common/pico_standard_binary_info/standard_binary_info.c.obj
 .binary_info.keep.__bi_ptr42
                0x10004620        0x4 CMakeFiles/pi_pico.dir/C_/Users/chunc/.pico-sdk/sdk/2.0.0/src/rp2_common/pico_standard_binary_info/standard_binary_info.c.obj
 .binary_info.keep.__bi_ptr34
                0x10004624        0x4 CMakeFiles/pi_pico.dir/C_/Users/chunc/.pico-sdk/sdk/2.0.0/src/rp2_common/pico_standard_binary_info/standard_binary_info.c.obj
 .binary_info.keep.__bi_ptr26
                0x10004628        0x4 CMakeFiles/pi_pico.dir/C_/Users/chunc/.pico-sdk/sdk/2.0.0/src/rp2_common/pico_standard_binary_info/standard_binary_info.c.obj
 *(.binary_info.*)
                0x1000462c                        __binary_info_end = .

.rel.dyn        0x1000462c        0x0
 .rel.iplt      0x1000462c        0x0 C:/Users/chunc/.pico-sdk/toolchain/13_2_Rel1/bin/../lib/gcc/arm-none-eabi/13.2.1/thumb/v6-m/nofp/crtbegin.o
                0x1000462c                        . = ALIGN (0x4)

.ram_vector_table
                0x20000000       0xc0
 *(.ram_vector_table)
 .ram_vector_table
                0x20000000       0xc0 CMakeFiles/pi_pico.dir/C_/Users/chunc/.pico-sdk/sdk/2.0.0/src/rp2_common/pico_runtime_init/runtime_init.c.obj
                0x20000000                ram_vector_table

.uninitialized_data
                0x200000c0        0x0
                0x200000c0                        . = ALIGN (0x4)
 *(.uninitialized_data*)

.data           0x200000c0      0x1d8 load address 0x1000462c
                0x200000c0                        __data_start__ = .
 *(vtable)
 *(.time_critical*)
 .time_critical.mutex_try_enter
                0x200000c0       0x48 CMakeFiles/pi_pico.dir/C_/Users/chunc/.pico-sdk/sdk/2.0.0/src/common/pico_sync/mutex.c.obj
                0x200000c0                mutex_try_enter
 .time_critical.mutex_enter_block_until
                0x20000108       0x90 CMakeFiles/pi_pico.dir/C_/Users/chunc/.pico-sdk/sdk/2.0.0/src/common/pico_sync/mutex.c.obj
                0x20000108                mutex_enter_block_until
 .time_critical.mutex_try_enter_block_until
                0x20000198       0x34 CMakeFiles/pi_pico.dir/C_/Users/chunc/.pico-sdk/sdk/2.0.0/src/common/pico_sync/mutex.c.obj
                0x20000198                mutex_try_enter_block_until
 .time_critical.mutex_exit
                0x200001cc       0x4c CMakeFiles/pi_pico.dir/C_/Users/chunc/.pico-sdk/sdk/2.0.0/src/common/pico_sync/mutex.c.obj
                0x200001cc                mutex_exit
 *(.text*)
 .text          0x20000218        0x4 C:/Users/chunc/.pico-sdk/toolchain/13_2_Rel1/bin/../lib/gcc/arm-none-eabi/13.2.1/thumb/v6-m/nofp\libgcc.a(_dvmd_tls.o)
                0x20000218                __aeabi_idiv0
                0x20000218                __aeabi_ldiv0
 *fill*         0x2000021c        0x4 
 .text.__stub   0x20000220       0x20 linker stubs
                0x20000240                        . = ALIGN (0x4)
 *(.rodata*)
                0x20000240                        . = ALIGN (0x4)
 *(.data*)
 .data.striped_spin_lock_num
                0x20000240        0x1 CMakeFiles/pi_pico.dir/C_/Users/chunc/.pico-sdk/sdk/2.0.0/src/rp2_common/hardware_sync/sync.c.obj
 *fill*         0x20000241        0x3 
 .data.default_alarm_pool
                0x20000244       0x18 CMakeFiles/pi_pico.dir/C_/Users/chunc/.pico-sdk/sdk/2.0.0/src/common/pico_time/time.c.obj
 *fill*         0x2000025c        0x4 
 .data.aeabi_bits_funcs
                0x20000260       0x10 CMakeFiles/pi_pico.dir/C_/Users/chunc/.pico-sdk/sdk/2.0.0/src/rp2_common/pico_bit_ops/bit_ops_aeabi.S.obj
                0x20000260                aeabi_bits_funcs
                0x20000270                aeabi_bits_funcs_end
 .data.aeabi_mem_funcs
                0x20000270       0x10 CMakeFiles/pi_pico.dir/C_/Users/chunc/.pico-sdk/sdk/2.0.0/src/rp2_common/pico_mem_ops/mem_ops_aeabi.S.obj
                0x20000270                aeabi_mem_funcs
                0x20000280                aeabi_mem_funcs_end
 .data.i2c0_inst
                0x20000280        0x8 CMakeFiles/pi_pico.dir/C_/Users/chunc/.pico-sdk/sdk/2.0.0/src/rp2_common/hardware_i2c/i2c.c.obj
                0x20000280                i2c0_inst
                0x20000288                        . = ALIGN (0x4)
 *(.after_data.*)
                0x20000288                        . = ALIGN (0x4)
                0x20000288                        PROVIDE (__mutex_array_start = .)
 *(SORT_BY_NAME(.mutex_array.*))
 *(.mutex_array)
 .mutex_array   0x20000288        0x8 CMakeFiles/pi_pico.dir/C_/Users/chunc/.pico-sdk/sdk/2.0.0/src/rp2_common/pico_malloc/malloc.c.obj
 .mutex_array   0x20000290        0x8 CMakeFiles/pi_pico.dir/C_/Users/chunc/.pico-sdk/sdk/2.0.0/src/rp2_common/pico_stdio/stdio.c.obj
                0x20000298                        PROVIDE (__mutex_array_end = .)
                0x20000298                        . = ALIGN (0x4)
 *(.jcr)
                0x20000298                        . = ALIGN (0x4)

.tm_clone_table
                0x20000298        0x0 load address 0x10004804
 .tm_clone_table
                0x20000298        0x0 C:/Users/chunc/.pico-sdk/toolchain/13_2_Rel1/bin/../lib/gcc/arm-none-eabi/13.2.1/thumb/v6-m/nofp/crtbegin.o
 .tm_clone_table
                0x20000298        0x0 C:/Users/chunc/.pico-sdk/toolchain/13_2_Rel1/bin/../lib/gcc/arm-none-eabi/13.2.1/thumb/v6-m/nofp/crtend.o

.igot.plt       0x20000298        0x0 load address 0x10004804
 .igot.plt      0x20000298        0x0 C:/Users/chunc/.pico-sdk/toolchain/13_2_Rel1/bin/../lib/gcc/arm-none-eabi/13.2.1/thumb/v6-m/nofp/crtbegin.o

.tdata          0x20000298        0x0 load address 0x10004804
                0x20000298                        . = ALIGN (0x4)
 *(.tdata .tdata.* .gnu.linkonce.td.*)
                0x20000298                        __tdata_end = .
                0x20000298                        PROVIDE (__data_end__ = .)
                0x1000462c                        __etext = LOADADDR (.data)

.tbss           0x20000298        0x0 load address 0x10004804
                0x20000298                        . = ALIGN (0x4)
                0x20000298                        __bss_start__ = .
                0x20000298                        __tls_base = .
 *(.tbss .tbss.* .gnu.linkonce.tb.*)
 *(.tcommon)
                0x20000298                        __tls_end = .

.bss            0x20000298      0x3f0 load address 0x10004804
                0x20000298                        . = ALIGN (0x4)
                0x20000298                        __tbss_end = .
 *(SORT_BY_ALIGNMENT(SORT_BY_NAME(.bss*)))
 .bss.default_alarm_pool_entries
                0x20000298      0x180 CMakeFiles/pi_pico.dir/C_/Users/chunc/.pico-sdk/sdk/2.0.0/src/common/pico_time/time.c.obj
 .bss.claimed   0x20000418        0x1 CMakeFiles/pi_pico.dir/C_/Users/chunc/.pico-sdk/sdk/2.0.0/src/rp2_common/hardware_timer/timer.c.obj
 *fill*         0x20000419        0x3 
 .bss.cmd_value
                0x2000041c        0x3 CMakeFiles/pi_pico.dir/pi_pico.c.obj
                0x2000041c                cmd_value
 *fill*         0x2000041f        0x1 
 .bss.configured_freq
                0x20000420       0x28 CMakeFiles/pi_pico.dir/C_/Users/chunc/.pico-sdk/sdk/2.0.0/src/rp2_common/hardware_clocks/clocks.c.obj
 .bss.drivers   0x20000448        0x4 CMakeFiles/pi_pico.dir/C_/Users/chunc/.pico-sdk/sdk/2.0.0/src/rp2_common/pico_stdio/stdio.c.obj
 .bss.filter    0x2000044c        0x4 CMakeFiles/pi_pico.dir/C_/Users/chunc/.pico-sdk/sdk/2.0.0/src/rp2_common/pico_stdio/stdio.c.obj
 .bss.object.0  0x20000450       0x18 C:/Users/chunc/.pico-sdk/toolchain/13_2_Rel1/bin/../lib/gcc/arm-none-eabi/13.2.1/thumb/v6-m/nofp/crtbegin.o
 .bss.pools     0x20000468       0x10 CMakeFiles/pi_pico.dir/C_/Users/chunc/.pico-sdk/sdk/2.0.0/src/common/pico_time/time.c.obj
 .bss.sd_table  0x20000478      0x100 CMakeFiles/pi_pico.dir/C_/Users/chunc/.pico-sdk/sdk/2.0.0/src/rp2_common/pico_double/double_init_rom_rp2040.c.obj
                0x20000478                sd_table
 .bss.sf_clz_func
                0x20000578        0x4 CMakeFiles/pi_pico.dir/C_/Users/chunc/.pico-sdk/sdk/2.0.0/src/rp2_common/pico_double/double_init_rom_rp2040.c.obj
                0x20000578                sf_clz_func
 .bss.sf_table  0x2000057c      0x100 CMakeFiles/pi_pico.dir/C_/Users/chunc/.pico-sdk/sdk/2.0.0/src/rp2_common/pico_float/float_init_rom_rp2040.c.obj
                0x2000057c                sf_table
 .bss.sleep_notifier
                0x2000067c        0x4 CMakeFiles/pi_pico.dir/C_/Users/chunc/.pico-sdk/sdk/2.0.0/src/common/pico_time/time.c.obj
 .bss.uart_char_to_line_feed
                0x20000680        0x4 CMakeFiles/pi_pico.dir/C_/Users/chunc/.pico-sdk/sdk/2.0.0/src/rp2_common/hardware_uart/uart.c.obj
                0x20000680                uart_char_to_line_feed
 .bss.cmd_type  0x20000684        0x1 CMakeFiles/pi_pico.dir/pi_pico.c.obj
                0x20000684                cmd_type
 *(COMMON)
                0x20000688                        . = ALIGN (0x4)
 *fill*         0x20000685        0x3 
                0x20000688                        __bss_end__ = .

.heap           0x20000688    0x3f978 load address 0x10004804
                0x20000688                        __end__ = .
                0x20000688                        end = __end__
 *(.heap*)
 .heap          0x20000688      0x800 CMakeFiles/pi_pico.dir/C_/Users/chunc/.pico-sdk/sdk/2.0.0/src/rp2_common/pico_crt0/crt0.S.obj
                0x20040000                        . = (ORIGIN (RAM) + LENGTH (RAM))
 *fill*         0x20000e88    0x3f178 
                0x20040000                        __HeapLimit = .

.scratch_x      0x20040000        0x0 load address 0x10004804
                0x20040000                        __scratch_x_start__ = .
 *(.scratch_x.*)
                0x20040000                        . = ALIGN (0x4)
                0x20040000                        __scratch_x_end__ = .
                0x10004804                        __scratch_x_source__ = LOADADDR (.scratch_x)

.scratch_y      0x20041000        0x0 load address 0x10004804
                0x20041000                        __scratch_y_start__ = .
 *(.scratch_y.*)
                0x20041000                        . = ALIGN (0x4)
                0x20041000                        __scratch_y_end__ = .
                0x10004804                        __scratch_y_source__ = LOADADDR (.scratch_y)

.stack1_dummy   0x20040000      0x800
 *(.stack1*)
 .stack1        0x20040000      0x800 CMakeFiles/pi_pico.dir/C_/Users/chunc/.pico-sdk/sdk/2.0.0/src/rp2_common/pico_multicore/multicore.c.obj

.stack_dummy    0x20041000      0x800
 *(.stack*)
 .stack         0x20041000      0x800 CMakeFiles/pi_pico.dir/C_/Users/chunc/.pico-sdk/sdk/2.0.0/src/rp2_common/pico_crt0/crt0.S.obj

.flash_end      0x10004804        0x0
 *(.embedded_end_block*)
                0x10004804                        PROVIDE (__flash_binary_end = .)
                0x20040000                        __StackLimit = (ORIGIN (RAM) + LENGTH (RAM))
                0x20041000                        __StackOneTop = (ORIGIN (SCRATCH_X) + LENGTH (SCRATCH_X))
                0x20042000                        __StackTop = (ORIGIN (SCRATCH_Y) + LENGTH (SCRATCH_Y))
                0x20040800                        __StackOneBottom = (__StackOneTop - SIZEOF (.stack1_dummy))
                0x20041800                        __StackBottom = (__StackTop - SIZEOF (.stack_dummy))
                0x20042000                        PROVIDE (__stack = __StackTop)
                [!provide]                        PROVIDE (__heap_start = __end__)
                [!provide]                        PROVIDE (__heap_end = __HeapLimit)
                [!provide]                        PROVIDE (__tls_align = MAX (ALIGNOF (.tdata), ALIGNOF (.tbss)))
                [!provide]                        PROVIDE (__tls_size_align = (((__tls_size + __tls_align) - 0x1) & ~ ((__tls_align - 0x1))))
                [!provide]                        PROVIDE (__arm32_tls_tcb_offset = MAX (0x8, __tls_align))
                [!provide]                        PROVIDE (_end = __end__)
                [!provide]                        PROVIDE (__llvm_libc_heap_limit = __HeapLimit)
                0x00000001                        ASSERT ((__StackLimit >= __HeapLimit), region RAM overflowed)
                0x00000001                        ASSERT (((__binary_info_header_end - __logical_binary_start) <= 0x100), Binary info must be in first 256 bytes of the binary)
LOAD CMakeFiles/pi_pico.dir/pi_pico.c.obj
LOAD CMakeFiles/pi_pico.dir/C_/Users/chunc/.pico-sdk/sdk/2.0.0/src/rp2_common/pico_stdlib/stdlib.c.obj
LOAD CMakeFiles/pi_pico.dir/C_/Users/chunc/.pico-sdk/sdk/2.0.0/src/rp2_common/hardware_gpio/gpio.c.obj
LOAD CMakeFiles/pi_pico.dir/C_/Users/chunc/.pico-sdk/sdk/2.0.0/src/rp2040/pico_platform/platform.c.obj
LOAD CMakeFiles/pi_pico.dir/C_/Users/chunc/.pico-sdk/sdk/2.0.0/src/rp2_common/pico_platform_panic/panic.c.obj
LOAD CMakeFiles/pi_pico.dir/C_/Users/chunc/.pico-sdk/sdk/2.0.0/src/common/hardware_claim/claim.c.obj
LOAD CMakeFiles/pi_pico.dir/C_/Users/chunc/.pico-sdk/sdk/2.0.0/src/rp2_common/hardware_sync/sync.c.obj
LOAD CMakeFiles/pi_pico.dir/C_/Users/chunc/.pico-sdk/sdk/2.0.0/src/rp2_common/hardware_sync_spin_lock/sync_spin_lock.c.obj
LOAD CMakeFiles/pi_pico.dir/C_/Users/chunc/.pico-sdk/sdk/2.0.0/src/rp2_common/hardware_irq/irq.c.obj
LOAD CMakeFiles/pi_pico.dir/C_/Users/chunc/.pico-sdk/sdk/2.0.0/src/rp2_common/hardware_irq/irq_handler_chain.S.obj
LOAD CMakeFiles/pi_pico.dir/C_/Users/chunc/.pico-sdk/sdk/2.0.0/src/common/pico_sync/sem.c.obj
LOAD CMakeFiles/pi_pico.dir/C_/Users/chunc/.pico-sdk/sdk/2.0.0/src/common/pico_sync/lock_core.c.obj
LOAD CMakeFiles/pi_pico.dir/C_/Users/chunc/.pico-sdk/sdk/2.0.0/src/common/pico_sync/mutex.c.obj
LOAD CMakeFiles/pi_pico.dir/C_/Users/chunc/.pico-sdk/sdk/2.0.0/src/common/pico_sync/critical_section.c.obj
LOAD CMakeFiles/pi_pico.dir/C_/Users/chunc/.pico-sdk/sdk/2.0.0/src/common/pico_time/time.c.obj
LOAD CMakeFiles/pi_pico.dir/C_/Users/chunc/.pico-sdk/sdk/2.0.0/src/common/pico_time/timeout_helper.c.obj
LOAD CMakeFiles/pi_pico.dir/C_/Users/chunc/.pico-sdk/sdk/2.0.0/src/rp2_common/hardware_timer/timer.c.obj
LOAD CMakeFiles/pi_pico.dir/C_/Users/chunc/.pico-sdk/sdk/2.0.0/src/common/pico_util/datetime.c.obj
LOAD CMakeFiles/pi_pico.dir/C_/Users/chunc/.pico-sdk/sdk/2.0.0/src/common/pico_util/pheap.c.obj
LOAD CMakeFiles/pi_pico.dir/C_/Users/chunc/.pico-sdk/sdk/2.0.0/src/common/pico_util/queue.c.obj
LOAD CMakeFiles/pi_pico.dir/C_/Users/chunc/.pico-sdk/sdk/2.0.0/src/rp2_common/hardware_uart/uart.c.obj
LOAD CMakeFiles/pi_pico.dir/C_/Users/chunc/.pico-sdk/sdk/2.0.0/src/rp2_common/hardware_clocks/clocks.c.obj
LOAD CMakeFiles/pi_pico.dir/C_/Users/chunc/.pico-sdk/sdk/2.0.0/src/rp2_common/hardware_pll/pll.c.obj
LOAD CMakeFiles/pi_pico.dir/C_/Users/chunc/.pico-sdk/sdk/2.0.0/src/rp2_common/hardware_vreg/vreg.c.obj
LOAD CMakeFiles/pi_pico.dir/C_/Users/chunc/.pico-sdk/sdk/2.0.0/src/rp2_common/hardware_watchdog/watchdog.c.obj
LOAD CMakeFiles/pi_pico.dir/C_/Users/chunc/.pico-sdk/sdk/2.0.0/src/rp2_common/hardware_ticks/ticks.c.obj
LOAD CMakeFiles/pi_pico.dir/C_/Users/chunc/.pico-sdk/sdk/2.0.0/src/rp2_common/hardware_xosc/xosc.c.obj
LOAD CMakeFiles/pi_pico.dir/C_/Users/chunc/.pico-sdk/sdk/2.0.0/src/rp2_common/hardware_divider/divider.S.obj
LOAD CMakeFiles/pi_pico.dir/C_/Users/chunc/.pico-sdk/sdk/2.0.0/src/rp2_common/pico_runtime/runtime.c.obj
LOAD CMakeFiles/pi_pico.dir/C_/Users/chunc/.pico-sdk/sdk/2.0.0/src/rp2_common/pico_runtime_init/runtime_init.c.obj
LOAD CMakeFiles/pi_pico.dir/C_/Users/chunc/.pico-sdk/sdk/2.0.0/src/rp2_common/pico_runtime_init/runtime_init_clocks.c.obj
LOAD CMakeFiles/pi_pico.dir/C_/Users/chunc/.pico-sdk/sdk/2.0.0/src/rp2_common/pico_runtime_init/runtime_init_stack_guard.c.obj
LOAD CMakeFiles/pi_pico.dir/C_/Users/chunc/.pico-sdk/sdk/2.0.0/src/rp2_common/pico_bit_ops/bit_ops_aeabi.S.obj
LOAD CMakeFiles/pi_pico.dir/C_/Users/chunc/.pico-sdk/sdk/2.0.0/src/rp2_common/pico_bootrom/bootrom.c.obj
LOAD CMakeFiles/pi_pico.dir/C_/Users/chunc/.pico-sdk/sdk/2.0.0/src/rp2_common/pico_bootrom/bootrom_lock.c.obj
LOAD CMakeFiles/pi_pico.dir/C_/Users/chunc/.pico-sdk/sdk/2.0.0/src/rp2_common/hardware_boot_lock/boot_lock.c.obj
LOAD CMakeFiles/pi_pico.dir/C_/Users/chunc/.pico-sdk/sdk/2.0.0/src/rp2_common/pico_divider/divider_hardware.S.obj
LOAD CMakeFiles/pi_pico.dir/C_/Users/chunc/.pico-sdk/sdk/2.0.0/src/rp2_common/pico_double/double_aeabi_rp2040.S.obj
LOAD CMakeFiles/pi_pico.dir/C_/Users/chunc/.pico-sdk/sdk/2.0.0/src/rp2_common/pico_double/double_init_rom_rp2040.c.obj
LOAD CMakeFiles/pi_pico.dir/C_/Users/chunc/.pico-sdk/sdk/2.0.0/src/rp2_common/pico_double/double_math.c.obj
LOAD CMakeFiles/pi_pico.dir/C_/Users/chunc/.pico-sdk/sdk/2.0.0/src/rp2_common/pico_double/double_v1_rom_shim_rp2040.S.obj
LOAD CMakeFiles/pi_pico.dir/C_/Users/chunc/.pico-sdk/sdk/2.0.0/src/rp2_common/pico_int64_ops/pico_int64_ops_aeabi.S.obj
LOAD CMakeFiles/pi_pico.dir/C_/Users/chunc/.pico-sdk/sdk/2.0.0/src/rp2_common/pico_float/float_aeabi_rp2040.S.obj
LOAD CMakeFiles/pi_pico.dir/C_/Users/chunc/.pico-sdk/sdk/2.0.0/src/rp2_common/pico_float/float_init_rom_rp2040.c.obj
LOAD CMakeFiles/pi_pico.dir/C_/Users/chunc/.pico-sdk/sdk/2.0.0/src/rp2_common/pico_float/float_math.c.obj
LOAD CMakeFiles/pi_pico.dir/C_/Users/chunc/.pico-sdk/sdk/2.0.0/src/rp2_common/pico_float/float_v1_rom_shim_rp2040.S.obj
LOAD CMakeFiles/pi_pico.dir/C_/Users/chunc/.pico-sdk/sdk/2.0.0/src/rp2_common/pico_malloc/malloc.c.obj
LOAD CMakeFiles/pi_pico.dir/C_/Users/chunc/.pico-sdk/sdk/2.0.0/src/rp2_common/pico_mem_ops/mem_ops_aeabi.S.obj
LOAD CMakeFiles/pi_pico.dir/C_/Users/chunc/.pico-sdk/sdk/2.0.0/src/rp2_common/pico_atomic/atomic.c.obj
LOAD CMakeFiles/pi_pico.dir/C_/Users/chunc/.pico-sdk/sdk/2.0.0/src/rp2_common/pico_cxx_options/new_delete.cpp.obj
LOAD CMakeFiles/pi_pico.dir/C_/Users/chunc/.pico-sdk/sdk/2.0.0/src/rp2_common/pico_standard_binary_info/standard_binary_info.c.obj
LOAD CMakeFiles/pi_pico.dir/C_/Users/chunc/.pico-sdk/sdk/2.0.0/src/rp2_common/pico_printf/printf.c.obj
LOAD CMakeFiles/pi_pico.dir/C_/Users/chunc/.pico-sdk/sdk/2.0.0/src/rp2_common/pico_crt0/crt0.S.obj
LOAD CMakeFiles/pi_pico.dir/C_/Users/chunc/.pico-sdk/sdk/2.0.0/src/rp2_common/pico_clib_interface/newlib_interface.c.obj
LOAD CMakeFiles/pi_pico.dir/C_/Users/chunc/.pico-sdk/sdk/2.0.0/src/rp2_common/pico_stdio/stdio.c.obj
LOAD CMakeFiles/pi_pico.dir/C_/Users/chunc/.pico-sdk/sdk/2.0.0/src/rp2_common/hardware_i2c/i2c.c.obj
LOAD CMakeFiles/pi_pico.dir/C_/Users/chunc/.pico-sdk/sdk/2.0.0/src/rp2_common/pico_multicore/multicore.c.obj
LOAD C:\Users\chunc\AppData\Local\Temp\ccaTG1kK.o
LOAD C:/Users/chunc/.pico-sdk/toolchain/13_2_Rel1/bin/../lib/gcc/arm-none-eabi/13.2.1/thumb/v6-m/nofp\libstdc++.a
LOAD C:/Users/chunc/.pico-sdk/toolchain/13_2_Rel1/bin/../lib/gcc/arm-none-eabi/13.2.1/thumb/v6-m/nofp\libm.a
START GROUP
LOAD C:/Users/chunc/.pico-sdk/toolchain/13_2_Rel1/bin/../lib/gcc/arm-none-eabi/13.2.1/thumb/v6-m/nofp\libgcc.a
LOAD C:/Users/chunc/.pico-sdk/toolchain/13_2_Rel1/bin/../lib/gcc/arm-none-eabi/13.2.1/thumb/v6-m/nofp\libg.a
LOAD C:/Users/chunc/.pico-sdk/toolchain/13_2_Rel1/bin/../lib/gcc/arm-none-eabi/13.2.1/thumb/v6-m/nofp\libc.a
END GROUP
START GROUP
LOAD C:/Users/chunc/.pico-sdk/toolchain/13_2_Rel1/bin/../lib/gcc/arm-none-eabi/13.2.1/thumb/v6-m/nofp\libgcc.a
LOAD C:/Users/chunc/.pico-sdk/toolchain/13_2_Rel1/bin/../lib/gcc/arm-none-eabi/13.2.1/thumb/v6-m/nofp\libc.a
LOAD C:/Users/chunc/.pico-sdk/toolchain/13_2_Rel1/bin/../lib/gcc/arm-none-eabi/13.2.1/thumb/v6-m/nofp\libnosys.a
END GROUP
LOAD C:/Users/chunc/.pico-sdk/toolchain/13_2_Rel1/bin/../lib/gcc/arm-none-eabi/13.2.1/thumb/v6-m/nofp/crtend.o
LOAD C:/Users/chunc/.pico-sdk/toolchain/13_2_Rel1/bin/../lib/gcc/arm-none-eabi/13.2.1/thumb/v6-m/nofp/crtn.o
OUTPUT(pi_pico.elf elf32-littlearm)
LOAD linker stubs

.ARM.attributes
                0x00000000       0x28
 .ARM.attributes
                0x00000000       0x1e C:/Users/chunc/.pico-sdk/toolchain/13_2_Rel1/bin/../lib/gcc/arm-none-eabi/13.2.1/thumb/v6-m/nofp/crti.o
 .ARM.attributes
                0x0000001e       0x2c C:/Users/chunc/.pico-sdk/toolchain/13_2_Rel1/bin/../lib/gcc/arm-none-eabi/13.2.1/thumb/v6-m/nofp/crtbegin.o
 .ARM.attributes
                0x0000004a       0x2c CMakeFiles/pi_pico.dir/pi_pico.c.obj
 .ARM.attributes
                0x00000076       0x2c CMakeFiles/pi_pico.dir/C_/Users/chunc/.pico-sdk/sdk/2.0.0/src/rp2_common/hardware_gpio/gpio.c.obj
 .ARM.attributes
                0x000000a2       0x2c CMakeFiles/pi_pico.dir/C_/Users/chunc/.pico-sdk/sdk/2.0.0/src/rp2_common/pico_platform_panic/panic.c.obj
 .ARM.attributes
                0x000000ce       0x2c CMakeFiles/pi_pico.dir/C_/Users/chunc/.pico-sdk/sdk/2.0.0/src/common/hardware_claim/claim.c.obj
 .ARM.attributes
                0x000000fa       0x2c CMakeFiles/pi_pico.dir/C_/Users/chunc/.pico-sdk/sdk/2.0.0/src/rp2_common/hardware_sync/sync.c.obj
 .ARM.attributes
                0x00000126       0x2c CMakeFiles/pi_pico.dir/C_/Users/chunc/.pico-sdk/sdk/2.0.0/src/rp2_common/hardware_sync_spin_lock/sync_spin_lock.c.obj
 .ARM.attributes
                0x00000152       0x2c CMakeFiles/pi_pico.dir/C_/Users/chunc/.pico-sdk/sdk/2.0.0/src/rp2_common/hardware_irq/irq.c.obj
 .ARM.attributes
                0x0000017e       0x2c CMakeFiles/pi_pico.dir/C_/Users/chunc/.pico-sdk/sdk/2.0.0/src/common/pico_sync/lock_core.c.obj
 .ARM.attributes
                0x000001aa       0x2c CMakeFiles/pi_pico.dir/C_/Users/chunc/.pico-sdk/sdk/2.0.0/src/common/pico_sync/mutex.c.obj
 .ARM.attributes
                0x000001d6       0x2c CMakeFiles/pi_pico.dir/C_/Users/chunc/.pico-sdk/sdk/2.0.0/src/common/pico_time/time.c.obj
 .ARM.attributes
                0x00000202       0x2c CMakeFiles/pi_pico.dir/C_/Users/chunc/.pico-sdk/sdk/2.0.0/src/rp2_common/hardware_timer/timer.c.obj
 .ARM.attributes
                0x0000022e       0x2c CMakeFiles/pi_pico.dir/C_/Users/chunc/.pico-sdk/sdk/2.0.0/src/rp2_common/hardware_uart/uart.c.obj
 .ARM.attributes
                0x0000025a       0x2c CMakeFiles/pi_pico.dir/C_/Users/chunc/.pico-sdk/sdk/2.0.0/src/rp2_common/hardware_clocks/clocks.c.obj
 .ARM.attributes
                0x00000286       0x2c CMakeFiles/pi_pico.dir/C_/Users/chunc/.pico-sdk/sdk/2.0.0/src/rp2_common/hardware_pll/pll.c.obj
 .ARM.attributes
                0x000002b2       0x2c CMakeFiles/pi_pico.dir/C_/Users/chunc/.pico-sdk/sdk/2.0.0/src/rp2_common/hardware_ticks/ticks.c.obj
 .ARM.attributes
                0x000002de       0x2c CMakeFiles/pi_pico.dir/C_/Users/chunc/.pico-sdk/sdk/2.0.0/src/rp2_common/hardware_xosc/xosc.c.obj
 .ARM.attributes
                0x0000030a       0x2c CMakeFiles/pi_pico.dir/C_/Users/chunc/.pico-sdk/sdk/2.0.0/src/rp2_common/pico_runtime/runtime.c.obj
 .ARM.attributes
                0x00000336       0x2c CMakeFiles/pi_pico.dir/C_/Users/chunc/.pico-sdk/sdk/2.0.0/src/rp2_common/pico_runtime_init/runtime_init.c.obj
 .ARM.attributes
                0x00000362       0x2c CMakeFiles/pi_pico.dir/C_/Users/chunc/.pico-sdk/sdk/2.0.0/src/rp2_common/pico_runtime_init/runtime_init_clocks.c.obj
 .ARM.attributes
                0x0000038e       0x22 CMakeFiles/pi_pico.dir/C_/Users/chunc/.pico-sdk/sdk/2.0.0/src/rp2_common/pico_bit_ops/bit_ops_aeabi.S.obj
 .ARM.attributes
                0x000003b0       0x2c CMakeFiles/pi_pico.dir/C_/Users/chunc/.pico-sdk/sdk/2.0.0/src/rp2_common/pico_bootrom/bootrom.c.obj
 .ARM.attributes
                0x000003dc       0x22 CMakeFiles/pi_pico.dir/C_/Users/chunc/.pico-sdk/sdk/2.0.0/src/rp2_common/pico_divider/divider_hardware.S.obj
 .ARM.attributes
                0x000003fe       0x22 CMakeFiles/pi_pico.dir/C_/Users/chunc/.pico-sdk/sdk/2.0.0/src/rp2_common/pico_double/double_aeabi_rp2040.S.obj
 .ARM.attributes
                0x00000420       0x2c CMakeFiles/pi_pico.dir/C_/Users/chunc/.pico-sdk/sdk/2.0.0/src/rp2_common/pico_double/double_init_rom_rp2040.c.obj
 .ARM.attributes
                0x0000044c       0x22 CMakeFiles/pi_pico.dir/C_/Users/chunc/.pico-sdk/sdk/2.0.0/src/rp2_common/pico_double/double_v1_rom_shim_rp2040.S.obj
 .ARM.attributes
                0x0000046e       0x22 CMakeFiles/pi_pico.dir/C_/Users/chunc/.pico-sdk/sdk/2.0.0/src/rp2_common/pico_int64_ops/pico_int64_ops_aeabi.S.obj
 .ARM.attributes
                0x00000490       0x22 CMakeFiles/pi_pico.dir/C_/Users/chunc/.pico-sdk/sdk/2.0.0/src/rp2_common/pico_float/float_aeabi_rp2040.S.obj
 .ARM.attributes
                0x000004b2       0x2c CMakeFiles/pi_pico.dir/C_/Users/chunc/.pico-sdk/sdk/2.0.0/src/rp2_common/pico_float/float_init_rom_rp2040.c.obj
 .ARM.attributes
                0x000004de       0x22 CMakeFiles/pi_pico.dir/C_/Users/chunc/.pico-sdk/sdk/2.0.0/src/rp2_common/pico_float/float_v1_rom_shim_rp2040.S.obj
 .ARM.attributes
                0x00000500       0x2c CMakeFiles/pi_pico.dir/C_/Users/chunc/.pico-sdk/sdk/2.0.0/src/rp2_common/pico_malloc/malloc.c.obj
 .ARM.attributes
                0x0000052c       0x22 CMakeFiles/pi_pico.dir/C_/Users/chunc/.pico-sdk/sdk/2.0.0/src/rp2_common/pico_mem_ops/mem_ops_aeabi.S.obj
 .ARM.attributes
                0x0000054e       0x2c CMakeFiles/pi_pico.dir/C_/Users/chunc/.pico-sdk/sdk/2.0.0/src/rp2_common/pico_standard_binary_info/standard_binary_info.c.obj
 .ARM.attributes
                0x0000057a       0x2c CMakeFiles/pi_pico.dir/C_/Users/chunc/.pico-sdk/sdk/2.0.0/src/rp2_common/pico_printf/printf.c.obj
 .ARM.attributes
                0x000005a6       0x22 CMakeFiles/pi_pico.dir/C_/Users/chunc/.pico-sdk/sdk/2.0.0/src/rp2_common/pico_crt0/crt0.S.obj
 .ARM.attributes
                0x000005c8       0x2c CMakeFiles/pi_pico.dir/C_/Users/chunc/.pico-sdk/sdk/2.0.0/src/rp2_common/pico_clib_interface/newlib_interface.c.obj
 .ARM.attributes
                0x000005f4       0x2c CMakeFiles/pi_pico.dir/C_/Users/chunc/.pico-sdk/sdk/2.0.0/src/rp2_common/pico_stdio/stdio.c.obj
 .ARM.attributes
                0x00000620       0x2c CMakeFiles/pi_pico.dir/C_/Users/chunc/.pico-sdk/sdk/2.0.0/src/rp2_common/hardware_i2c/i2c.c.obj
 .ARM.attributes
                0x0000064c       0x2c CMakeFiles/pi_pico.dir/C_/Users/chunc/.pico-sdk/sdk/2.0.0/src/rp2_common/pico_multicore/multicore.c.obj
 .ARM.attributes
                0x00000678       0x22 C:\Users\chunc\AppData\Local\Temp\ccaTG1kK.o
 .ARM.attributes
                0x0000069a       0x1e C:/Users/chunc/.pico-sdk/toolchain/13_2_Rel1/bin/../lib/gcc/arm-none-eabi/13.2.1/thumb/v6-m/nofp\libgcc.a(_dvmd_tls.o)
 .ARM.attributes
                0x000006b8       0x1b C:/Users/chunc/.pico-sdk/toolchain/13_2_Rel1/bin/../lib/gcc/arm-none-eabi/13.2.1/thumb/v6-m/nofp\libg.a(libc_a-strcmp.o)
 .ARM.attributes
                0x000006d3       0x2c C:/Users/chunc/.pico-sdk/toolchain/13_2_Rel1/bin/../lib/gcc/arm-none-eabi/13.2.1/thumb/v6-m/nofp\libg.a(libc_a-strlen-stub.o)
 .ARM.attributes
                0x000006ff       0x2c C:/Users/chunc/.pico-sdk/toolchain/13_2_Rel1/bin/../lib/gcc/arm-none-eabi/13.2.1/thumb/v6-m/nofp/crtend.o

.comment        0x00000000       0x44
 .comment       0x00000000       0x44 CMakeFiles/pi_pico.dir/pi_pico.c.obj
                                 0x45 (size before relaxing)
 .comment       0x00000044       0x45 CMakeFiles/pi_pico.dir/C_/Users/chunc/.pico-sdk/sdk/2.0.0/src/rp2_common/hardware_gpio/gpio.c.obj
 .comment       0x00000044       0x45 CMakeFiles/pi_pico.dir/C_/Users/chunc/.pico-sdk/sdk/2.0.0/src/rp2_common/pico_platform_panic/panic.c.obj
 .comment       0x00000044       0x45 CMakeFiles/pi_pico.dir/C_/Users/chunc/.pico-sdk/sdk/2.0.0/src/common/hardware_claim/claim.c.obj
 .comment       0x00000044       0x45 CMakeFiles/pi_pico.dir/C_/Users/chunc/.pico-sdk/sdk/2.0.0/src/rp2_common/hardware_sync/sync.c.obj
 .comment       0x00000044       0x45 CMakeFiles/pi_pico.dir/C_/Users/chunc/.pico-sdk/sdk/2.0.0/src/rp2_common/hardware_sync_spin_lock/sync_spin_lock.c.obj
 .comment       0x00000044       0x45 CMakeFiles/pi_pico.dir/C_/Users/chunc/.pico-sdk/sdk/2.0.0/src/rp2_common/hardware_irq/irq.c.obj
 .comment       0x00000044       0x45 CMakeFiles/pi_pico.dir/C_/Users/chunc/.pico-sdk/sdk/2.0.0/src/common/pico_sync/lock_core.c.obj
 .comment       0x00000044       0x45 CMakeFiles/pi_pico.dir/C_/Users/chunc/.pico-sdk/sdk/2.0.0/src/common/pico_sync/mutex.c.obj
 .comment       0x00000044       0x45 CMakeFiles/pi_pico.dir/C_/Users/chunc/.pico-sdk/sdk/2.0.0/src/common/pico_time/time.c.obj
 .comment       0x00000044       0x45 CMakeFiles/pi_pico.dir/C_/Users/chunc/.pico-sdk/sdk/2.0.0/src/rp2_common/hardware_timer/timer.c.obj
 .comment       0x00000044       0x45 CMakeFiles/pi_pico.dir/C_/Users/chunc/.pico-sdk/sdk/2.0.0/src/rp2_common/hardware_uart/uart.c.obj
 .comment       0x00000044       0x45 CMakeFiles/pi_pico.dir/C_/Users/chunc/.pico-sdk/sdk/2.0.0/src/rp2_common/hardware_clocks/clocks.c.obj
 .comment       0x00000044       0x45 CMakeFiles/pi_pico.dir/C_/Users/chunc/.pico-sdk/sdk/2.0.0/src/rp2_common/hardware_pll/pll.c.obj
 .comment       0x00000044       0x45 CMakeFiles/pi_pico.dir/C_/Users/chunc/.pico-sdk/sdk/2.0.0/src/rp2_common/hardware_ticks/ticks.c.obj
 .comment       0x00000044       0x45 CMakeFiles/pi_pico.dir/C_/Users/chunc/.pico-sdk/sdk/2.0.0/src/rp2_common/hardware_xosc/xosc.c.obj
 .comment       0x00000044       0x45 CMakeFiles/pi_pico.dir/C_/Users/chunc/.pico-sdk/sdk/2.0.0/src/rp2_common/pico_runtime/runtime.c.obj
 .comment       0x00000044       0x45 CMakeFiles/pi_pico.dir/C_/Users/chunc/.pico-sdk/sdk/2.0.0/src/rp2_common/pico_runtime_init/runtime_init.c.obj
 .comment       0x00000044       0x45 CMakeFiles/pi_pico.dir/C_/Users/chunc/.pico-sdk/sdk/2.0.0/src/rp2_common/pico_runtime_init/runtime_init_clocks.c.obj
 .comment       0x00000044       0x45 CMakeFiles/pi_pico.dir/C_/Users/chunc/.pico-sdk/sdk/2.0.0/src/rp2_common/pico_bootrom/bootrom.c.obj
 .comment       0x00000044       0x45 CMakeFiles/pi_pico.dir/C_/Users/chunc/.pico-sdk/sdk/2.0.0/src/rp2_common/pico_double/double_init_rom_rp2040.c.obj
 .comment       0x00000044       0x45 CMakeFiles/pi_pico.dir/C_/Users/chunc/.pico-sdk/sdk/2.0.0/src/rp2_common/pico_float/float_init_rom_rp2040.c.obj
 .comment       0x00000044       0x45 CMakeFiles/pi_pico.dir/C_/Users/chunc/.pico-sdk/sdk/2.0.0/src/rp2_common/pico_malloc/malloc.c.obj
 .comment       0x00000044       0x45 CMakeFiles/pi_pico.dir/C_/Users/chunc/.pico-sdk/sdk/2.0.0/src/rp2_common/pico_standard_binary_info/standard_binary_info.c.obj
 .comment       0x00000044       0x45 CMakeFiles/pi_pico.dir/C_/Users/chunc/.pico-sdk/sdk/2.0.0/src/rp2_common/pico_printf/printf.c.obj
 .comment       0x00000044       0x45 CMakeFiles/pi_pico.dir/C_/Users/chunc/.pico-sdk/sdk/2.0.0/src/rp2_common/pico_clib_interface/newlib_interface.c.obj
 .comment       0x00000044       0x45 CMakeFiles/pi_pico.dir/C_/Users/chunc/.pico-sdk/sdk/2.0.0/src/rp2_common/pico_stdio/stdio.c.obj
 .comment       0x00000044       0x45 CMakeFiles/pi_pico.dir/C_/Users/chunc/.pico-sdk/sdk/2.0.0/src/rp2_common/hardware_i2c/i2c.c.obj
 .comment       0x00000044       0x45 CMakeFiles/pi_pico.dir/C_/Users/chunc/.pico-sdk/sdk/2.0.0/src/rp2_common/pico_multicore/multicore.c.obj

.debug_info     0x00000000    0x19314
 .debug_info    0x00000000     0x1410 CMakeFiles/pi_pico.dir/pi_pico.c.obj
 .debug_info    0x00001410     0x1d3f CMakeFiles/pi_pico.dir/C_/Users/chunc/.pico-sdk/sdk/2.0.0/src/rp2_common/hardware_gpio/gpio.c.obj
 .debug_info    0x0000314f      0x1b4 CMakeFiles/pi_pico.dir/C_/Users/chunc/.pico-sdk/sdk/2.0.0/src/rp2_common/pico_platform_panic/panic.c.obj
 .debug_info    0x00003303      0x6b1 CMakeFiles/pi_pico.dir/C_/Users/chunc/.pico-sdk/sdk/2.0.0/src/common/hardware_claim/claim.c.obj
 .debug_info    0x000039b4      0x465 CMakeFiles/pi_pico.dir/C_/Users/chunc/.pico-sdk/sdk/2.0.0/src/rp2_common/hardware_sync/sync.c.obj
 .debug_info    0x00003e19      0x2f7 CMakeFiles/pi_pico.dir/C_/Users/chunc/.pico-sdk/sdk/2.0.0/src/rp2_common/hardware_sync_spin_lock/sync_spin_lock.c.obj
 .debug_info    0x00004110     0x1fe9 CMakeFiles/pi_pico.dir/C_/Users/chunc/.pico-sdk/sdk/2.0.0/src/rp2_common/hardware_irq/irq.c.obj
 .debug_info    0x000060f9      0x1af CMakeFiles/pi_pico.dir/C_/Users/chunc/.pico-sdk/sdk/2.0.0/src/common/pico_sync/lock_core.c.obj
 .debug_info    0x000062a8     0x1e7c CMakeFiles/pi_pico.dir/C_/Users/chunc/.pico-sdk/sdk/2.0.0/src/common/pico_sync/mutex.c.obj
 .debug_info    0x00008124     0x3353 CMakeFiles/pi_pico.dir/C_/Users/chunc/.pico-sdk/sdk/2.0.0/src/common/pico_time/time.c.obj
 .debug_info    0x0000b477     0x19b0 CMakeFiles/pi_pico.dir/C_/Users/chunc/.pico-sdk/sdk/2.0.0/src/rp2_common/hardware_timer/timer.c.obj
 .debug_info    0x0000ce27     0x12e5 CMakeFiles/pi_pico.dir/C_/Users/chunc/.pico-sdk/sdk/2.0.0/src/rp2_common/hardware_uart/uart.c.obj
 .debug_info    0x0000e10c     0x1509 CMakeFiles/pi_pico.dir/C_/Users/chunc/.pico-sdk/sdk/2.0.0/src/rp2_common/hardware_clocks/clocks.c.obj
 .debug_info    0x0000f615      0x64f CMakeFiles/pi_pico.dir/C_/Users/chunc/.pico-sdk/sdk/2.0.0/src/rp2_common/hardware_pll/pll.c.obj
 .debug_info    0x0000fc64      0x2b2 CMakeFiles/pi_pico.dir/C_/Users/chunc/.pico-sdk/sdk/2.0.0/src/rp2_common/hardware_ticks/ticks.c.obj
 .debug_info    0x0000ff16      0x1d0 CMakeFiles/pi_pico.dir/C_/Users/chunc/.pico-sdk/sdk/2.0.0/src/rp2_common/hardware_xosc/xosc.c.obj
 .debug_info    0x000100e6      0x1bc CMakeFiles/pi_pico.dir/C_/Users/chunc/.pico-sdk/sdk/2.0.0/src/rp2_common/pico_runtime/runtime.c.obj
 .debug_info    0x000102a2      0x7ad CMakeFiles/pi_pico.dir/C_/Users/chunc/.pico-sdk/sdk/2.0.0/src/rp2_common/pico_runtime_init/runtime_init.c.obj
 .debug_info    0x00010a4f      0x765 CMakeFiles/pi_pico.dir/C_/Users/chunc/.pico-sdk/sdk/2.0.0/src/rp2_common/pico_runtime_init/runtime_init_clocks.c.obj
 .debug_info    0x000111b4       0x23 CMakeFiles/pi_pico.dir/C_/Users/chunc/.pico-sdk/sdk/2.0.0/src/rp2_common/pico_bit_ops/bit_ops_aeabi.S.obj
 .debug_info    0x000111d7      0x3d6 CMakeFiles/pi_pico.dir/C_/Users/chunc/.pico-sdk/sdk/2.0.0/src/rp2_common/pico_bootrom/bootrom.c.obj
 .debug_info    0x000115ad       0x23 CMakeFiles/pi_pico.dir/C_/Users/chunc/.pico-sdk/sdk/2.0.0/src/rp2_common/pico_divider/divider_hardware.S.obj
 .debug_info    0x000115d0       0x23 CMakeFiles/pi_pico.dir/C_/Users/chunc/.pico-sdk/sdk/2.0.0/src/rp2_common/pico_double/double_aeabi_rp2040.S.obj
 .debug_info    0x000115f3      0x34c CMakeFiles/pi_pico.dir/C_/Users/chunc/.pico-sdk/sdk/2.0.0/src/rp2_common/pico_double/double_init_rom_rp2040.c.obj
 .debug_info    0x0001193f       0x23 CMakeFiles/pi_pico.dir/C_/Users/chunc/.pico-sdk/sdk/2.0.0/src/rp2_common/pico_double/double_v1_rom_shim_rp2040.S.obj
 .debug_info    0x00011962       0x24 CMakeFiles/pi_pico.dir/C_/Users/chunc/.pico-sdk/sdk/2.0.0/src/rp2_common/pico_int64_ops/pico_int64_ops_aeabi.S.obj
 .debug_info    0x00011986       0x23 CMakeFiles/pi_pico.dir/C_/Users/chunc/.pico-sdk/sdk/2.0.0/src/rp2_common/pico_float/float_aeabi_rp2040.S.obj
 .debug_info    0x000119a9      0x34d CMakeFiles/pi_pico.dir/C_/Users/chunc/.pico-sdk/sdk/2.0.0/src/rp2_common/pico_float/float_init_rom_rp2040.c.obj
 .debug_info    0x00011cf6       0x23 CMakeFiles/pi_pico.dir/C_/Users/chunc/.pico-sdk/sdk/2.0.0/src/rp2_common/pico_float/float_v1_rom_shim_rp2040.S.obj
 .debug_info    0x00011d19      0x54a CMakeFiles/pi_pico.dir/C_/Users/chunc/.pico-sdk/sdk/2.0.0/src/rp2_common/pico_malloc/malloc.c.obj
 .debug_info    0x00012263       0x23 CMakeFiles/pi_pico.dir/C_/Users/chunc/.pico-sdk/sdk/2.0.0/src/rp2_common/pico_mem_ops/mem_ops_aeabi.S.obj
 .debug_info    0x00012286      0x2b8 CMakeFiles/pi_pico.dir/C_/Users/chunc/.pico-sdk/sdk/2.0.0/src/rp2_common/pico_standard_binary_info/standard_binary_info.c.obj
 .debug_info    0x0001253e     0x19dc CMakeFiles/pi_pico.dir/C_/Users/chunc/.pico-sdk/sdk/2.0.0/src/rp2_common/pico_printf/printf.c.obj
 .debug_info    0x00013f1a       0x23 CMakeFiles/pi_pico.dir/C_/Users/chunc/.pico-sdk/sdk/2.0.0/src/rp2_common/pico_crt0/crt0.S.obj
 .debug_info    0x00013f3d      0xbb8 CMakeFiles/pi_pico.dir/C_/Users/chunc/.pico-sdk/sdk/2.0.0/src/rp2_common/pico_clib_interface/newlib_interface.c.obj
 .debug_info    0x00014af5     0x13c5 CMakeFiles/pi_pico.dir/C_/Users/chunc/.pico-sdk/sdk/2.0.0/src/rp2_common/pico_stdio/stdio.c.obj
 .debug_info    0x00015eba     0x1a24 CMakeFiles/pi_pico.dir/C_/Users/chunc/.pico-sdk/sdk/2.0.0/src/rp2_common/hardware_i2c/i2c.c.obj
 .debug_info    0x000178de     0x1a36 CMakeFiles/pi_pico.dir/C_/Users/chunc/.pico-sdk/sdk/2.0.0/src/rp2_common/pico_multicore/multicore.c.obj

.debug_abbrev   0x00000000     0x56d0
 .debug_abbrev  0x00000000      0x4af CMakeFiles/pi_pico.dir/pi_pico.c.obj
 .debug_abbrev  0x000004af      0x42d CMakeFiles/pi_pico.dir/C_/Users/chunc/.pico-sdk/sdk/2.0.0/src/rp2_common/hardware_gpio/gpio.c.obj
 .debug_abbrev  0x000008dc      0x12d CMakeFiles/pi_pico.dir/C_/Users/chunc/.pico-sdk/sdk/2.0.0/src/rp2_common/pico_platform_panic/panic.c.obj
 .debug_abbrev  0x00000a09      0x2b4 CMakeFiles/pi_pico.dir/C_/Users/chunc/.pico-sdk/sdk/2.0.0/src/common/hardware_claim/claim.c.obj
 .debug_abbrev  0x00000cbd      0x1f4 CMakeFiles/pi_pico.dir/C_/Users/chunc/.pico-sdk/sdk/2.0.0/src/rp2_common/hardware_sync/sync.c.obj
 .debug_abbrev  0x00000eb1      0x1f0 CMakeFiles/pi_pico.dir/C_/Users/chunc/.pico-sdk/sdk/2.0.0/src/rp2_common/hardware_sync_spin_lock/sync_spin_lock.c.obj
 .debug_abbrev  0x000010a1      0x5d8 CMakeFiles/pi_pico.dir/C_/Users/chunc/.pico-sdk/sdk/2.0.0/src/rp2_common/hardware_irq/irq.c.obj
 .debug_abbrev  0x00001679      0x116 CMakeFiles/pi_pico.dir/C_/Users/chunc/.pico-sdk/sdk/2.0.0/src/common/pico_sync/lock_core.c.obj
 .debug_abbrev  0x0000178f      0x424 CMakeFiles/pi_pico.dir/C_/Users/chunc/.pico-sdk/sdk/2.0.0/src/common/pico_sync/mutex.c.obj
 .debug_abbrev  0x00001bb3      0x630 CMakeFiles/pi_pico.dir/C_/Users/chunc/.pico-sdk/sdk/2.0.0/src/common/pico_time/time.c.obj
 .debug_abbrev  0x000021e3      0x473 CMakeFiles/pi_pico.dir/C_/Users/chunc/.pico-sdk/sdk/2.0.0/src/rp2_common/hardware_timer/timer.c.obj
 .debug_abbrev  0x00002656      0x342 CMakeFiles/pi_pico.dir/C_/Users/chunc/.pico-sdk/sdk/2.0.0/src/rp2_common/hardware_uart/uart.c.obj
 .debug_abbrev  0x00002998      0x431 CMakeFiles/pi_pico.dir/C_/Users/chunc/.pico-sdk/sdk/2.0.0/src/rp2_common/hardware_clocks/clocks.c.obj
 .debug_abbrev  0x00002dc9      0x20e CMakeFiles/pi_pico.dir/C_/Users/chunc/.pico-sdk/sdk/2.0.0/src/rp2_common/hardware_pll/pll.c.obj
 .debug_abbrev  0x00002fd7      0x152 CMakeFiles/pi_pico.dir/C_/Users/chunc/.pico-sdk/sdk/2.0.0/src/rp2_common/hardware_ticks/ticks.c.obj
 .debug_abbrev  0x00003129      0x11d CMakeFiles/pi_pico.dir/C_/Users/chunc/.pico-sdk/sdk/2.0.0/src/rp2_common/hardware_xosc/xosc.c.obj
 .debug_abbrev  0x00003246      0x149 CMakeFiles/pi_pico.dir/C_/Users/chunc/.pico-sdk/sdk/2.0.0/src/rp2_common/pico_runtime/runtime.c.obj
 .debug_abbrev  0x0000338f      0x20f CMakeFiles/pi_pico.dir/C_/Users/chunc/.pico-sdk/sdk/2.0.0/src/rp2_common/pico_runtime_init/runtime_init.c.obj
 .debug_abbrev  0x0000359e      0x2b3 CMakeFiles/pi_pico.dir/C_/Users/chunc/.pico-sdk/sdk/2.0.0/src/rp2_common/pico_runtime_init/runtime_init_clocks.c.obj
 .debug_abbrev  0x00003851       0x12 CMakeFiles/pi_pico.dir/C_/Users/chunc/.pico-sdk/sdk/2.0.0/src/rp2_common/pico_bit_ops/bit_ops_aeabi.S.obj
 .debug_abbrev  0x00003863      0x1a0 CMakeFiles/pi_pico.dir/C_/Users/chunc/.pico-sdk/sdk/2.0.0/src/rp2_common/pico_bootrom/bootrom.c.obj
 .debug_abbrev  0x00003a03       0x12 CMakeFiles/pi_pico.dir/C_/Users/chunc/.pico-sdk/sdk/2.0.0/src/rp2_common/pico_divider/divider_hardware.S.obj
 .debug_abbrev  0x00003a15       0x12 CMakeFiles/pi_pico.dir/C_/Users/chunc/.pico-sdk/sdk/2.0.0/src/rp2_common/pico_double/double_aeabi_rp2040.S.obj
 .debug_abbrev  0x00003a27      0x1ab CMakeFiles/pi_pico.dir/C_/Users/chunc/.pico-sdk/sdk/2.0.0/src/rp2_common/pico_double/double_init_rom_rp2040.c.obj
 .debug_abbrev  0x00003bd2       0x12 CMakeFiles/pi_pico.dir/C_/Users/chunc/.pico-sdk/sdk/2.0.0/src/rp2_common/pico_double/double_v1_rom_shim_rp2040.S.obj
 .debug_abbrev  0x00003be4       0x14 CMakeFiles/pi_pico.dir/C_/Users/chunc/.pico-sdk/sdk/2.0.0/src/rp2_common/pico_int64_ops/pico_int64_ops_aeabi.S.obj
 .debug_abbrev  0x00003bf8       0x12 CMakeFiles/pi_pico.dir/C_/Users/chunc/.pico-sdk/sdk/2.0.0/src/rp2_common/pico_float/float_aeabi_rp2040.S.obj
 .debug_abbrev  0x00003c0a      0x1ae CMakeFiles/pi_pico.dir/C_/Users/chunc/.pico-sdk/sdk/2.0.0/src/rp2_common/pico_float/float_init_rom_rp2040.c.obj
 .debug_abbrev  0x00003db8       0x12 CMakeFiles/pi_pico.dir/C_/Users/chunc/.pico-sdk/sdk/2.0.0/src/rp2_common/pico_float/float_v1_rom_shim_rp2040.S.obj
 .debug_abbrev  0x00003dca      0x1bc CMakeFiles/pi_pico.dir/C_/Users/chunc/.pico-sdk/sdk/2.0.0/src/rp2_common/pico_malloc/malloc.c.obj
 .debug_abbrev  0x00003f86       0x12 CMakeFiles/pi_pico.dir/C_/Users/chunc/.pico-sdk/sdk/2.0.0/src/rp2_common/pico_mem_ops/mem_ops_aeabi.S.obj
 .debug_abbrev  0x00003f98       0xb8 CMakeFiles/pi_pico.dir/C_/Users/chunc/.pico-sdk/sdk/2.0.0/src/rp2_common/pico_standard_binary_info/standard_binary_info.c.obj
 .debug_abbrev  0x00004050      0x38e CMakeFiles/pi_pico.dir/C_/Users/chunc/.pico-sdk/sdk/2.0.0/src/rp2_common/pico_printf/printf.c.obj
 .debug_abbrev  0x000043de       0x12 CMakeFiles/pi_pico.dir/C_/Users/chunc/.pico-sdk/sdk/2.0.0/src/rp2_common/pico_crt0/crt0.S.obj
 .debug_abbrev  0x000043f0      0x35f CMakeFiles/pi_pico.dir/C_/Users/chunc/.pico-sdk/sdk/2.0.0/src/rp2_common/pico_clib_interface/newlib_interface.c.obj
 .debug_abbrev  0x0000474f      0x51f CMakeFiles/pi_pico.dir/C_/Users/chunc/.pico-sdk/sdk/2.0.0/src/rp2_common/pico_stdio/stdio.c.obj
 .debug_abbrev  0x00004c6e      0x49a CMakeFiles/pi_pico.dir/C_/Users/chunc/.pico-sdk/sdk/2.0.0/src/rp2_common/hardware_i2c/i2c.c.obj
 .debug_abbrev  0x00005108      0x5c8 CMakeFiles/pi_pico.dir/C_/Users/chunc/.pico-sdk/sdk/2.0.0/src/rp2_common/pico_multicore/multicore.c.obj

.debug_loclists
                0x00000000     0xa2bc
 .debug_loclists
                0x00000000      0x492 CMakeFiles/pi_pico.dir/pi_pico.c.obj
 .debug_loclists
                0x00000492      0xf31 CMakeFiles/pi_pico.dir/C_/Users/chunc/.pico-sdk/sdk/2.0.0/src/rp2_common/hardware_gpio/gpio.c.obj
 .debug_loclists
                0x000013c3      0x2af CMakeFiles/pi_pico.dir/C_/Users/chunc/.pico-sdk/sdk/2.0.0/src/common/hardware_claim/claim.c.obj
 .debug_loclists
                0x00001672       0xe6 CMakeFiles/pi_pico.dir/C_/Users/chunc/.pico-sdk/sdk/2.0.0/src/rp2_common/hardware_sync/sync.c.obj
 .debug_loclists
                0x00001758       0xa8 CMakeFiles/pi_pico.dir/C_/Users/chunc/.pico-sdk/sdk/2.0.0/src/rp2_common/hardware_sync_spin_lock/sync_spin_lock.c.obj
 .debug_loclists
                0x00001800      0xda2 CMakeFiles/pi_pico.dir/C_/Users/chunc/.pico-sdk/sdk/2.0.0/src/rp2_common/hardware_irq/irq.c.obj
 .debug_loclists
                0x000025a2       0x50 CMakeFiles/pi_pico.dir/C_/Users/chunc/.pico-sdk/sdk/2.0.0/src/common/pico_sync/lock_core.c.obj
 .debug_loclists
                0x000025f2      0xaec CMakeFiles/pi_pico.dir/C_/Users/chunc/.pico-sdk/sdk/2.0.0/src/common/pico_sync/mutex.c.obj
 .debug_loclists
                0x000030de     0x16eb CMakeFiles/pi_pico.dir/C_/Users/chunc/.pico-sdk/sdk/2.0.0/src/common/pico_time/time.c.obj
 .debug_loclists
                0x000047c9      0x971 CMakeFiles/pi_pico.dir/C_/Users/chunc/.pico-sdk/sdk/2.0.0/src/rp2_common/hardware_timer/timer.c.obj
 .debug_loclists
                0x0000513a      0x6a4 CMakeFiles/pi_pico.dir/C_/Users/chunc/.pico-sdk/sdk/2.0.0/src/rp2_common/hardware_uart/uart.c.obj
 .debug_loclists
                0x000057de      0x9d3 CMakeFiles/pi_pico.dir/C_/Users/chunc/.pico-sdk/sdk/2.0.0/src/rp2_common/hardware_clocks/clocks.c.obj
 .debug_loclists
                0x000061b1      0x23b CMakeFiles/pi_pico.dir/C_/Users/chunc/.pico-sdk/sdk/2.0.0/src/rp2_common/hardware_pll/pll.c.obj
 .debug_loclists
                0x000063ec       0x47 CMakeFiles/pi_pico.dir/C_/Users/chunc/.pico-sdk/sdk/2.0.0/src/rp2_common/hardware_ticks/ticks.c.obj
 .debug_loclists
                0x00006433       0x48 CMakeFiles/pi_pico.dir/C_/Users/chunc/.pico-sdk/sdk/2.0.0/src/rp2_common/hardware_xosc/xosc.c.obj
 .debug_loclists
                0x0000647b       0x58 CMakeFiles/pi_pico.dir/C_/Users/chunc/.pico-sdk/sdk/2.0.0/src/rp2_common/pico_runtime/runtime.c.obj
 .debug_loclists
                0x000064d3       0xba CMakeFiles/pi_pico.dir/C_/Users/chunc/.pico-sdk/sdk/2.0.0/src/rp2_common/pico_runtime_init/runtime_init.c.obj
 .debug_loclists
                0x0000658d       0x7b CMakeFiles/pi_pico.dir/C_/Users/chunc/.pico-sdk/sdk/2.0.0/src/rp2_common/pico_runtime_init/runtime_init_clocks.c.obj
 .debug_loclists
                0x00006608      0x189 CMakeFiles/pi_pico.dir/C_/Users/chunc/.pico-sdk/sdk/2.0.0/src/rp2_common/pico_bootrom/bootrom.c.obj