Archive member included to satisfy reference by file (symbol)

C:/Users/chunc/.pico-sdk/toolchain/13_2_Rel1/bin/../lib/gcc/arm-none-eabi/13.2.1/thumb/v6-m/nofp\libgcc.a(_dvmd_tls.o)
                              CMakeFiles/pico_ver2.dir/C_/Users/chunc/.pico-sdk/sdk/2.0.0/src/rp2_common/pico_divider/divider_hardware.S.obj (__aeabi_idiv0)
C:/Users/chunc/.pico-sdk/toolchain/13_2_Rel1/bin/../lib/gcc/arm-none-eabi/13.2.1/thumb/v6-m/nofp\libg.a(libc_a-calloc.o)
                              CMakeFiles/pico_ver2.dir/C_/Users/chunc/.pico-sdk/sdk/2.0.0/src/rp2_common/pico_malloc/malloc.c.obj (calloc)
C:/Users/chunc/.pico-sdk/toolchain/13_2_Rel1/bin/../lib/gcc/arm-none-eabi/13.2.1/thumb/v6-m/nofp\libg.a(libc_a-callocr.o)
                              C:/Users/chunc/.pico-sdk/toolchain/13_2_Rel1/bin/../lib/gcc/arm-none-eabi/13.2.1/thumb/v6-m/nofp\libg.a(libc_a-calloc.o) (_calloc_r)
C:/Users/chunc/.pico-sdk/toolchain/13_2_Rel1/bin/../lib/gcc/arm-none-eabi/13.2.1/thumb/v6-m/nofp\libg.a(libc_a-malloc.o)
                              CMakeFiles/pico_ver2.dir/C_/Users/chunc/.pico-sdk/sdk/2.0.0/src/rp2_common/pico_malloc/malloc.c.obj (malloc)
C:/Users/chunc/.pico-sdk/toolchain/13_2_Rel1/bin/../lib/gcc/arm-none-eabi/13.2.1/thumb/v6-m/nofp\libg.a(libc_a-mallocr.o)
                              C:/Users/chunc/.pico-sdk/toolchain/13_2_Rel1/bin/../lib/gcc/arm-none-eabi/13.2.1/thumb/v6-m/nofp\libg.a(libc_a-callocr.o) (_malloc_r)
C:/Users/chunc/.pico-sdk/toolchain/13_2_Rel1/bin/../lib/gcc/arm-none-eabi/13.2.1/thumb/v6-m/nofp\libg.a(libc_a-mlock.o)
                              C:/Users/chunc/.pico-sdk/toolchain/13_2_Rel1/bin/../lib/gcc/arm-none-eabi/13.2.1/thumb/v6-m/nofp\libg.a(libc_a-mallocr.o) (__malloc_lock)
C:/Users/chunc/.pico-sdk/toolchain/13_2_Rel1/bin/../lib/gcc/arm-none-eabi/13.2.1/thumb/v6-m/nofp\libg.a(libc_a-realloc.o)
                              CMakeFiles/pico_ver2.dir/C_/Users/chunc/.pico-sdk/sdk/2.0.0/src/rp2_common/pico_malloc/malloc.c.obj (realloc)
C:/Users/chunc/.pico-sdk/toolchain/13_2_Rel1/bin/../lib/gcc/arm-none-eabi/13.2.1/thumb/v6-m/nofp\libg.a(libc_a-reallocr.o)
                              C:/Users/chunc/.pico-sdk/toolchain/13_2_Rel1/bin/../lib/gcc/arm-none-eabi/13.2.1/thumb/v6-m/nofp\libg.a(libc_a-realloc.o) (_realloc_r)
C:/Users/chunc/.pico-sdk/toolchain/13_2_Rel1/bin/../lib/gcc/arm-none-eabi/13.2.1/thumb/v6-m/nofp\libg.a(libc_a-memcmp.o)
                              CMakeFiles/pico_ver2.dir/C_/Users/chunc/.pico-sdk/sdk/2.0.0/src/rp2_common/pico_atomic/atomic.c.obj (memcmp)
C:/Users/chunc/.pico-sdk/toolchain/13_2_Rel1/bin/../lib/gcc/arm-none-eabi/13.2.1/thumb/v6-m/nofp\libg.a(libc_a-memmove.o)
                              C:/Users/chunc/.pico-sdk/toolchain/13_2_Rel1/bin/../lib/gcc/arm-none-eabi/13.2.1/thumb/v6-m/nofp\libg.a(libc_a-reallocr.o) (memmove)
C:/Users/chunc/.pico-sdk/toolchain/13_2_Rel1/bin/../lib/gcc/arm-none-eabi/13.2.1/thumb/v6-m/nofp\libg.a(libc_a-strncpy.o)
                              CMakeFiles/pico_ver2.dir/pico_ver2.c.obj (strncpy)
C:/Users/chunc/.pico-sdk/toolchain/13_2_Rel1/bin/../lib/gcc/arm-none-eabi/13.2.1/thumb/v6-m/nofp\libg.a(libc_a-lcltime_r.o)
                              CMakeFiles/pico_ver2.dir/C_/Users/chunc/.pico-sdk/sdk/2.0.0/src/common/pico_util/datetime.c.obj (localtime_r)
C:/Users/chunc/.pico-sdk/toolchain/13_2_Rel1/bin/../lib/gcc/arm-none-eabi/13.2.1/thumb/v6-m/nofp\libg.a(libc_a-mktime.o)
                              CMakeFiles/pico_ver2.dir/C_/Users/chunc/.pico-sdk/sdk/2.0.0/src/common/pico_util/datetime.c.obj (mktime)
C:/Users/chunc/.pico-sdk/toolchain/13_2_Rel1/bin/../lib/gcc/arm-none-eabi/13.2.1/thumb/v6-m/nofp\libg.a(libc_a-month_lengths.o)
                              C:/Users/chunc/.pico-sdk/toolchain/13_2_Rel1/bin/../lib/gcc/arm-none-eabi/13.2.1/thumb/v6-m/nofp\libg.a(libc_a-lcltime_r.o) (__month_lengths)
C:/Users/chunc/.pico-sdk/toolchain/13_2_Rel1/bin/../lib/gcc/arm-none-eabi/13.2.1/thumb/v6-m/nofp\libg.a(libc_a-tzcalc_limits.o)
                              C:/Users/chunc/.pico-sdk/toolchain/13_2_Rel1/bin/../lib/gcc/arm-none-eabi/13.2.1/thumb/v6-m/nofp\libg.a(libc_a-lcltime_r.o) (__tzcalc_limits)
C:/Users/chunc/.pico-sdk/toolchain/13_2_Rel1/bin/../lib/gcc/arm-none-eabi/13.2.1/thumb/v6-m/nofp\libg.a(libc_a-tzlock.o)
                              C:/Users/chunc/.pico-sdk/toolchain/13_2_Rel1/bin/../lib/gcc/arm-none-eabi/13.2.1/thumb/v6-m/nofp\libg.a(libc_a-lcltime_r.o) (__tz_lock)
C:/Users/chunc/.pico-sdk/toolchain/13_2_Rel1/bin/../lib/gcc/arm-none-eabi/13.2.1/thumb/v6-m/nofp\libg.a(libc_a-tzset.o)
                              C:/Users/chunc/.pico-sdk/toolchain/13_2_Rel1/bin/../lib/gcc/arm-none-eabi/13.2.1/thumb/v6-m/nofp\libg.a(libc_a-lcltime_r.o) (_tzset_unlocked)
C:/Users/chunc/.pico-sdk/toolchain/13_2_Rel1/bin/../lib/gcc/arm-none-eabi/13.2.1/thumb/v6-m/nofp\libg.a(libc_a-tzset_r.o)
[...]
Memory Configuration

Name             Origin             Length             Attributes
FLASH            0x10000000         0x00200000         xr
RAM              0x20000000         0x00040000         xrw
SCRATCH_X        0x20040000         0x00001000         xrw
SCRATCH_Y        0x20041000         0x00001000         xrw
*default*        0x00000000         0xffffffff

Linker script and memory map

LOAD C:/Users/chunc/.pico-sdk/toolchain/13_2_Rel1/bin/../lib/gcc/arm-none-eabi/13.2.1/thumb/v6-m/nofp/crti.o
LOAD C:/Users/chunc/.pico-sdk/toolchain/13_2_Rel1/bin/../lib/gcc/arm-none-eabi/13.2.1/thumb/v6-m/nofp/crtbegin.o
LOAD C:/Users/chunc/.pico-sdk/toolchain/13_2_Rel1/bin/../lib/gcc/arm-none-eabi/13.2.1/thumb/v6-m/nofp/crt0.o

.flash_begin    0x10000000        0x0
                0x10000000                        __flash_binary_start = .

.boot2          0x10000000      0x100
                0x10000000                        __boot2_start__ = .
 *(.boot2)
 .boot2         0x10000000      0x100 C:\Users\chunc\AppData\Local\Temp\ccoZMXaQ.o
                0x10000100                        __boot2_end__ = .
                0x00000001                        ASSERT (((__boot2_end__ - __boot2_start__) == 0x100), ERROR: Pico second stage bootloader must be 256 bytes in size)

.text           0x10000100     0x4930
                0x10000100                        __logical_binary_start = .
 *(.vectors)
 .vectors       0x10000100       0xd4 CMakeFiles/pico_ver2.dir/C_/Users/chunc/.pico-sdk/sdk/2.0.0/src/rp2_common/pico_crt0/crt0.S.obj
                0x10000100                __VECTOR_TABLE
                0x10000100                __vectors
                0x100001c0                isr_invalid
                0x100001c0                __default_isrs_start
                0x100001c2                isr_nmi
                0x100001c4                isr_hardfault
                0x100001c6                isr_svcall
                0x100001c8                isr_pendsv
                0x100001ca                isr_systick
                0x100001cc                isr_irq23
                0x100001cc                isr_irq18
                0x100001cc                isr_irq11
                0x100001cc                isr_irq28
                0x100001cc                isr_irq19
                0x100001cc                isr_irq0
                0x100001cc                isr_irq6
                0x100001cc                isr_irq5
                0x100001cc                isr_irq12
                0x100001cc                isr_irq22
                0x100001cc                isr_irq31
                0x100001cc                isr_irq17
                0x100001cc                isr_irq27
                0x100001cc                isr_irq30
                0x100001cc                isr_irq2
                0x100001cc                isr_irq10
                0x100001cc                isr_irq8
                0x100001cc                isr_irq24
                0x100001cc                isr_irq1
                0x100001cc                isr_irq7
                0x100001cc                isr_irq21
                0x100001cc                isr_irq20
                0x100001cc                isr_irq15
                0x100001cc                isr_irq25
                0x100001cc                isr_irq13
                0x100001cc                __unhandled_user_irq
                0x100001cc                isr_irq4
                0x100001cc                isr_irq16
                0x100001cc                isr_irq29
                0x100001cc                isr_irq26
                0x100001cc                __default_isrs_end
                0x100001cc                isr_irq3
                0x100001cc                isr_irq14
                0x100001cc                isr_irq9
                0x100001d2                unhandled_user_irq_num_in_r0
 *(.binary_info_header)
 .binary_info_header
                0x100001d4       0x14 CMakeFiles/pico_ver2.dir/C_/Users/chunc/.pico-sdk/sdk/2.0.0/src/rp2_common/pico_crt0/crt0.S.obj
                0x100001e8                        __binary_info_header_end = .
 *(.embedded_block)
                0x100001e8                        __embedded_block_end = .
 *(.reset)
 .reset         0x100001e8       0x9c CMakeFiles/pico_ver2.dir/C_/Users/chunc/.pico-sdk/sdk/2.0.0/src/rp2_common/pico_crt0/crt0.S.obj
                0x100001e8                _entry_point
 *(.init)
 .init          0x10000284        0x4 C:/Users/chunc/.pico-sdk/toolchain/13_2_Rel1/bin/../lib/gcc/arm-none-eabi/13.2.1/thumb/v6-m/nofp/crti.o
                0x10000284                _init
 *(EXCLUDE_FILE(*libm.a: *libc.a:*lib_a-mem*.o *libgcc.a:) .text*)
 .text.register_tm_clones
                0x10000288       0x28 C:/Users/chunc/.pico-sdk/toolchain/13_2_Rel1/bin/../lib/gcc/arm-none-eabi/13.2.1/thumb/v6-m/nofp/crtbegin.o
 .text.frame_dummy
                0x100002b0       0x24 C:/Users/chunc/.pico-sdk/toolchain/13_2_Rel1/bin/../lib/gcc/arm-none-eabi/13.2.1/thumb/v6-m/nofp/crtbegin.o
 .text.uart_putc
                0x100002d4       0x60 CMakeFiles/pico_ver2.dir/pico_ver2.c.obj
 .text.uart_puts
                0x10000334       0x4a CMakeFiles/pico_ver2.dir/pico_ver2.c.obj
 .text.uart_getc
                0x1000037e       0x24 CMakeFiles/pico_ver2.dir/pico_ver2.c.obj
 *fill*         0x100003a2        0x2 
 .text.my_i2c_init
                0x100003a4       0x38 CMakeFiles/pico_ver2.dir/pico_ver2.c.obj
                0x100003a4                my_i2c_init
 .text.init_adxl345
                0x100003dc       0x54 CMakeFiles/pico_ver2.dir/pico_ver2.c.obj
                0x100003dc                init_adxl345
 .text.read_x_accel
                0x10000430       0x40 CMakeFiles/pico_ver2.dir/pico_ver2.c.obj
                0x10000430                read_x_accel
 .text.core1_task
                0x10000470      0x150 CMakeFiles/pico_ver2.dir/pico_ver2.c.obj
                0x10000470                core1_task
 .text.read_uart_command
                0x100005c0       0x88 CMakeFiles/pico_ver2.dir/pico_ver2.c.obj
                0x100005c0                read_uart_command
 .text.send_uart_message
                0x10000648       0x28 CMakeFiles/pico_ver2.dir/pico_ver2.c.obj
                0x10000648                send_uart_message
 .text.send_accel_data
                0x10000670       0x78 CMakeFiles/pico_ver2.dir/pico_ver2.c.obj
                0x10000670                send_accel_data
 .text.core0_task
                0x100006e8      0x144 CMakeFiles/pico_ver2.dir/pico_ver2.c.obj
                0x100006e8                core0_task
 .text.main     0x1000082c       0x3c CMakeFiles/pico_ver2.dir/pico_ver2.c.obj
                0x1000082c                main
 .text.gpio_set_function
                0x10000868       0x34 CMakeFiles/pico_ver2.dir/C_/Users/chunc/.pico-sdk/sdk/2.0.0/src/rp2_common/hardware_gpio/gpio.c.obj
                0x10000868                gpio_set_function
 .text.gpio_set_pulls
                0x1000089c       0x38 CMakeFiles/pico_ver2.dir/C_/Users/chunc/.pico-sdk/sdk/2.0.0/src/rp2_common/hardware_gpio/gpio.c.obj
                0x1000089c                gpio_set_pulls
 .text.panic    0x100008d4       0x30 CMakeFiles/pico_ver2.dir/C_/Users/chunc/.pico-sdk/sdk/2.0.0/src/rp2_common/pico_platform_panic/panic.c.obj
                0x100008d4                panic
 .text.hw_claim_lock
                0x10000904       0x18 CMakeFiles/pico_ver2.dir/C_/Users/chunc/.pico-sdk/sdk/2.0.0/src/common/hardware_claim/claim.c.obj
                0x10000904                hw_claim_lock
 .text.hw_claim_unlock
                0x1000091c       0x14 CMakeFiles/pico_ver2.dir/C_/Users/chunc/.pico-sdk/sdk/2.0.0/src/common/hardware_claim/claim.c.obj
                0x1000091c                hw_claim_unlock
 .text.hw_claim_or_assert
                0x10000930       0x32 CMakeFiles/pico_ver2.dir/C_/Users/chunc/.pico-sdk/sdk/2.0.0/src/common/hardware_claim/claim.c.obj
                0x10000930                hw_claim_or_assert
 *fill*         0x10000962        0x2 
 .text.next_striped_spin_lock_num
                0x10000964       0x1c CMakeFiles/pico_ver2.dir/C_/Users/chunc/.pico-sdk/sdk/2.0.0/src/rp2_common/hardware_sync/sync.c.obj
                0x10000964                next_striped_spin_lock_num
 .text.spin_locks_reset
                0x10000980       0x20 CMakeFiles/pico_ver2.dir/C_/Users/chunc/.pico-sdk/sdk/2.0.0/src/rp2_common/hardware_sync_spin_lock/sync_spin_lock.c.obj
                0x10000980                spin_locks_reset
 .text.set_raw_irq_handler_and_unlock
                0x100009a0       0x28 CMakeFiles/pico_ver2.dir/C_/Users/chunc/.pico-sdk/sdk/2.0.0/src/rp2_common/hardware_irq/irq.c.obj
 .text.nvic_ipr0
                0x100009c8        0x8 CMakeFiles/pico_ver2.dir/C_/Users/chunc/.pico-sdk/sdk/2.0.0/src/rp2_common/hardware_irq/irq.c.obj
 .text.runtime_init_per_core_irq_priorities
                0x100009d0       0x1c CMakeFiles/pico_ver2.dir/C_/Users/chunc/.pico-sdk/sdk/2.0.0/src/rp2_common/hardware_irq/irq.c.obj
                0x100009d0                runtime_init_per_core_irq_priorities
 .text.resolve_j_16
                0x100009ec       0x30 CMakeFiles/pico_ver2.dir/C_/Users/chunc/.pico-sdk/sdk/2.0.0/src/rp2_common/hardware_irq/irq.c.obj
 .text.make_j_16
                0x10000a1c       0x48 CMakeFiles/pico_ver2.dir/C_/Users/chunc/.pico-sdk/sdk/2.0.0/src/rp2_common/hardware_irq/irq.c.obj
 .text.insert_bl_32
                0x10000a64       0x40 CMakeFiles/pico_ver2.dir/C_/Users/chunc/.pico-sdk/sdk/2.0.0/src/rp2_common/hardware_irq/irq.c.obj
 .text.irq_is_enabled
                0x10000aa4       0x18 CMakeFiles/pico_ver2.dir/C_/Users/chunc/.pico-sdk/sdk/2.0.0/src/rp2_common/hardware_irq/irq.c.obj
                0x10000aa4                irq_is_enabled
 .text.irq_set_mask_n_enabled
                0x10000abc       0x1c CMakeFiles/pico_ver2.dir/C_/Users/chunc/.pico-sdk/sdk/2.0.0/src/rp2_common/hardware_irq/irq.c.obj
                0x10000abc                irq_set_mask_n_enabled
 .text.irq_set_enabled
                0x10000ad8       0x14 CMakeFiles/pico_ver2.dir/C_/Users/chunc/.pico-sdk/sdk/2.0.0/src/rp2_common/hardware_irq/irq.c.obj
                0x10000ad8                irq_set_enabled
 .text.irq_get_vtable_handler
                0x10000aec       0x10 CMakeFiles/pico_ver2.dir/C_/Users/chunc/.pico-sdk/sdk/2.0.0/src/rp2_common/hardware_irq/irq.c.obj
                0x10000aec                irq_get_vtable_handler
 .text.irq_set_exclusive_handler
                0x10000afc       0x54 CMakeFiles/pico_ver2.dir/C_/Users/chunc/.pico-sdk/sdk/2.0.0/src/rp2_common/hardware_irq/irq.c.obj
                0x10000afc                irq_set_exclusive_handler
 .text.irq_remove_handler
                0x10000b50      0x18c CMakeFiles/pico_ver2.dir/C_/Users/chunc/.pico-sdk/sdk/2.0.0/src/rp2_common/hardware_irq/irq.c.obj
                0x10000b50                irq_remove_handler
 .text.irq_add_tail_to_free_list
                0x10000cdc       0xf4 CMakeFiles/pico_ver2.dir/C_/Users/chunc/.pico-sdk/sdk/2.0.0/src/rp2_common/hardware_irq/irq.c.obj
                0x10000cdc                irq_add_tail_to_free_list
 .text.lock_init
                0x10000dd0       0x10 CMakeFiles/pico_ver2.dir/C_/Users/chunc/.pico-sdk/sdk/2.0.0/src/common/pico_sync/lock_core.c.obj
                0x10000dd0                lock_init
 .text.mutex_init
                0x10000de0       0x1a CMakeFiles/pico_ver2.dir/C_/Users/chunc/.pico-sdk/sdk/2.0.0/src/common/pico_sync/mutex.c.obj
                0x10000de0                mutex_init
 .text.recursive_mutex_init
                0x10000dfa       0x1e CMakeFiles/pico_ver2.dir/C_/Users/chunc/.pico-sdk/sdk/2.0.0/src/common/pico_sync/mutex.c.obj
                0x10000dfa                recursive_mutex_init
 .text.runtime_init_mutex
                0x10000e18       0x4c CMakeFiles/pico_ver2.dir/C_/Users/chunc/.pico-sdk/sdk/2.0.0/src/common/pico_sync/mutex.c.obj
                0x10000e18                runtime_init_mutex
 .text.make_alarm_id
                0x10000e64        0x6 CMakeFiles/pico_ver2.dir/C_/Users/chunc/.pico-sdk/sdk/2.0.0/src/common/pico_time/time.c.obj
 *fill*         0x10000e6a        0x2 
 .text.sleep_until_callback
                0x10000e6c       0x30 CMakeFiles/pico_ver2.dir/C_/Users/chunc/.pico-sdk/sdk/2.0.0/src/common/pico_time/time.c.obj
 .text.alarm_pool_irq_handler
                0x10000e9c      0x2e0 CMakeFiles/pico_ver2.dir/C_/Users/chunc/.pico-sdk/sdk/2.0.0/src/common/pico_time/time.c.obj
 .text.ta_enable_irq_handler
                0x1000117c       0x2c CMakeFiles/pico_ver2.dir/C_/Users/chunc/.pico-sdk/sdk/2.0.0/src/common/pico_time/time.c.obj
 .text.alarm_pool_post_alloc_init
                0x100011a8       0x78 CMakeFiles/pico_ver2.dir/C_/Users/chunc/.pico-sdk/sdk/2.0.0/src/common/pico_time/time.c.obj
 .text.alarm_pool_get_default
                0x10001220       0x2c CMakeFiles/pico_ver2.dir/C_/Users/chunc/.pico-sdk/sdk/2.0.0/src/common/pico_time/time.c.obj
                0x10001220                alarm_pool_get_default
 .text.alarm_pool_add_alarm_at_force_in_context
                0x1000124c       0xa4 CMakeFiles/pico_ver2.dir/C_/Users/chunc/.pico-sdk/sdk/2.0.0/src/common/pico_time/time.c.obj
                0x1000124c                alarm_pool_add_alarm_at_force_in_context
 .text.alarm_pool_add_alarm_at
                0x100012f0       0x3c CMakeFiles/pico_ver2.dir/C_/Users/chunc/.pico-sdk/sdk/2.0.0/src/common/pico_time/time.c.obj
                0x100012f0                alarm_pool_add_alarm_at
 .text.add_alarm_at
                0x1000132c       0x2e CMakeFiles/pico_ver2.dir/C_/Users/chunc/.pico-sdk/sdk/2.0.0/src/common/pico_time/time.c.obj
 *fill*         0x1000135a        0x2 
 .text.alarm_pool_cancel_alarm
                0x1000135c       0x78 CMakeFiles/pico_ver2.dir/C_/Users/chunc/.pico-sdk/sdk/2.0.0/src/common/pico_time/time.c.obj
                0x1000135c                alarm_pool_cancel_alarm
 .text.cancel_alarm
                0x100013d4       0x10 CMakeFiles/pico_ver2.dir/C_/Users/chunc/.pico-sdk/sdk/2.0.0/src/common/pico_time/time.c.obj
 .text.sleep_until
                0x100013e4       0xc0 CMakeFiles/pico_ver2.dir/C_/Users/chunc/.pico-sdk/sdk/2.0.0/src/common/pico_time/time.c.obj
                0x100013e4                sleep_until
 .text.sleep_us
                0x100014a4       0x24 CMakeFiles/pico_ver2.dir/C_/Users/chunc/.pico-sdk/sdk/2.0.0/src/common/pico_time/time.c.obj
                0x100014a4                sleep_us
 .text.sleep_ms
                0x100014c8       0x14 CMakeFiles/pico_ver2.dir/C_/Users/chunc/.pico-sdk/sdk/2.0.0/src/common/pico_time/time.c.obj
                0x100014c8                sleep_ms
 .text.best_effort_wfe_or_timeout
                0x100014dc       0xc4 CMakeFiles/pico_ver2.dir/C_/Users/chunc/.pico-sdk/sdk/2.0.0/src/common/pico_time/time.c.obj
                0x100014dc                best_effort_wfe_or_timeout
 .text.alarm_pool_get_default_timer
                0x100015a0        0x8 CMakeFiles/pico_ver2.dir/C_/Users/chunc/.pico-sdk/sdk/2.0.0/src/common/pico_time/time.c.obj
                0x100015a0                alarm_pool_get_default_timer
 .text.runtime_init_default_alarm_pool
                0x100015a8       0x38 CMakeFiles/pico_ver2.dir/C_/Users/chunc/.pico-sdk/sdk/2.0.0/src/common/pico_time/time.c.obj
                0x100015a8                runtime_init_default_alarm_pool
 .text.timer_hardware_alarm_claim
                0x100015e0       0x14 CMakeFiles/pico_ver2.dir/C_/Users/chunc/.pico-sdk/sdk/2.0.0/src/rp2_common/hardware_timer/timer.c.obj
                0x100015e0                timer_hardware_alarm_claim
 .text.timer_time_us_64
                0x100015f4       0x10 CMakeFiles/pico_ver2.dir/C_/Users/chunc/.pico-sdk/sdk/2.0.0/src/rp2_common/hardware_timer/timer.c.obj
                0x100015f4                timer_time_us_64
 .text.timer_busy_wait_until
                0x10001604       0x1a CMakeFiles/pico_ver2.dir/C_/Users/chunc/.pico-sdk/sdk/2.0.0/src/rp2_common/hardware_timer/timer.c.obj
                0x10001604                timer_busy_wait_until
 .text.timer_busy_wait_us
                0x1000161e       0x38 CMakeFiles/pico_ver2.dir/C_/Users/chunc/.pico-sdk/sdk/2.0.0/src/rp2_common/hardware_timer/timer.c.obj
                0x1000161e                timer_busy_wait_us
 *fill*         0x10001656        0x2 
 .text.time_us_64
                0x10001658       0x10 CMakeFiles/pico_ver2.dir/C_/Users/chunc/.pico-sdk/sdk/2.0.0/src/rp2_common/hardware_timer/timer.c.obj
                0x10001658                time_us_64
 .text.busy_wait_us
                0x10001668       0x14 CMakeFiles/pico_ver2.dir/C_/Users/chunc/.pico-sdk/sdk/2.0.0/src/rp2_common/hardware_timer/timer.c.obj
                0x10001668                busy_wait_us
 .text.busy_wait_until
                0x1000167c       0x14 CMakeFiles/pico_ver2.dir/C_/Users/chunc/.pico-sdk/sdk/2.0.0/src/rp2_common/hardware_timer/timer.c.obj
                0x1000167c                busy_wait_until
 .text.uart_unreset
                0x10001690       0x2c CMakeFiles/pico_ver2.dir/C_/Users/chunc/.pico-sdk/sdk/2.0.0/src/rp2_common/hardware_uart/uart.c.obj
 .text.uart_disable_before_lcr_write
                0x100016bc       0x48 CMakeFiles/pico_ver2.dir/C_/Users/chunc/.pico-sdk/sdk/2.0.0/src/rp2_common/hardware_uart/uart.c.obj
 .text.uart_write_lcr_bits_masked
                0x10001704       0x20 CMakeFiles/pico_ver2.dir/C_/Users/chunc/.pico-sdk/sdk/2.0.0/src/rp2_common/hardware_uart/uart.c.obj
 .text.uart_set_baudrate
                0x10001724       0x5c CMakeFiles/pico_ver2.dir/C_/Users/chunc/.pico-sdk/sdk/2.0.0/src/rp2_common/hardware_uart/uart.c.obj
                0x10001724                uart_set_baudrate
 .text.uart_set_translate_crlf
                0x10001780       0x28 CMakeFiles/pico_ver2.dir/C_/Users/chunc/.pico-sdk/sdk/2.0.0/src/rp2_common/hardware_uart/uart.c.obj
                0x10001780                uart_set_translate_crlf
 .text.uart_init
                0x100017a8       0x64 CMakeFiles/pico_ver2.dir/C_/Users/chunc/.pico-sdk/sdk/2.0.0/src/rp2_common/hardware_uart/uart.c.obj
                0x100017a8                uart_init
 .text.clock_configure_internal
                0x1000180c       0xc4 CMakeFiles/pico_ver2.dir/C_/Users/chunc/.pico-sdk/sdk/2.0.0/src/rp2_common/hardware_clocks/clocks.c.obj
 .text.clock_configure_int_divider
                0x100018d0       0x28 CMakeFiles/pico_ver2.dir/C_/Users/chunc/.pico-sdk/sdk/2.0.0/src/rp2_common/hardware_clocks/clocks.c.obj
                0x100018d0                clock_configure_int_divider
 .text.clock_configure_undivided
                0x100018f8       0x12 CMakeFiles/pico_ver2.dir/C_/Users/chunc/.pico-sdk/sdk/2.0.0/src/rp2_common/hardware_clocks/clocks.c.obj
                0x100018f8                clock_configure_undivided
 *fill*         0x1000190a        0x2 
 .text.clock_get_hz
                0x1000190c        0xc CMakeFiles/pico_ver2.dir/C_/Users/chunc/.pico-sdk/sdk/2.0.0/src/rp2_common/hardware_clocks/clocks.c.obj
                0x1000190c                clock_get_hz
 .text.pll_init
                0x10001918      0x124 CMakeFiles/pico_ver2.dir/C_/Users/chunc/.pico-sdk/sdk/2.0.0/src/rp2_common/hardware_pll/pll.c.obj
                0x10001918                pll_init
 .text.tick_start
                0x10001a3c       0x10 CMakeFiles/pico_ver2.dir/C_/Users/chunc/.pico-sdk/sdk/2.0.0/src/rp2_common/hardware_ticks/ticks.c.obj
                0x10001a3c                tick_start
 .text.xosc_init
                0x10001a4c       0x28 CMakeFiles/pico_ver2.dir/C_/Users/chunc/.pico-sdk/sdk/2.0.0/src/rp2_common/hardware_xosc/xosc.c.obj
                0x10001a4c                xosc_init
 .text.runtime_run_initializers_from
                0x10001a74       0x18 CMakeFiles/pico_ver2.dir/C_/Users/chunc/.pico-sdk/sdk/2.0.0/src/rp2_common/pico_runtime/runtime.c.obj
 .text.first_per_core_initializer
                0x10001a8c        0x2 CMakeFiles/pico_ver2.dir/C_/Users/chunc/.pico-sdk/sdk/2.0.0/src/rp2_common/pico_runtime/runtime.c.obj
 *fill*         0x10001a8e        0x2 
 .text.runtime_run_initializers
                0x10001a90       0x10 CMakeFiles/pico_ver2.dir/C_/Users/chunc/.pico-sdk/sdk/2.0.0/src/rp2_common/pico_runtime/runtime.c.obj
                0x10001a90                runtime_run_initializers
 .text.runtime_run_per_core_initializers
                0x10001aa0       0x10 CMakeFiles/pico_ver2.dir/C_/Users/chunc/.pico-sdk/sdk/2.0.0/src/rp2_common/pico_runtime/runtime.c.obj
                0x10001aa0                runtime_run_per_core_initializers
 .text.runtime_init_early_resets
                0x10001ab0       0x2c CMakeFiles/pico_ver2.dir/C_/Users/chunc/.pico-sdk/sdk/2.0.0/src/rp2_common/pico_runtime_init/runtime_init.c.obj
                0x10001ab0                runtime_init_early_resets
 .text.runtime_init_usb_power_down
                0x10001adc       0x1c CMakeFiles/pico_ver2.dir/C_/Users/chunc/.pico-sdk/sdk/2.0.0/src/rp2_common/pico_runtime_init/runtime_init.c.obj
                0x10001adc                runtime_init_usb_power_down
 .text.runtime_init_post_clock_resets
                0x10001af8       0x20 CMakeFiles/pico_ver2.dir/C_/Users/chunc/.pico-sdk/sdk/2.0.0/src/rp2_common/pico_runtime_init/runtime_init.c.obj
                0x10001af8                runtime_init_post_clock_resets
 .text.runtime_init_rp2040_gpio_ie_disable
                0x10001b18       0x14 CMakeFiles/pico_ver2.dir/C_/Users/chunc/.pico-sdk/sdk/2.0.0/src/rp2_common/pico_runtime_init/runtime_init.c.obj
                0x10001b18                runtime_init_rp2040_gpio_ie_disable
 .text.runtime_init_spin_locks_reset
                0x10001b2c        0x8 CMakeFiles/pico_ver2.dir/C_/Users/chunc/.pico-sdk/sdk/2.0.0/src/rp2_common/pico_runtime_init/runtime_init.c.obj
                0x10001b2c                runtime_init_spin_locks_reset
 .text.runtime_init_install_ram_vector_table
                0x10001b34       0x1c CMakeFiles/pico_ver2.dir/C_/Users/chunc/.pico-sdk/sdk/2.0.0/src/rp2_common/pico_runtime_init/runtime_init.c.obj
                0x10001b34                runtime_init_install_ram_vector_table
 .text.start_all_ticks
                0x10001b50       0x28 CMakeFiles/pico_ver2.dir/C_/Users/chunc/.pico-sdk/sdk/2.0.0/src/rp2_common/pico_runtime_init/runtime_init_clocks.c.obj
 .text.runtime_init_clocks
                0x10001b78       0xcc CMakeFiles/pico_ver2.dir/C_/Users/chunc/.pico-sdk/sdk/2.0.0/src/rp2_common/pico_runtime_init/runtime_init_clocks.c.obj
                0x10001b78                runtime_init_clocks
 .text          0x10001c44       0x10 CMakeFiles/pico_ver2.dir/C_/Users/chunc/.pico-sdk/sdk/2.0.0/src/rp2_common/pico_bit_ops/bit_ops_aeabi.S.obj
 .text.rom_func_lookup
                0x10001c54       0x10 CMakeFiles/pico_ver2.dir/C_/Users/chunc/.pico-sdk/sdk/2.0.0/src/rp2_common/pico_bootrom/bootrom.c.obj
                0x10001c54                rom_func_lookup
 .text.rom_data_lookup
                0x10001c64       0x10 CMakeFiles/pico_ver2.dir/C_/Users/chunc/.pico-sdk/sdk/2.0.0/src/rp2_common/pico_bootrom/bootrom.c.obj
                0x10001c64                rom_data_lookup
 .text.rom_funcs_lookup
                0x10001c74       0x36 CMakeFiles/pico_ver2.dir/C_/Users/chunc/.pico-sdk/sdk/2.0.0/src/rp2_common/pico_bootrom/bootrom.c.obj
                0x10001c74                rom_funcs_lookup
 *fill*         0x10001caa        0x2 
 .text.__wrap___aeabi_idiv
                0x10001cac       0x50 CMakeFiles/pico_ver2.dir/C_/Users/chunc/.pico-sdk/sdk/2.0.0/src/rp2_common/pico_divider/divider_hardware.S.obj
                0x10001cac                __wrap___aeabi_idivmod
                0x10001cac                divmod_s32s32
                0x10001cac                div_s32s32
                0x10001cac                __wrap___aeabi_idiv
                0x10001cb4                divmod_s32s32_unsafe
                0x10001ce0                divmod_s32s32_savestate
 .text.__wrap___aeabi_uidiv
                0x10001cfc       0x4c CMakeFiles/pico_ver2.dir/C_/Users/chunc/.pico-sdk/sdk/2.0.0/src/rp2_common/pico_divider/divider_hardware.S.obj
                0x10001cfc                __wrap___aeabi_uidiv
                0x10001cfc                __wrap___aeabi_uidivmod
                0x10001cfc                div_u32u32
                0x10001cfc                divmod_u32u32
                0x10001d04                divmod_u32u32_unsafe
                0x10001d2c                divmod_u32u32_savestate
 .text.__wrap___aeabi_ldiv
                0x10001d48      0x424 CMakeFiles/pico_ver2.dir/C_/Users/chunc/.pico-sdk/sdk/2.0.0/src/rp2_common/pico_divider/divider_hardware.S.obj
                0x10001d48                div_s64s64
                0x10001d48                divmod_s64s64
                0x10001d48                __wrap___aeabi_ldivmod
                0x10001d78                divmod_u64u64
                0x10001d78                div_u64u64
                0x10001d78                __wrap___aeabi_uldivmod
                0x10001d88                divmod_u64u64_savestate
                0x10001da8                divmod_s64s64_unsafe
                0x10001e30                divmod_u64u64_unsafe
 .text.__wrap___aeabi_darithmetic
                0x1000216c       0x80 CMakeFiles/pico_ver2.dir/C_/Users/chunc/.pico-sdk/sdk/2.0.0/src/rp2_common/pico_double/double_aeabi_rp2040.S.obj
                0x1000216c                __wrap___aeabi_drsub
                0x10002172                __wrap___aeabi_dsub
                0x10002184                __wrap___aeabi_dadd
                0x10002196                __wrap___aeabi_ddiv
                0x100021d2                __wrap___aeabi_dmul
 .text.__wrap___aeabi_cdcmple
                0x100021ec       0x6c CMakeFiles/pico_ver2.dir/C_/Users/chunc/.pico-sdk/sdk/2.0.0/src/rp2_common/pico_double/double_aeabi_rp2040.S.obj
                0x100021ec                __wrap___aeabi_cdrcmple
                0x100021fc                __wrap___aeabi_cdcmpeq
                0x100021fc                __wrap___aeabi_cdcmple
 .text.__wrap___aeabi_dcmplt
                0x10002258        0xc CMakeFiles/pico_ver2.dir/C_/Users/chunc/.pico-sdk/sdk/2.0.0/src/rp2_common/pico_double/double_aeabi_rp2040.S.obj
                0x10002258                __wrap___aeabi_dcmplt
 .text.__wrap___aeabi_dcmple
                0x10002264       0x10 CMakeFiles/pico_ver2.dir/C_/Users/chunc/.pico-sdk/sdk/2.0.0/src/rp2_common/pico_double/double_aeabi_rp2040.S.obj
                0x10002264                __wrap___aeabi_dcmple
 .text.__wrap___aeabi_dcmpge
                0x10002274       0x10 CMakeFiles/pico_ver2.dir/C_/Users/chunc/.pico-sdk/sdk/2.0.0/src/rp2_common/pico_double/double_aeabi_rp2040.S.obj
                0x10002274                __wrap___aeabi_dcmpge
 .text.__wrap___aeabi_dcmpgt
                0x10002284        0xa CMakeFiles/pico_ver2.dir/C_/Users/chunc/.pico-sdk/sdk/2.0.0/src/rp2_common/pico_double/double_aeabi_rp2040.S.obj
                0x10002284                __wrap___aeabi_dcmpgt
 .text.__wrap___aeabi_dcmpun
                0x1000228e       0x18 CMakeFiles/pico_ver2.dir/C_/Users/chunc/.pico-sdk/sdk/2.0.0/src/rp2_common/pico_double/double_aeabi_rp2040.S.obj
                0x1000228e                __wrap___aeabi_dcmpun
 *fill*         0x100022a6        0x2 
 .text.__wrap___aeabi_i2d
                0x100022a8       0x38 CMakeFiles/pico_ver2.dir/C_/Users/chunc/.pico-sdk/sdk/2.0.0/src/rp2_common/pico_double/double_aeabi_rp2040.S.obj
                0x100022a8                __wrap___aeabi_ui2d
                0x100022b0                __wrap___aeabi_i2d
 .text.__wrap___aeabi_d2iz
                0x100022e0       0x48 CMakeFiles/pico_ver2.dir/C_/Users/chunc/.pico-sdk/sdk/2.0.0/src/rp2_common/pico_double/double_aeabi_rp2040.S.obj
                0x100022e0                double2int_z
                0x100022e0                __wrap___aeabi_d2iz
 .text.__wrap___aeabi_d2uiz
                0x10002328       0x18 CMakeFiles/pico_ver2.dir/C_/Users/chunc/.pico-sdk/sdk/2.0.0/src/rp2_common/pico_double/double_aeabi_rp2040.S.obj
                0x10002328                __wrap___aeabi_d2uiz
                0x10002328                double2uint
 .text.__aeabi_double_init
                0x10002340       0xcc CMakeFiles/pico_ver2.dir/C_/Users/chunc/.pico-sdk/sdk/2.0.0/src/rp2_common/pico_double/double_init_rom_rp2040.c.obj
                0x10002340                __aeabi_double_init
 .text.double_table_shim_on_use_helper
                0x1000240c       0x34 CMakeFiles/pico_ver2.dir/C_/Users/chunc/.pico-sdk/sdk/2.0.0/src/rp2_common/pico_double/double_v1_rom_shim_rp2040.S.obj
                0x1000240c                double_table_shim_on_use_helper
 .text.__wrap___aeabi_dsub
                0x10002440       0x10 CMakeFiles/pico_ver2.dir/C_/Users/chunc/.pico-sdk/sdk/2.0.0/src/rp2_common/pico_double/double_v1_rom_shim_rp2040.S.obj
                0x10002440                drsub_shim
                0x10002446                dsub_shim
 .text.dadd_shim
                0x10002450      0x15c CMakeFiles/pico_ver2.dir/C_/Users/chunc/.pico-sdk/sdk/2.0.0/src/rp2_common/pico_double/double_v1_rom_shim_rp2040.S.obj
                0x10002450                dadd_shim
 .text.dmul_shim
                0x100025ac      0x15c CMakeFiles/pico_ver2.dir/C_/Users/chunc/.pico-sdk/sdk/2.0.0/src/rp2_common/pico_double/double_v1_rom_shim_rp2040.S.obj
                0x100025ac                dmul_shim
 .text.ddiv_shim
                0x10002708      0x1b0 CMakeFiles/pico_ver2.dir/C_/Users/chunc/.pico-sdk/sdk/2.0.0/src/rp2_common/pico_double/double_v1_rom_shim_rp2040.S.obj
                0x10002708                ddiv_shim
 .text.double2uint_shim
                0x100028b8        0xe CMakeFiles/pico_ver2.dir/C_/Users/chunc/.pico-sdk/sdk/2.0.0/src/rp2_common/pico_double/double_v1_rom_shim_rp2040.S.obj
                0x100028b8                double2uint_shim
                0x100028ba                double2ufix_shim
 *fill*         0x100028c6        0x2 
 .text.double2uint64_shim
                0x100028c8       0x70 CMakeFiles/pico_ver2.dir/C_/Users/chunc/.pico-sdk/sdk/2.0.0/src/rp2_common/pico_double/double_v1_rom_shim_rp2040.S.obj
                0x100028c8                double2uint64_shim
                0x100028ca                double2ufix64_shim
                0x100028ea                d2fix_a
 .text.dunpacks
                0x10002938       0x3c CMakeFiles/pico_ver2.dir/C_/Users/chunc/.pico-sdk/sdk/2.0.0/src/rp2_common/pico_double/double_v1_rom_shim_rp2040.S.obj
                0x10002938                dunpacks
 .text.__aeabi_lmul
                0x10002974       0x32 CMakeFiles/pico_ver2.dir/C_/Users/chunc/.pico-sdk/sdk/2.0.0/src/rp2_common/pico_int64_ops/pico_int64_ops_aeabi.S.obj
                0x10002974                __wrap___aeabi_lmul
 *fill*         0x100029a6        0x2 
 .text.__wrap___aeabi_farithmetic
                0x100029a8       0x58 CMakeFiles/pico_ver2.dir/C_/Users/chunc/.pico-sdk/sdk/2.0.0/src/rp2_common/pico_float/float_aeabi_rp2040.S.obj
                0x100029a8                __wrap___aeabi_frsub
                0x100029ae                __wrap___aeabi_fsub
                0x100029b8                __wrap___aeabi_fadd
                0x100029c2                __wrap___aeabi_fdiv
                0x100029ee                __wrap___aeabi_fmul
 .text.__wrap___aeabi_cfcmple
                0x10002a00       0x50 CMakeFiles/pico_ver2.dir/C_/Users/chunc/.pico-sdk/sdk/2.0.0/src/rp2_common/pico_float/float_aeabi_rp2040.S.obj
                0x10002a00                __wrap___aeabi_cfrcmple
                0x10002a0c                __wrap___aeabi_cfcmple
                0x10002a0c                __wrap___aeabi_cfcmpeq
 .text.__wrap___aeabi_fcmpeq
                0x10002a50       0x10 CMakeFiles/pico_ver2.dir/C_/Users/chunc/.pico-sdk/sdk/2.0.0/src/rp2_common/pico_float/float_aeabi_rp2040.S.obj
                0x10002a50                __wrap___aeabi_fcmpeq
 .text.__wrap___aeabi_i2f
                0x10002a60       0x44 CMakeFiles/pico_ver2.dir/C_/Users/chunc/.pico-sdk/sdk/2.0.0/src/rp2_common/pico_float/float_aeabi_rp2040.S.obj
                0x10002a60                __wrap___aeabi_i2f
                0x10002a60                int2float
 .text.__wrap___aeabi_f2iz
                0x10002aa4       0x4e CMakeFiles/pico_ver2.dir/C_/Users/chunc/.pico-sdk/sdk/2.0.0/src/rp2_common/pico_float/float_aeabi_rp2040.S.obj
                0x10002aa4                float2int_z
                0x10002aa4                __wrap___aeabi_f2iz
 *fill*         0x10002af2        0x2 
 .text.float2int
                0x10002af4       0x14 CMakeFiles/pico_ver2.dir/C_/Users/chunc/.pico-sdk/sdk/2.0.0/src/rp2_common/pico_float/float_aeabi_rp2040.S.obj
                0x10002af4                float2int
 .text.__wrap___aeabi_f2uiz
                0x10002b08       0x10 CMakeFiles/pico_ver2.dir/C_/Users/chunc/.pico-sdk/sdk/2.0.0/src/rp2_common/pico_float/float_aeabi_rp2040.S.obj
                0x10002b08                __wrap___aeabi_f2uiz
                0x10002b08                float2uint_z
 .text.__wrap___aeabi_f2d
                0x10002b18       0x14 CMakeFiles/pico_ver2.dir/C_/Users/chunc/.pico-sdk/sdk/2.0.0/src/rp2_common/pico_float/float_aeabi_rp2040.S.obj
                0x10002b18                __wrap___aeabi_f2d
 .text.__aeabi_float_init
                0x10002b2c       0xfc CMakeFiles/pico_ver2.dir/C_/Users/chunc/.pico-sdk/sdk/2.0.0/src/rp2_common/pico_float/float_init_rom_rp2040.c.obj
                0x10002b2c                __aeabi_float_init
 .text.float_table_shim_on_use_helper
                0x10002c28       0x34 CMakeFiles/pico_ver2.dir/C_/Users/chunc/.pico-sdk/sdk/2.0.0/src/rp2_common/pico_float/float_v1_rom_shim_rp2040.S.obj
                0x10002c28                float_table_shim_on_use_helper
 .text.float232_shims
                0x10002c5c       0x18 CMakeFiles/pico_ver2.dir/C_/Users/chunc/.pico-sdk/sdk/2.0.0/src/rp2_common/pico_float/float_v1_rom_shim_rp2040.S.obj
                0x10002c5c                float2int_shim
                0x10002c5e                float2fix_shim
 .text.float2double_shim
                0x10002c74       0x30 CMakeFiles/pico_ver2.dir/C_/Users/chunc/.pico-sdk/sdk/2.0.0/src/rp2_common/pico_float/float_v1_rom_shim_rp2040.S.obj
                0x10002c74                float2double_shim
 .text          0x10002ca4       0x10 CMakeFiles/pico_ver2.dir/C_/Users/chunc/.pico-sdk/sdk/2.0.0/src/rp2_common/pico_mem_ops/mem_ops_aeabi.S.obj
                0x10002ca4                __aeabi_mem_init
 .text.memset   0x10002cb4        0xc CMakeFiles/pico_ver2.dir/C_/Users/chunc/.pico-sdk/sdk/2.0.0/src/rp2_common/pico_mem_ops/mem_ops_aeabi.S.obj
                0x10002cb4                __wrap_memset
 .text.memcpy   0x10002cc0        0xc CMakeFiles/pico_ver2.dir/C_/Users/chunc/.pico-sdk/sdk/2.0.0/src/rp2_common/pico_mem_ops/mem_ops_aeabi.S.obj
                0x10002cc0                __wrap_memcpy
                0x10002cc0                __wrap___aeabi_memcpy
 .text._out_buffer
                0x10002ccc        0x8 CMakeFiles/pico_ver2.dir/C_/Users/chunc/.pico-sdk/sdk/2.0.0/src/rp2_common/pico_printf/printf.c.obj
 .text._out_null
                0x10002cd4        0x2 CMakeFiles/pico_ver2.dir/C_/Users/chunc/.pico-sdk/sdk/2.0.0/src/rp2_common/pico_printf/printf.c.obj
 .text._out_fct
                0x10002cd6        0xe CMakeFiles/pico_ver2.dir/C_/Users/chunc/.pico-sdk/sdk/2.0.0/src/rp2_common/pico_printf/printf.c.obj
 .text._atoi    0x10002ce4       0x24 CMakeFiles/pico_ver2.dir/C_/Users/chunc/.pico-sdk/sdk/2.0.0/src/rp2_common/pico_printf/printf.c.obj
 .text._out_rev
                0x10002d08       0xae CMakeFiles/pico_ver2.dir/C_/Users/chunc/.pico-sdk/sdk/2.0.0/src/rp2_common/pico_printf/printf.c.obj
 .text._ntoa_format
                0x10002db6      0x110 CMakeFiles/pico_ver2.dir/C_/Users/chunc/.pico-sdk/sdk/2.0.0/src/rp2_common/pico_printf/printf.c.obj
 .text._ntoa_long
                0x10002ec6       0xbc CMakeFiles/pico_ver2.dir/C_/Users/chunc/.pico-sdk/sdk/2.0.0/src/rp2_common/pico_printf/printf.c.obj
 .text._ntoa_long_long
                0x10002f82      0x10e CMakeFiles/pico_ver2.dir/C_/Users/chunc/.pico-sdk/sdk/2.0.0/src/rp2_common/pico_printf/printf.c.obj
 .text._etoa    0x10003090      0x420 CMakeFiles/pico_ver2.dir/C_/Users/chunc/.pico-sdk/sdk/2.0.0/src/rp2_common/pico_printf/printf.c.obj
 .text._ftoa    0x100034b0      0x354 CMakeFiles/pico_ver2.dir/C_/Users/chunc/.pico-sdk/sdk/2.0.0/src/rp2_common/pico_printf/printf.c.obj
 .text._vsnprintf
                0x10003804      0x668 CMakeFiles/pico_ver2.dir/C_/Users/chunc/.pico-sdk/sdk/2.0.0/src/rp2_common/pico_printf/printf.c.obj
 .text.__wrap_snprintf
                0x10003e6c       0x28 CMakeFiles/pico_ver2.dir/C_/Users/chunc/.pico-sdk/sdk/2.0.0/src/rp2_common/pico_printf/printf.c.obj
                0x10003e6c                __wrap_snprintf
 .text.vfctprintf
                0x10003e94       0x20 CMakeFiles/pico_ver2.dir/C_/Users/chunc/.pico-sdk/sdk/2.0.0/src/rp2_common/pico_printf/printf.c.obj
                0x10003e94                vfctprintf
 .text._exit    0x10003eb4        0x4 CMakeFiles/pico_ver2.dir/C_/Users/chunc/.pico-sdk/sdk/2.0.0/src/rp2_common/pico_clib_interface/newlib_interface.c.obj
                0x10003eb4                _exit
 .text.exit     0x10003eb8        0x6 CMakeFiles/pico_ver2.dir/C_/Users/chunc/.pico-sdk/sdk/2.0.0/src/rp2_common/pico_clib_interface/newlib_interface.c.obj
                0x10003eb8                exit
 *fill*         0x10003ebe        0x2 
 .text.__assert_func
                0x10003ec0       0x38 CMakeFiles/pico_ver2.dir/C_/Users/chunc/.pico-sdk/sdk/2.0.0/src/rp2_common/pico_clib_interface/newlib_interface.c.obj
                0x10003ec0                __assert_func
 .text.runtime_init
                0x10003ef8       0x28 CMakeFiles/pico_ver2.dir/C_/Users/chunc/.pico-sdk/sdk/2.0.0/src/rp2_common/pico_clib_interface/newlib_interface.c.obj
                0x10003ef8                runtime_init
 .text.stdio_out_chars_no_crlf
                0x10003f20        0xe CMakeFiles/pico_ver2.dir/C_/Users/chunc/.pico-sdk/sdk/2.0.0/src/rp2_common/pico_stdio/stdio.c.obj
 *fill*         0x10003f2e        0x2 
 .text.stdio_out_chars_crlf
                0x10003f30       0x80 CMakeFiles/pico_ver2.dir/C_/Users/chunc/.pico-sdk/sdk/2.0.0/src/rp2_common/pico_stdio/stdio.c.obj
 .text.stdio_stack_buffer_flush
                0x10003fb0       0x44 CMakeFiles/pico_ver2.dir/C_/Users/chunc/.pico-sdk/sdk/2.0.0/src/rp2_common/pico_stdio/stdio.c.obj
 .text.stdio_buffered_printer
                0x10003ff4       0x20 CMakeFiles/pico_ver2.dir/C_/Users/chunc/.pico-sdk/sdk/2.0.0/src/rp2_common/pico_stdio/stdio.c.obj
 .text.stdout_serialize_begin
                0x10004014       0x30 CMakeFiles/pico_ver2.dir/C_/Users/chunc/.pico-sdk/sdk/2.0.0/src/rp2_common/pico_stdio/stdio.c.obj
                0x10004014                stdout_serialize_begin
 .text.stdout_serialize_end
                0x10004044       0x10 CMakeFiles/pico_ver2.dir/C_/Users/chunc/.pico-sdk/sdk/2.0.0/src/rp2_common/pico_stdio/stdio.c.obj
                0x10004044                stdout_serialize_end
 .text.stdio_put_string
                0x10004054       0x94 CMakeFiles/pico_ver2.dir/C_/Users/chunc/.pico-sdk/sdk/2.0.0/src/rp2_common/pico_stdio/stdio.c.obj
                0x10004054                stdio_put_string
 .text.stdio_set_driver_enabled
                0x100040e8       0x2c CMakeFiles/pico_ver2.dir/C_/Users/chunc/.pico-sdk/sdk/2.0.0/src/rp2_common/pico_stdio/stdio.c.obj
                0x100040e8                stdio_set_driver_enabled
 .text.stdio_flush
                0x10004114       0x20 CMakeFiles/pico_ver2.dir/C_/Users/chunc/.pico-sdk/sdk/2.0.0/src/rp2_common/pico_stdio/stdio.c.obj
                0x10004114                stdio_flush
 .text.stdio_init_all
                0x10004134        0xa CMakeFiles/pico_ver2.dir/C_/Users/chunc/.pico-sdk/sdk/2.0.0/src/rp2_common/pico_stdio/stdio.c.obj
                0x10004134                stdio_init_all
 .text.__wrap_puts
                0x1000413e       0x1e CMakeFiles/pico_ver2.dir/C_/Users/chunc/.pico-sdk/sdk/2.0.0/src/rp2_common/pico_stdio/stdio.c.obj
                0x1000413e                stdio_puts
                0x1000413e                __wrap_puts
 .text.__wrap_vprintf
                0x1000415c       0x40 CMakeFiles/pico_ver2.dir/C_/Users/chunc/.pico-sdk/sdk/2.0.0/src/rp2_common/pico_stdio/stdio.c.obj
                0x1000415c                stdio_vprintf
                0x1000415c                __wrap_vprintf
 .text.__wrap_printf
                0x1000419c       0x18 CMakeFiles/pico_ver2.dir/C_/Users/chunc/.pico-sdk/sdk/2.0.0/src/rp2_common/pico_stdio/stdio.c.obj
                0x1000419c                __wrap_printf
                0x1000419c                stdio_printf
 .text.uart_putc
                0x100041b4       0x60 CMakeFiles/pico_ver2.dir/C_/Users/chunc/.pico-sdk/sdk/2.0.0/src/rp2_common/pico_stdio_uart/stdio_uart.c.obj
 .text.uart_getc
                0x10004214       0x24 CMakeFiles/pico_ver2.dir/C_/Users/chunc/.pico-sdk/sdk/2.0.0/src/rp2_common/pico_stdio_uart/stdio_uart.c.obj
 .text.stdio_uart_out_chars
                0x10004238       0x20 CMakeFiles/pico_ver2.dir/C_/Users/chunc/.pico-sdk/sdk/2.0.0/src/rp2_common/pico_stdio_uart/stdio_uart.c.obj
 .text.stdio_uart_in_chars
                0x10004258       0x5c CMakeFiles/pico_ver2.dir/C_/Users/chunc/.pico-sdk/sdk/2.0.0/src/rp2_common/pico_stdio_uart/stdio_uart.c.obj
                0x10004258                stdio_uart_in_chars
 .text.on_uart_rx
                0x100042b4       0x28 CMakeFiles/pico_ver2.dir/C_/Users/chunc/.pico-sdk/sdk/2.0.0/src/rp2_common/pico_stdio_uart/stdio_uart.c.obj
 .text.stdio_uart_out_flush
                0x100042dc       0x10 CMakeFiles/pico_ver2.dir/C_/Users/chunc/.pico-sdk/sdk/2.0.0/src/rp2_common/pico_stdio_uart/stdio_uart.c.obj
 .text.stdio_uart_set_chars_available_callback
                0x100042ec       0x8c CMakeFiles/pico_ver2.dir/C_/Users/chunc/.pico-sdk/sdk/2.0.0/src/rp2_common/pico_stdio_uart/stdio_uart.c.obj
 .text.stdio_uart_init_full
                0x10004378       0x44 CMakeFiles/pico_ver2.dir/C_/Users/chunc/.pico-sdk/sdk/2.0.0/src/rp2_common/pico_stdio_uart/stdio_uart.c.obj
                0x10004378                stdio_uart_init_full
 .text.stdio_uart_init
                0x100043bc       0x30 CMakeFiles/pico_ver2.dir/C_/Users/chunc/.pico-sdk/sdk/2.0.0/src/rp2_common/pico_stdio_uart/stdio_uart.c.obj
                0x100043bc                stdio_uart_init
 .text.i2c_unreset
                0x100043ec       0x2c CMakeFiles/pico_ver2.dir/C_/Users/chunc/.pico-sdk/sdk/2.0.0/src/rp2_common/hardware_i2c/i2c.c.obj
 .text.i2c_write_blocking_internal
                0x10004418      0x158 CMakeFiles/pico_ver2.dir/C_/Users/chunc/.pico-sdk/sdk/2.0.0/src/rp2_common/hardware_i2c/i2c.c.obj
 .text.i2c_read_blocking_internal
                0x10004570       0xee CMakeFiles/pico_ver2.dir/C_/Users/chunc/.pico-sdk/sdk/2.0.0/src/rp2_common/hardware_i2c/i2c.c.obj
 *fill*         0x1000465e        0x2 
 .text.i2c_set_baudrate
                0x10004660       0xf0 CMakeFiles/pico_ver2.dir/C_/Users/chunc/.pico-sdk/sdk/2.0.0/src/rp2_common/hardware_i2c/i2c.c.obj
                0x10004660                i2c_set_baudrate
 .text.i2c_init
                0x10004750       0x54 CMakeFiles/pico_ver2.dir/C_/Users/chunc/.pico-sdk/sdk/2.0.0/src/rp2_common/hardware_i2c/i2c.c.obj
                0x10004750                i2c_init
 .text.i2c_write_blocking
                0x100047a4       0x18 CMakeFiles/pico_ver2.dir/C_/Users/chunc/.pico-sdk/sdk/2.0.0/src/rp2_common/hardware_i2c/i2c.c.obj
                0x100047a4                i2c_write_blocking
 .text.i2c_read_blocking
                0x100047bc       0x18 CMakeFiles/pico_ver2.dir/C_/Users/chunc/.pico-sdk/sdk/2.0.0/src/rp2_common/hardware_i2c/i2c.c.obj
                0x100047bc                i2c_read_blocking
 .text.core1_trampoline
                0x100047d4        0x2 CMakeFiles/pico_ver2.dir/C_/Users/chunc/.pico-sdk/sdk/2.0.0/src/rp2_common/pico_multicore/multicore.c.obj
 .text.core1_wrapper
                0x100047d6        0xc CMakeFiles/pico_ver2.dir/C_/Users/chunc/.pico-sdk/sdk/2.0.0/src/rp2_common/pico_multicore/multicore.c.obj
                0x100047d6                core1_wrapper
 .text.multicore_fifo_push_blocking
                0x100047e2       0x14 CMakeFiles/pico_ver2.dir/C_/Users/chunc/.pico-sdk/sdk/2.0.0/src/rp2_common/pico_multicore/multicore.c.obj
                0x100047e2                multicore_fifo_push_blocking
 .text.multicore_fifo_pop_blocking
                0x100047f6       0x16 CMakeFiles/pico_ver2.dir/C_/Users/chunc/.pico-sdk/sdk/2.0.0/src/rp2_common/pico_multicore/multicore.c.obj
                0x100047f6                multicore_fifo_pop_blocking
 .text.multicore_launch_core1_raw
                0x1000480c       0x70 CMakeFiles/pico_ver2.dir/C_/Users/chunc/.pico-sdk/sdk/2.0.0/src/rp2_common/pico_multicore/multicore.c.obj
                0x1000480c                multicore_launch_core1_raw
 .text.multicore_launch_core1_with_stack
                0x1000487c       0x50 CMakeFiles/pico_ver2.dir/C_/Users/chunc/.pico-sdk/sdk/2.0.0/src/rp2_common/pico_multicore/multicore.c.obj
                0x1000487c                multicore_launch_core1_with_stack
 .text.multicore_launch_core1
                0x100048cc       0x24 CMakeFiles/pico_ver2.dir/C_/Users/chunc/.pico-sdk/sdk/2.0.0/src/rp2_common/pico_multicore/multicore.c.obj
                0x100048cc                multicore_launch_core1
 .text.strncpy  0x100048f0       0x60 C:/Users/chunc/.pico-sdk/toolchain/13_2_Rel1/bin/../lib/gcc/arm-none-eabi/13.2.1/thumb/v6-m/nofp\libg.a(libc_a-strncpy.o)
                0x100048f0                strncpy
 .text.strlen   0x10004950       0x5c C:/Users/chunc/.pico-sdk/toolchain/13_2_Rel1/bin/../lib/gcc/arm-none-eabi/13.2.1/thumb/v6-m/nofp\libg.a(libc_a-strlen-stub.o)
                0x10004950                strlen
 *(.fini)
 .fini          0x100049ac        0x4 C:/Users/chunc/.pico-sdk/toolchain/13_2_Rel1/bin/../lib/gcc/arm-none-eabi/13.2.1/thumb/v6-m/nofp/crti.o
                0x100049ac                _fini
 .fini.__stub   0x100049b0       0x40 linker stubs
 *crtbegin.o(.ctors)
 *crtbegin?.o(.ctors)
 *(EXCLUDE_FILE(*crtend.o *crtend?.o) .ctors)
 *(SORT_BY_NAME(.ctors.*))
 *(.ctors)
 *crtbegin.o(.dtors)
 *crtbegin?.o(.dtors)
 *(EXCLUDE_FILE(*crtend.o *crtend?.o) .dtors)
 *(SORT_BY_NAME(.dtors.*))
 *(.dtors)
                0x100049f0                        . = ALIGN (0x4)
                0x100049f0                        PROVIDE (__preinit_array_start = .)
 *(SORT_BY_NAME(.preinit_array.*))
 .preinit_array.00100
                0x100049f0        0x4 CMakeFiles/pico_ver2.dir/C_/Users/chunc/.pico-sdk/sdk/2.0.0/src/rp2_common/pico_runtime_init/runtime_init.c.obj
                0x100049f0                __pre_init_runtime_init_early_resets
 .preinit_array.00101
                0x100049f4        0x4 CMakeFiles/pico_ver2.dir/C_/Users/chunc/.pico-sdk/sdk/2.0.0/src/rp2_common/pico_runtime_init/runtime_init.c.obj
                0x100049f4                __pre_init_runtime_init_usb_power_down
 .preinit_array.00275
                0x100049f8        0x4 CMakeFiles/pico_ver2.dir/C_/Users/chunc/.pico-sdk/sdk/2.0.0/src/rp2_common/pico_bit_ops/bit_ops_aeabi.S.obj
 .preinit_array.00300
                0x100049fc        0x4 CMakeFiles/pico_ver2.dir/C_/Users/chunc/.pico-sdk/sdk/2.0.0/src/rp2_common/pico_mem_ops/mem_ops_aeabi.S.obj
 .preinit_array.00350
                0x10004a00        0x4 CMakeFiles/pico_ver2.dir/C_/Users/chunc/.pico-sdk/sdk/2.0.0/src/rp2_common/pico_double/double_aeabi_rp2040.S.obj
 .preinit_array.00350
                0x10004a04        0x4 CMakeFiles/pico_ver2.dir/C_/Users/chunc/.pico-sdk/sdk/2.0.0/src/rp2_common/pico_float/float_aeabi_rp2040.S.obj
 .preinit_array.00500
                0x10004a08        0x4 CMakeFiles/pico_ver2.dir/C_/Users/chunc/.pico-sdk/sdk/2.0.0/src/rp2_common/pico_runtime_init/runtime_init.c.obj
                0x10004a08                __pre_init_runtime_init_clocks
 .preinit_array.00600
                0x10004a0c        0x4 CMakeFiles/pico_ver2.dir/C_/Users/chunc/.pico-sdk/sdk/2.0.0/src/rp2_common/pico_runtime_init/runtime_init.c.obj
                0x10004a0c                __pre_init_runtime_init_post_clock_resets
 .preinit_array.00700
                0x10004a10        0x4 CMakeFiles/pico_ver2.dir/C_/Users/chunc/.pico-sdk/sdk/2.0.0/src/rp2_common/pico_runtime_init/runtime_init.c.obj
                0x10004a10                __pre_init_runtime_init_rp2040_gpio_ie_disable
 .preinit_array.01000
                0x10004a14        0x4 CMakeFiles/pico_ver2.dir/C_/Users/chunc/.pico-sdk/sdk/2.0.0/src/rp2_common/pico_runtime_init/runtime_init.c.obj
                0x10004a14                __pre_init_runtime_init_spin_locks_reset
 .preinit_array.01100
                0x10004a18        0x4 CMakeFiles/pico_ver2.dir/C_/Users/chunc/.pico-sdk/sdk/2.0.0/src/common/pico_sync/mutex.c.obj
                0x10004a18                __pre_init_runtime_init_mutex
 .preinit_array.10080
                0x10004a1c        0x4 CMakeFiles/pico_ver2.dir/C_/Users/chunc/.pico-sdk/sdk/2.0.0/src/rp2_common/pico_runtime_init/runtime_init.c.obj
                0x10004a1c                __pre_init_runtime_init_install_ram_vector_table
 .preinit_array.11000
                0x10004a20        0x4 CMakeFiles/pico_ver2.dir/C_/Users/chunc/.pico-sdk/sdk/2.0.0/src/common/pico_time/time.c.obj
                0x10004a20                __pre_init_runtime_init_default_alarm_pool
 .preinit_array.YYYYY
                0x10004a24        0x4 CMakeFiles/pico_ver2.dir/C_/Users/chunc/.pico-sdk/sdk/2.0.0/src/rp2_common/pico_runtime/runtime.c.obj
                0x10004a24                __pre_init_first_per_core_initializer
 .preinit_array.ZZZZZ.01200
                0x10004a28        0x4 CMakeFiles/pico_ver2.dir/C_/Users/chunc/.pico-sdk/sdk/2.0.0/src/rp2_common/hardware_irq/irq.c.obj
                0x10004a28                __pre_init_runtime_init_per_core_irq_priorities
 *(.preinit_array)
                0x10004a2c                        PROVIDE (__preinit_array_end = .)
                0x10004a2c                        . = ALIGN (0x4)
                0x10004a2c                        PROVIDE (__init_array_start = .)
 *(SORT_BY_NAME(.init_array.*))
 *(.init_array)
 .init_array    0x10004a2c        0x4 C:/Users/chunc/.pico-sdk/toolchain/13_2_Rel1/bin/../lib/gcc/arm-none-eabi/13.2.1/thumb/v6-m/nofp/crtbegin.o
                0x10004a30                        PROVIDE (__init_array_end = .)
                0x10004a30                        . = ALIGN (0x4)
                [!provide]                        PROVIDE (__fini_array_start = .)
 *(SORT_BY_NAME(.fini_array.*))
 *(.fini_array)
                [!provide]                        PROVIDE (__fini_array_end = .)
 *(.eh_frame*)
 .eh_frame      0x10004a30        0x0 C:/Users/chunc/.pico-sdk/toolchain/13_2_Rel1/bin/../lib/gcc/arm-none-eabi/13.2.1/thumb/v6-m/nofp/crtbegin.o
                0x10004a30                        . = ALIGN (0x4)

.glue_7         0x10004a30        0x0
 .glue_7        0x10004a30        0x0 linker stubs

.glue_7t        0x10004a30        0x0
 .glue_7t       0x10004a30        0x0 linker stubs

.vfp11_veneer   0x10004a30        0x0
 .vfp11_veneer  0x10004a30        0x0 linker stubs

.v4_bx          0x10004a30        0x0
 .v4_bx         0x10004a30        0x0 linker stubs

.iplt           0x10004a30        0x0
 .iplt          0x10004a30        0x0 C:/Users/chunc/.pico-sdk/toolchain/13_2_Rel1/bin/../lib/gcc/arm-none-eabi/13.2.1/thumb/v6-m/nofp/crtbegin.o

.rodata         0x10004a30      0xb90
 *(EXCLUDE_FILE(*libm.a: *libc.a:*lib_a-mem*.o *libgcc.a:) .rodata*)
 .rodata.core1_task.str1.4
                0x10004a30      0x799 CMakeFiles/pico_ver2.dir/pico_ver2.c.obj
                                 0x23 (size before relaxing)
 .rodata.send_uart_message.str1.4
                0x100051c9        0x2 CMakeFiles/pico_ver2.dir/pico_ver2.c.obj
 .rodata.send_accel_data.str1.4
                0x100051c9        0x5 CMakeFiles/pico_ver2.dir/pico_ver2.c.obj
 .rodata.core0_task.str1.4
                0x100051c9       0x6c CMakeFiles/pico_ver2.dir/pico_ver2.c.obj
 *fill*         0x100051c9        0x3 
 .rodata.core0_task
                0x100051cc       0x48 CMakeFiles/pico_ver2.dir/pico_ver2.c.obj
 .rodata.panic.str1.4
                0x10005214       0x12 CMakeFiles/pico_ver2.dir/C_/Users/chunc/.pico-sdk/sdk/2.0.0/src/rp2_common/pico_platform_panic/panic.c.obj
 .rodata.resolve_j_16.str1.4
                0x10005214       0x5d CMakeFiles/pico_ver2.dir/C_/Users/chunc/.pico-sdk/sdk/2.0.0/src/rp2_common/hardware_irq/irq.c.obj
 .rodata.make_j_16.str1.4
                0x10005214       0x30 CMakeFiles/pico_ver2.dir/C_/Users/chunc/.pico-sdk/sdk/2.0.0/src/rp2_common/hardware_irq/irq.c.obj
 .rodata.insert_bl_32.str1.4
                0x10005214       0x10 CMakeFiles/pico_ver2.dir/C_/Users/chunc/.pico-sdk/sdk/2.0.0/src/rp2_common/hardware_irq/irq.c.obj
 .rodata.irq_set_exclusive_handler.str1.4
                0x10005214       0x36 CMakeFiles/pico_ver2.dir/C_/Users/chunc/.pico-sdk/sdk/2.0.0/src/rp2_common/hardware_irq/irq.c.obj
 .rodata.irq_remove_handler.str1.4
                0x10005214       0x3a CMakeFiles/pico_ver2.dir/C_/Users/chunc/.pico-sdk/sdk/2.0.0/src/rp2_common/hardware_irq/irq.c.obj
 .rodata.irq_add_tail_to_free_list.str1.4
                0x10005214       0x3a CMakeFiles/pico_ver2.dir/C_/Users/chunc/.pico-sdk/sdk/2.0.0/src/rp2_common/hardware_irq/irq.c.obj
 .rodata.__func__.0
                0x10005214       0x1a CMakeFiles/pico_ver2.dir/C_/Users/chunc/.pico-sdk/sdk/2.0.0/src/rp2_common/hardware_irq/irq.c.obj
 *fill*         0x1000522e        0x2 
 .rodata.__func__.1
                0x10005230        0xd CMakeFiles/pico_ver2.dir/C_/Users/chunc/.pico-sdk/sdk/2.0.0/src/rp2_common/hardware_irq/irq.c.obj
 *fill*         0x1000523d        0x3 
 .rodata.__func__.2
                0x10005240       0x13 CMakeFiles/pico_ver2.dir/C_/Users/chunc/.pico-sdk/sdk/2.0.0/src/rp2_common/hardware_irq/irq.c.obj
 *fill*         0x10005253        0x1 
 .rodata.__func__.3
                0x10005254        0xa CMakeFiles/pico_ver2.dir/C_/Users/chunc/.pico-sdk/sdk/2.0.0/src/rp2_common/hardware_irq/irq.c.obj
 *fill*         0x1000525e        0x2 
 .rodata.__func__.4
                0x10005260        0xd CMakeFiles/pico_ver2.dir/C_/Users/chunc/.pico-sdk/sdk/2.0.0/src/rp2_common/hardware_irq/irq.c.obj
 *fill*         0x1000526d        0x3 
 .rodata.__func__.6
                0x10005270       0x1a CMakeFiles/pico_ver2.dir/C_/Users/chunc/.pico-sdk/sdk/2.0.0/src/rp2_common/hardware_irq/irq.c.obj
 .rodata.runtime_init_mutex.str1.4
                0x1000528a       0x60 CMakeFiles/pico_ver2.dir/C_/Users/chunc/.pico-sdk/sdk/2.0.0/src/common/pico_sync/mutex.c.obj
 .rodata.str1.4
                0x1000528a       0x51 CMakeFiles/pico_ver2.dir/C_/Users/chunc/.pico-sdk/sdk/2.0.0/src/common/pico_sync/mutex.c.obj
 *fill*         0x1000528a        0x2 
 .rodata.__func__.1
                0x1000528c        0xb CMakeFiles/pico_ver2.dir/C_/Users/chunc/.pico-sdk/sdk/2.0.0/src/common/pico_sync/mutex.c.obj
 *fill*         0x10005297        0x1 
 .rodata.__func__.3
                0x10005298       0x18 CMakeFiles/pico_ver2.dir/C_/Users/chunc/.pico-sdk/sdk/2.0.0/src/common/pico_sync/mutex.c.obj
 .rodata.__func__.6
                0x100052b0       0x13 CMakeFiles/pico_ver2.dir/C_/Users/chunc/.pico-sdk/sdk/2.0.0/src/common/pico_sync/mutex.c.obj
 .rodata.alarm_pool_irq_handler.str1.4
                0x100052c3       0x6b CMakeFiles/pico_ver2.dir/C_/Users/chunc/.pico-sdk/sdk/2.0.0/src/common/pico_time/time.c.obj
 .rodata.alarm_pool_get_default.str1.4
                0x100052c3       0x21 CMakeFiles/pico_ver2.dir/C_/Users/chunc/.pico-sdk/sdk/2.0.0/src/common/pico_time/time.c.obj
 .rodata.sleep_until.str1.4
                0x100052c3       0x4d CMakeFiles/pico_ver2.dir/C_/Users/chunc/.pico-sdk/sdk/2.0.0/src/common/pico_time/time.c.obj
 *fill*         0x100052c3        0x1 
 .rodata.__func__.1
                0x100052c4       0x17 CMakeFiles/pico_ver2.dir/C_/Users/chunc/.pico-sdk/sdk/2.0.0/src/common/pico_time/time.c.obj
 *fill*         0x100052db        0x1 
 .rodata.__func__.2
                0x100052dc       0x17 CMakeFiles/pico_ver2.dir/C_/Users/chunc/.pico-sdk/sdk/2.0.0/src/common/pico_time/time.c.obj
 .rodata.timer_hardware_alarm_claim.str1.4
                0x100052f3       0x22 CMakeFiles/pico_ver2.dir/C_/Users/chunc/.pico-sdk/sdk/2.0.0/src/rp2_common/hardware_timer/timer.c.obj
 .rodata.pll_init.str1.4
                0x100052f3      0x11c CMakeFiles/pico_ver2.dir/C_/Users/chunc/.pico-sdk/sdk/2.0.0/src/rp2_common/hardware_pll/pll.c.obj
 *fill*         0x100052f3        0x1 
 .rodata.__func__.0
                0x100052f4        0x9 CMakeFiles/pico_ver2.dir/C_/Users/chunc/.pico-sdk/sdk/2.0.0/src/rp2_common/hardware_pll/pll.c.obj
 .rodata.__aeabi_double_init.str1.4
                0x100052fd       0x9b CMakeFiles/pico_ver2.dir/C_/Users/chunc/.pico-sdk/sdk/2.0.0/src/rp2_common/pico_double/double_init_rom_rp2040.c.obj
 *fill*         0x100052fd        0x3 
 .rodata.__func__.0
                0x10005300       0x14 CMakeFiles/pico_ver2.dir/C_/Users/chunc/.pico-sdk/sdk/2.0.0/src/rp2_common/pico_double/double_init_rom_rp2040.c.obj
 .rodata.__aeabi_float_init.str1.4
                0x10005314       0x8d CMakeFiles/pico_ver2.dir/C_/Users/chunc/.pico-sdk/sdk/2.0.0/src/rp2_common/pico_float/float_init_rom_rp2040.c.obj
 .rodata.__func__.0
                0x10005314       0x13 CMakeFiles/pico_ver2.dir/C_/Users/chunc/.pico-sdk/sdk/2.0.0/src/rp2_common/pico_float/float_init_rom_rp2040.c.obj
 .rodata.str1.4
                0x10005327       0x34 CMakeFiles/pico_ver2.dir/C_/Users/chunc/.pico-sdk/sdk/2.0.0/src/rp2_common/pico_standard_binary_info/standard_binary_info.c.obj
 *fill*         0x10005327        0x1 
 .rodata.__bi_84
                0x10005328        0xc CMakeFiles/pico_ver2.dir/C_/Users/chunc/.pico-sdk/sdk/2.0.0/src/rp2_common/pico_standard_binary_info/standard_binary_info.c.obj
 .rodata.__bi_60
                0x10005334        0xc CMakeFiles/pico_ver2.dir/C_/Users/chunc/.pico-sdk/sdk/2.0.0/src/rp2_common/pico_standard_binary_info/standard_binary_info.c.obj
 .rodata.__bi_54
                0x10005340        0xc CMakeFiles/pico_ver2.dir/C_/Users/chunc/.pico-sdk/sdk/2.0.0/src/rp2_common/pico_standard_binary_info/standard_binary_info.c.obj
 .rodata.__bi_48
                0x1000534c        0xc CMakeFiles/pico_ver2.dir/C_/Users/chunc/.pico-sdk/sdk/2.0.0/src/rp2_common/pico_standard_binary_info/standard_binary_info.c.obj
 .rodata.__bi_42
                0x10005358        0xc CMakeFiles/pico_ver2.dir/C_/Users/chunc/.pico-sdk/sdk/2.0.0/src/rp2_common/pico_standard_binary_info/standard_binary_info.c.obj
 .rodata.__bi_34
                0x10005364        0xc CMakeFiles/pico_ver2.dir/C_/Users/chunc/.pico-sdk/sdk/2.0.0/src/rp2_common/pico_standard_binary_info/standard_binary_info.c.obj
 .rodata.__bi_26
                0x10005370        0xc CMakeFiles/pico_ver2.dir/C_/Users/chunc/.pico-sdk/sdk/2.0.0/src/rp2_common/pico_standard_binary_info/standard_binary_info.c.obj
 .rodata._ftoa.str1.4
                0x1000537c       0x15 CMakeFiles/pico_ver2.dir/C_/Users/chunc/.pico-sdk/sdk/2.0.0/src/rp2_common/pico_printf/printf.c.obj
 .rodata._vsnprintf
                0x1000537c      0x19c CMakeFiles/pico_ver2.dir/C_/Users/chunc/.pico-sdk/sdk/2.0.0/src/rp2_common/pico_printf/printf.c.obj
 .rodata.pow10.0
                0x10005518       0x50 CMakeFiles/pico_ver2.dir/C_/Users/chunc/.pico-sdk/sdk/2.0.0/src/rp2_common/pico_printf/printf.c.obj
 .rodata.__assert_func.str1.4
                0x10005568       0x43 CMakeFiles/pico_ver2.dir/C_/Users/chunc/.pico-sdk/sdk/2.0.0/src/rp2_common/pico_clib_interface/newlib_interface.c.obj
 .rodata.crlf_str.0
                0x10005568        0x2 CMakeFiles/pico_ver2.dir/C_/Users/chunc/.pico-sdk/sdk/2.0.0/src/rp2_common/pico_stdio/stdio.c.obj
 .rodata.str1.4
                0x1000556a       0x2c CMakeFiles/pico_ver2.dir/C_/Users/chunc/.pico-sdk/sdk/2.0.0/src/rp2_common/pico_stdio_uart/stdio_uart.c.obj
 *fill*         0x1000556a        0x2 
 .rodata.__bi_45.4
                0x1000556c        0xc CMakeFiles/pico_ver2.dir/C_/Users/chunc/.pico-sdk/sdk/2.0.0/src/rp2_common/pico_stdio_uart/stdio_uart.c.obj
 .rodata.__bi_49.5
                0x10005578        0x8 CMakeFiles/pico_ver2.dir/C_/Users/chunc/.pico-sdk/sdk/2.0.0/src/rp2_common/pico_stdio_uart/stdio_uart.c.obj
 .rodata.__bi_50.6
                0x10005580        0x8 CMakeFiles/pico_ver2.dir/C_/Users/chunc/.pico-sdk/sdk/2.0.0/src/rp2_common/pico_stdio_uart/stdio_uart.c.obj
 .rodata.i2c_set_baudrate.str1.4
                0x10005588       0x65 CMakeFiles/pico_ver2.dir/C_/Users/chunc/.pico-sdk/sdk/2.0.0/src/rp2_common/hardware_i2c/i2c.c.obj
 .rodata.__func__.0
                0x10005588       0x11 CMakeFiles/pico_ver2.dir/C_/Users/chunc/.pico-sdk/sdk/2.0.0/src/rp2_common/hardware_i2c/i2c.c.obj
 .rodata.multicore_lockout_start_block_until.str1.4
                0x10005599       0x65 CMakeFiles/pico_ver2.dir/C_/Users/chunc/.pico-sdk/sdk/2.0.0/src/rp2_common/pico_multicore/multicore.c.obj
 .rodata.multicore_launch_core1_with_stack.str1.4
                0x10005599       0x19 CMakeFiles/pico_ver2.dir/C_/Users/chunc/.pico-sdk/sdk/2.0.0/src/rp2_common/pico_multicore/multicore.c.obj
 *fill*         0x10005599        0x3 
 .rodata.__func__.2
                0x1000559c       0x22 CMakeFiles/pico_ver2.dir/C_/Users/chunc/.pico-sdk/sdk/2.0.0/src/rp2_common/pico_multicore/multicore.c.obj
                0x100055c0                        . = ALIGN (0x4)
 *fill*         0x100055be        0x2 
 *(SORT_BY_ALIGNMENT(SORT_BY_NAME(.flashdata*)))
                0x100055c0                        . = ALIGN (0x4)

.ARM.extab
 *(.ARM.extab* .gnu.linkonce.armextab.*)
                0x100055c0                        __exidx_start = .

.ARM.exidx
 *(.ARM.exidx* .gnu.linkonce.armexidx.*)
                0x100055c0                        __exidx_end = .
                0x100055c0                        . = ALIGN (0x4)
                0x100055c0                        __binary_info_start = .

.binary_info    0x100055c0       0x28
 *(.binary_info.keep.*)
 .binary_info.keep.__bi_ptr84
                0x100055c0        0x4 CMakeFiles/pico_ver2.dir/C_/Users/chunc/.pico-sdk/sdk/2.0.0/src/rp2_common/pico_standard_binary_info/standard_binary_info.c.obj
 .binary_info.keep.__bi_ptr60
                0x100055c4        0x4 CMakeFiles/pico_ver2.dir/C_/Users/chunc/.pico-sdk/sdk/2.0.0/src/rp2_common/pico_standard_binary_info/standard_binary_info.c.obj
 .binary_info.keep.__bi_ptr54
                0x100055c8        0x4 CMakeFiles/pico_ver2.dir/C_/Users/chunc/.pico-sdk/sdk/2.0.0/src/rp2_common/pico_standard_binary_info/standard_binary_info.c.obj
 .binary_info.keep.__bi_ptr48
                0x100055cc        0x4 CMakeFiles/pico_ver2.dir/C_/Users/chunc/.pico-sdk/sdk/2.0.0/src/rp2_common/pico_standard_binary_info/standard_binary_info.c.obj
 .binary_info.keep.__bi_ptr42
                0x100055d0        0x4 CMakeFiles/pico_ver2.dir/C_/Users/chunc/.pico-sdk/sdk/2.0.0/src/rp2_common/pico_standard_binary_info/standard_binary_info.c.obj
 .binary_info.keep.__bi_ptr34
                0x100055d4        0x4 CMakeFiles/pico_ver2.dir/C_/Users/chunc/.pico-sdk/sdk/2.0.0/src/rp2_common/pico_standard_binary_info/standard_binary_info.c.obj
 .binary_info.keep.__bi_ptr26
                0x100055d8        0x4 CMakeFiles/pico_ver2.dir/C_/Users/chunc/.pico-sdk/sdk/2.0.0/src/rp2_common/pico_standard_binary_info/standard_binary_info.c.obj
 *(.binary_info.*)
 .binary_info.__bi_ptr50
                0x100055dc        0x4 CMakeFiles/pico_ver2.dir/C_/Users/chunc/.pico-sdk/sdk/2.0.0/src/rp2_common/pico_stdio_uart/stdio_uart.c.obj
 .binary_info.__bi_ptr49
                0x100055e0        0x4 CMakeFiles/pico_ver2.dir/C_/Users/chunc/.pico-sdk/sdk/2.0.0/src/rp2_common/pico_stdio_uart/stdio_uart.c.obj
 .binary_info.__bi_ptr45
                0x100055e4        0x4 CMakeFiles/pico_ver2.dir/C_/Users/chunc/.pico-sdk/sdk/2.0.0/src/rp2_common/pico_stdio_uart/stdio_uart.c.obj
                0x100055e8                        __binary_info_end = .

.rel.dyn        0x100055e8        0x0
 .rel.iplt      0x100055e8        0x0 C:/Users/chunc/.pico-sdk/toolchain/13_2_Rel1/bin/../lib/gcc/arm-none-eabi/13.2.1/thumb/v6-m/nofp/crtbegin.o
                0x100055e8                        . = ALIGN (0x4)

.ram_vector_table
                0x20000000       0xc0
 *(.ram_vector_table)
 .ram_vector_table
                0x20000000       0xc0 CMakeFiles/pico_ver2.dir/C_/Users/chunc/.pico-sdk/sdk/2.0.0/src/rp2_common/pico_runtime_init/runtime_init.c.obj
                0x20000000                ram_vector_table

.uninitialized_data
                0x200000c0        0x0
                0x200000c0                        . = ALIGN (0x4)
 *(.uninitialized_data*)

.data           0x200000c0      0x240 load address 0x100055e8
                0x200000c0                        __data_start__ = .
 *(vtable)
 *(.time_critical*)
 .time_critical.mutex_try_enter
                0x200000c0       0x48 CMakeFiles/pico_ver2.dir/C_/Users/chunc/.pico-sdk/sdk/2.0.0/src/common/pico_sync/mutex.c.obj
                0x200000c0                mutex_try_enter
 .time_critical.mutex_enter_block_until
                0x20000108       0x90 CMakeFiles/pico_ver2.dir/C_/Users/chunc/.pico-sdk/sdk/2.0.0/src/common/pico_sync/mutex.c.obj
                0x20000108                mutex_enter_block_until
 .time_critical.mutex_try_enter_block_until
                0x20000198       0x34 CMakeFiles/pico_ver2.dir/C_/Users/chunc/.pico-sdk/sdk/2.0.0/src/common/pico_sync/mutex.c.obj
                0x20000198                mutex_try_enter_block_until
 .time_critical.mutex_exit
                0x200001cc       0x4c CMakeFiles/pico_ver2.dir/C_/Users/chunc/.pico-sdk/sdk/2.0.0/src/common/pico_sync/mutex.c.obj
                0x200001cc                mutex_exit
 *(.text*)
 .text          0x20000218        0x4 C:/Users/chunc/.pico-sdk/toolchain/13_2_Rel1/bin/../lib/gcc/arm-none-eabi/13.2.1/thumb/v6-m/nofp\libgcc.a(_dvmd_tls.o)
                0x20000218                __aeabi_idiv0
                0x20000218                __aeabi_ldiv0
 *fill*         0x2000021c        0x4 
 .text.__stub   0x20000220       0x20 linker stubs
                0x20000240                        . = ALIGN (0x4)
 *(.rodata*)
                0x20000240                        . = ALIGN (0x4)
 *(.data*)
 .data.Global_RT
                0x20000240        0x4 CMakeFiles/pico_ver2.dir/pico_ver2.c.obj
                0x20000240                Global_RT
 .data.Global_Mode
                0x20000244        0x1 CMakeFiles/pico_ver2.dir/pico_ver2.c.obj
                0x20000244                Global_Mode
 .data.striped_spin_lock_num
                0x20000245        0x1 CMakeFiles/pico_ver2.dir/C_/Users/chunc/.pico-sdk/sdk/2.0.0/src/rp2_common/hardware_sync/sync.c.obj
 *fill*         0x20000246        0x2 
 .data          0x20000248       0x48 CMakeFiles/pico_ver2.dir/C_/Users/chunc/.pico-sdk/sdk/2.0.0/src/rp2_common/hardware_irq/irq_handler_chain.S.obj
                0x20000248                irq_handler_chain_slots
                0x20000278                irq_handler_chain_first_slot
                0x20000282                irq_handler_chain_remove_tail
 .data.default_alarm_pool
                0x20000290       0x18 CMakeFiles/pico_ver2.dir/C_/Users/chunc/.pico-sdk/sdk/2.0.0/src/common/pico_time/time.c.obj
 *fill*         0x200002a8        0x8 
 .data.aeabi_bits_funcs
                0x200002b0       0x10 CMakeFiles/pico_ver2.dir/C_/Users/chunc/.pico-sdk/sdk/2.0.0/src/rp2_common/pico_bit_ops/bit_ops_aeabi.S.obj
                0x200002b0                aeabi_bits_funcs
                0x200002c0                aeabi_bits_funcs_end
 .data.aeabi_mem_funcs
                0x200002c0       0x10 CMakeFiles/pico_ver2.dir/C_/Users/chunc/.pico-sdk/sdk/2.0.0/src/rp2_common/pico_mem_ops/mem_ops_aeabi.S.obj
                0x200002c0                aeabi_mem_funcs
                0x200002d0                aeabi_mem_funcs_end
 .data.stdio_uart
                0x200002d0       0x18 CMakeFiles/pico_ver2.dir/C_/Users/chunc/.pico-sdk/sdk/2.0.0/src/rp2_common/pico_stdio_uart/stdio_uart.c.obj
                0x200002d0                stdio_uart
 .data.i2c0_inst
                0x200002e8        0x8 CMakeFiles/pico_ver2.dir/C_/Users/chunc/.pico-sdk/sdk/2.0.0/src/rp2_common/hardware_i2c/i2c.c.obj
                0x200002e8                i2c0_inst
                0x200002f0                        . = ALIGN (0x4)
 *(.after_data.*)
                0x200002f0                        . = ALIGN (0x4)
                0x200002f0                        PROVIDE (__mutex_array_start = .)
 *(SORT_BY_NAME(.mutex_array.*))
 *(.mutex_array)
 .mutex_array   0x200002f0        0x8 CMakeFiles/pico_ver2.dir/C_/Users/chunc/.pico-sdk/sdk/2.0.0/src/rp2_common/pico_malloc/malloc.c.obj
 .mutex_array   0x200002f8        0x8 CMakeFiles/pico_ver2.dir/C_/Users/chunc/.pico-sdk/sdk/2.0.0/src/rp2_common/pico_stdio/stdio.c.obj
                0x20000300                        PROVIDE (__mutex_array_end = .)
                0x20000300                        . = ALIGN (0x4)
 *(.jcr)
                0x20000300                        . = ALIGN (0x4)

.tm_clone_table
                0x20000300        0x0 load address 0x10005828
 .tm_clone_table
                0x20000300        0x0 C:/Users/chunc/.pico-sdk/toolchain/13_2_Rel1/bin/../lib/gcc/arm-none-eabi/13.2.1/thumb/v6-m/nofp/crtbegin.o
 .tm_clone_table
                0x20000300        0x0 C:/Users/chunc/.pico-sdk/toolchain/13_2_Rel1/bin/../lib/gcc/arm-none-eabi/13.2.1/thumb/v6-m/nofp/crtend.o

.igot.plt       0x20000300        0x0 load address 0x10005828
 .igot.plt      0x20000300        0x0 C:/Users/chunc/.pico-sdk/toolchain/13_2_Rel1/bin/../lib/gcc/arm-none-eabi/13.2.1/thumb/v6-m/nofp/crtbegin.o

.tdata          0x20000300        0x0 load address 0x10005828
                0x20000300                        . = ALIGN (0x4)
 *(.tdata .tdata.* .gnu.linkonce.td.*)
                0x20000300                        __tdata_end = .
                0x20000300                        PROVIDE (__data_end__ = .)
                0x100055e8                        __etext = LOADADDR (.data)

.tbss           0x20000300        0x0 load address 0x10005828
                0x20000300                        . = ALIGN (0x4)
                0x20000300                        __bss_start__ = .
                0x20000300                        __tls_base = .
 *(.tbss .tbss.* .gnu.linkonce.tb.*)
 *(.tcommon)
                0x20000300                        __tls_end = .

.bss            0x20000300     0x2034 load address 0x10005828
                0x20000300                        . = ALIGN (0x4)
                0x20000300                        __tbss_end = .
 *(SORT_BY_ALIGNMENT(SORT_BY_NAME(.bss*)))
 .bss.default_alarm_pool_entries
                0x20000300      0x180 CMakeFiles/pico_ver2.dir/C_/Users/chunc/.pico-sdk/sdk/2.0.0/src/common/pico_time/time.c.obj
 .bss.Global_Accel_Offset
                0x20000480        0x4 CMakeFiles/pico_ver2.dir/pico_ver2.c.obj
                0x20000480                Global_Accel_Offset
 .bss.Global_Mean_Value
                0x20000484        0x4 CMakeFiles/pico_ver2.dir/pico_ver2.c.obj
                0x20000484                Global_Mean_Value
 .bss.Global_Post_Index
                0x20000488        0x4 CMakeFiles/pico_ver2.dir/pico_ver2.c.obj
                0x20000488                Global_Post_Index
 .bss.Global_Prev_Post_index
                0x2000048c        0x4 CMakeFiles/pico_ver2.dir/pico_ver2.c.obj
                0x2000048c                Global_Prev_Post_index
 .bss.Global_Prev_Prev_index
                0x20000490        0x4 CMakeFiles/pico_ver2.dir/pico_ver2.c.obj
                0x20000490                Global_Prev_Prev_index
 .bss.Global_Threshold
                0x20000494        0x4 CMakeFiles/pico_ver2.dir/pico_ver2.c.obj
                0x20000494                Global_Threshold
 .bss.Global_X_Post_List
                0x20000498      0xfa0 CMakeFiles/pico_ver2.dir/pico_ver2.c.obj
                0x20000498                Global_X_Post_List
 .bss.Global_X_Prev_List
                0x20001438      0xc80 CMakeFiles/pico_ver2.dir/pico_ver2.c.obj
                0x20001438                Global_X_Prev_List
 .bss.Global_X_Realtime
                0x200020b8        0x4 CMakeFiles/pico_ver2.dir/pico_ver2.c.obj
                0x200020b8                Global_X_Realtime
 .bss.chars_available_callback
                0x200020bc        0x4 CMakeFiles/pico_ver2.dir/C_/Users/chunc/.pico-sdk/sdk/2.0.0/src/rp2_common/pico_stdio_uart/stdio_uart.c.obj
 .bss.chars_available_param
                0x200020c0        0x4 CMakeFiles/pico_ver2.dir/C_/Users/chunc/.pico-sdk/sdk/2.0.0/src/rp2_common/pico_stdio_uart/stdio_uart.c.obj
 .bss.claimed   0x200020c4        0x1 CMakeFiles/pico_ver2.dir/C_/Users/chunc/.pico-sdk/sdk/2.0.0/src/rp2_common/hardware_timer/timer.c.obj
 *fill*         0x200020c5        0x3 
 .bss.configured_freq
                0x200020c8       0x28 CMakeFiles/pico_ver2.dir/C_/Users/chunc/.pico-sdk/sdk/2.0.0/src/rp2_common/hardware_clocks/clocks.c.obj
 .bss.drivers   0x200020f0        0x4 CMakeFiles/pico_ver2.dir/C_/Users/chunc/.pico-sdk/sdk/2.0.0/src/rp2_common/pico_stdio/stdio.c.obj
 .bss.filter    0x200020f4        0x4 CMakeFiles/pico_ver2.dir/C_/Users/chunc/.pico-sdk/sdk/2.0.0/src/rp2_common/pico_stdio/stdio.c.obj
 .bss.object.0  0x200020f8       0x18 C:/Users/chunc/.pico-sdk/toolchain/13_2_Rel1/bin/../lib/gcc/arm-none-eabi/13.2.1/thumb/v6-m/nofp/crtbegin.o
 .bss.pools     0x20002110       0x10 CMakeFiles/pico_ver2.dir/C_/Users/chunc/.pico-sdk/sdk/2.0.0/src/common/pico_time/time.c.obj
 .bss.sd_table  0x20002120      0x100 CMakeFiles/pico_ver2.dir/C_/Users/chunc/.pico-sdk/sdk/2.0.0/src/rp2_common/pico_double/double_init_rom_rp2040.c.obj
                0x20002120                sd_table
 .bss.sf_clz_func
                0x20002220        0x4 CMakeFiles/pico_ver2.dir/C_/Users/chunc/.pico-sdk/sdk/2.0.0/src/rp2_common/pico_double/double_init_rom_rp2040.c.obj
                0x20002220                sf_clz_func
 .bss.sf_table  0x20002224      0x100 CMakeFiles/pico_ver2.dir/C_/Users/chunc/.pico-sdk/sdk/2.0.0/src/rp2_common/pico_float/float_init_rom_rp2040.c.obj
                0x20002224                sf_table
 .bss.sleep_notifier
                0x20002324        0x4 CMakeFiles/pico_ver2.dir/C_/Users/chunc/.pico-sdk/sdk/2.0.0/src/common/pico_time/time.c.obj
 .bss.uart_char_to_line_feed
                0x20002328        0x4 CMakeFiles/pico_ver2.dir/C_/Users/chunc/.pico-sdk/sdk/2.0.0/src/rp2_common/hardware_uart/uart.c.obj
                0x20002328                uart_char_to_line_feed
 .bss.uart_instance
                0x2000232c        0x4 CMakeFiles/pico_ver2.dir/C_/Users/chunc/.pico-sdk/sdk/2.0.0/src/rp2_common/pico_stdio_uart/stdio_uart.c.obj
 .bss.irq_handler_chain_free_slot_head
                0x20002330        0x1 CMakeFiles/pico_ver2.dir/C_/Users/chunc/.pico-sdk/sdk/2.0.0/src/rp2_common/hardware_irq/irq.c.obj
 *(COMMON)
                0x20002334                        . = ALIGN (0x4)
 *fill*         0x20002331        0x3 
                0x20002334                        __bss_end__ = .

.heap           0x20002334    0x3dccc load address 0x10005828
                0x20002334                        __end__ = .
                0x20002334                        end = __end__
 *(.heap*)
 .heap          0x20002334      0x800 CMakeFiles/pico_ver2.dir/C_/Users/chunc/.pico-sdk/sdk/2.0.0/src/rp2_common/pico_crt0/crt0.S.obj
                0x20040000                        . = (ORIGIN (RAM) + LENGTH (RAM))
 *fill*         0x20002b34    0x3d4cc 
                0x20040000                        __HeapLimit = .

.scratch_x      0x20040000        0x0 load address 0x10005828
                0x20040000                        __scratch_x_start__ = .
 *(.scratch_x.*)
                0x20040000                        . = ALIGN (0x4)
                0x20040000                        __scratch_x_end__ = .
                0x10005828                        __scratch_x_source__ = LOADADDR (.scratch_x)

.scratch_y      0x20041000        0x0 load address 0x10005828
                0x20041000                        __scratch_y_start__ = .
 *(.scratch_y.*)
                0x20041000                        . = ALIGN (0x4)
                0x20041000                        __scratch_y_end__ = .
                0x10005828                        __scratch_y_source__ = LOADADDR (.scratch_y)

.stack1_dummy   0x20040000      0x800
 *(.stack1*)
 .stack1        0x20040000      0x800 CMakeFiles/pico_ver2.dir/C_/Users/chunc/.pico-sdk/sdk/2.0.0/src/rp2_common/pico_multicore/multicore.c.obj

.stack_dummy    0x20041000      0x800
 *(.stack*)
 .stack         0x20041000      0x800 CMakeFiles/pico_ver2.dir/C_/Users/chunc/.pico-sdk/sdk/2.0.0/src/rp2_common/pico_crt0/crt0.S.obj

.flash_end      0x10005828        0x0
 *(.embedded_end_block*)
                0x10005828                        PROVIDE (__flash_binary_end = .)
                0x20040000                        __StackLimit = (ORIGIN (RAM) + LENGTH (RAM))
                0x20041000                        __StackOneTop = (ORIGIN (SCRATCH_X) + LENGTH (SCRATCH_X))
                0x20042000                        __StackTop = (ORIGIN (SCRATCH_Y) + LENGTH (SCRATCH_Y))
                0x20040800                        __StackOneBottom = (__StackOneTop - SIZEOF (.stack1_dummy))
                0x20041800                        __StackBottom = (__StackTop - SIZEOF (.stack_dummy))
                0x20042000                        PROVIDE (__stack = __StackTop)
                [!provide]                        PROVIDE (__heap_start = __end__)
                [!provide]                        PROVIDE (__heap_end = __HeapLimit)
                [!provide]                        PROVIDE (__tls_align = MAX (ALIGNOF (.tdata), ALIGNOF (.tbss)))
                [!provide]                        PROVIDE (__tls_size_align = (((__tls_size + __tls_align) - 0x1) & ~ ((__tls_align - 0x1))))
                [!provide]                        PROVIDE (__arm32_tls_tcb_offset = MAX (0x8, __tls_align))
                [!provide]                        PROVIDE (_end = __end__)
                [!provide]                        PROVIDE (__llvm_libc_heap_limit = __HeapLimit)
                0x00000001                        ASSERT ((__StackLimit >= __HeapLimit), region RAM overflowed)
                0x00000001                        ASSERT (((__binary_info_header_end - __logical_binary_start) <= 0x100), Binary info must be in first 256 bytes of the binary)
LOAD CMakeFiles/pico_ver2.dir/pico_ver2.c.obj
LOAD CMakeFiles/pico_ver2.dir/C_/Users/chunc/.pico-sdk/sdk/2.0.0/src/rp2_common/pico_stdlib/stdlib.c.obj
LOAD CMakeFiles/pico_ver2.dir/C_/Users/chunc/.pico-sdk/sdk/2.0.0/src/rp2_common/hardware_gpio/gpio.c.obj
LOAD CMakeFiles/pico_ver2.dir/C_/Users/chunc/.pico-sdk/sdk/2.0.0/src/rp2040/pico_platform/platform.c.obj
LOAD CMakeFiles/pico_ver2.dir/C_/Users/chunc/.pico-sdk/sdk/2.0.0/src/rp2_common/pico_platform_panic/panic.c.obj
LOAD CMakeFiles/pico_ver2.dir/C_/Users/chunc/.pico-sdk/sdk/2.0.0/src/common/hardware_claim/claim.c.obj
LOAD CMakeFiles/pico_ver2.dir/C_/Users/chunc/.pico-sdk/sdk/2.0.0/src/rp2_common/hardware_sync/sync.c.obj
LOAD CMakeFiles/pico_ver2.dir/C_/Users/chunc/.pico-sdk/sdk/2.0.0/src/rp2_common/hardware_sync_spin_lock/sync_spin_lock.c.obj
LOAD CMakeFiles/pico_ver2.dir/C_/Users/chunc/.pico-sdk/sdk/2.0.0/src/rp2_common/hardware_irq/irq.c.obj
LOAD CMakeFiles/pico_ver2.dir/C_/Users/chunc/.pico-sdk/sdk/2.0.0/src/rp2_common/hardware_irq/irq_handler_chain.S.obj
LOAD CMakeFiles/pico_ver2.dir/C_/Users/chunc/.pico-sdk/sdk/2.0.0/src/common/pico_sync/sem.c.obj
LOAD CMakeFiles/pico_ver2.dir/C_/Users/chunc/.pico-sdk/sdk/2.0.0/src/common/pico_sync/lock_core.c.obj
LOAD CMakeFiles/pico_ver2.dir/C_/Users/chunc/.pico-sdk/sdk/2.0.0/src/common/pico_sync/mutex.c.obj
LOAD CMakeFiles/pico_ver2.dir/C_/Users/chunc/.pico-sdk/sdk/2.0.0/src/common/pico_sync/critical_section.c.obj
LOAD CMakeFiles/pico_ver2.dir/C_/Users/chunc/.pico-sdk/sdk/2.0.0/src/common/pico_time/time.c.obj
LOAD CMakeFiles/pico_ver2.dir/C_/Users/chunc/.pico-sdk/sdk/2.0.0/src/common/pico_time/timeout_helper.c.obj
LOAD CMakeFiles/pico_ver2.dir/C_/Users/chunc/.pico-sdk/sdk/2.0.0/src/rp2_common/hardware_timer/timer.c.obj
LOAD CMakeFiles/pico_ver2.dir/C_/Users/chunc/.pico-sdk/sdk/2.0.0/src/common/pico_util/datetime.c.obj
LOAD CMakeFiles/pico_ver2.dir/C_/Users/chunc/.pico-sdk/sdk/2.0.0/src/common/pico_util/pheap.c.obj
LOAD CMakeFiles/pico_ver2.dir/C_/Users/chunc/.pico-sdk/sdk/2.0.0/src/common/pico_util/queue.c.obj
LOAD CMakeFiles/pico_ver2.dir/C_/Users/chunc/.pico-sdk/sdk/2.0.0/src/rp2_common/hardware_uart/uart.c.obj
LOAD CMakeFiles/pico_ver2.dir/C_/Users/chunc/.pico-sdk/sdk/2.0.0/src/rp2_common/hardware_clocks/clocks.c.obj
LOAD CMakeFiles/pico_ver2.dir/C_/Users/chunc/.pico-sdk/sdk/2.0.0/src/rp2_common/hardware_pll/pll.c.obj
LOAD CMakeFiles/pico_ver2.dir/C_/Users/chunc/.pico-sdk/sdk/2.0.0/src/rp2_common/hardware_vreg/vreg.c.obj
LOAD CMakeFiles/pico_ver2.dir/C_/Users/chunc/.pico-sdk/sdk/2.0.0/src/rp2_common/hardware_watchdog/watchdog.c.obj
LOAD CMakeFiles/pico_ver2.dir/C_/Users/chunc/.pico-sdk/sdk/2.0.0/src/rp2_common/hardware_ticks/ticks.c.obj
LOAD CMakeFiles/pico_ver2.dir/C_/Users/chunc/.pico-sdk/sdk/2.0.0/src/rp2_common/hardware_xosc/xosc.c.obj
LOAD CMakeFiles/pico_ver2.dir/C_/Users/chunc/.pico-sdk/sdk/2.0.0/src/rp2_common/hardware_divider/divider.S.obj
LOAD CMakeFiles/pico_ver2.dir/C_/Users/chunc/.pico-sdk/sdk/2.0.0/src/rp2_common/pico_runtime/runtime.c.obj
LOAD CMakeFiles/pico_ver2.dir/C_/Users/chunc/.pico-sdk/sdk/2.0.0/src/rp2_common/pico_runtime_init/runtime_init.c.obj
LOAD CMakeFiles/pico_ver2.dir/C_/Users/chunc/.pico-sdk/sdk/2.0.0/src/rp2_common/pico_runtime_init/runtime_init_clocks.c.obj
LOAD CMakeFiles/pico_ver2.dir/C_/Users/chunc/.pico-sdk/sdk/2.0.0/src/rp2_common/pico_runtime_init/runtime_init_stack_guard.c.obj
LOAD CMakeFiles/pico_ver2.dir/C_/Users/chunc/.pico-sdk/sdk/2.0.0/src/rp2_common/pico_bit_ops/bit_ops_aeabi.S.obj
LOAD CMakeFiles/pico_ver2.dir/C_/Users/chunc/.pico-sdk/sdk/2.0.0/src/rp2_common/pico_bootrom/bootrom.c.obj
LOAD CMakeFiles/pico_ver2.dir/C_/Users/chunc/.pico-sdk/sdk/2.0.0/src/rp2_common/pico_bootrom/bootrom_lock.c.obj
LOAD CMakeFiles/pico_ver2.dir/C_/Users/chunc/.pico-sdk/sdk/2.0.0/src/rp2_common/hardware_boot_lock/boot_lock.c.obj
LOAD CMakeFiles/pico_ver2.dir/C_/Users/chunc/.pico-sdk/sdk/2.0.0/src/rp2_common/pico_divider/divider_hardware.S.obj
LOAD CMakeFiles/pico_ver2.dir/C_/Users/chunc/.pico-sdk/sdk/2.0.0/src/rp2_common/pico_double/double_aeabi_rp2040.S.obj
LOAD CMakeFiles/pico_ver2.dir/C_/Users/chunc/.pico-sdk/sdk/2.0.0/src/rp2_common/pico_double/double_init_rom_rp2040.c.obj
LOAD CMakeFiles/pico_ver2.dir/C_/Users/chunc/.pico-sdk/sdk/2.0.0/src/rp2_common/pico_double/double_math.c.obj
LOAD CMakeFiles/pico_ver2.dir/C_/Users/chunc/.pico-sdk/sdk/2.0.0/src/rp2_common/pico_double/double_v1_rom_shim_rp2040.S.obj
LOAD CMakeFiles/pico_ver2.dir/C_/Users/chunc/.pico-sdk/sdk/2.0.0/src/rp2_common/pico_int64_ops/pico_int64_ops_aeabi.S.obj
LOAD CMakeFiles/pico_ver2.dir/C_/Users/chunc/.pico-sdk/sdk/2.0.0/src/rp2_common/pico_float/float_aeabi_rp2040.S.obj
LOAD CMakeFiles/pico_ver2.dir/C_/Users/chunc/.pico-sdk/sdk/2.0.0/src/rp2_common/pico_float/float_init_rom_rp2040.c.obj
LOAD CMakeFiles/pico_ver2.dir/C_/Users/chunc/.pico-sdk/sdk/2.0.0/src/rp2_common/pico_float/float_math.c.obj
LOAD CMakeFiles/pico_ver2.dir/C_/Users/chunc/.pico-sdk/sdk/2.0.0/src/rp2_common/pico_float/float_v1_rom_shim_rp2040.S.obj
LOAD CMakeFiles/pico_ver2.dir/C_/Users/chunc/.pico-sdk/sdk/2.0.0/src/rp2_common/pico_malloc/malloc.c.obj
LOAD CMakeFiles/pico_ver2.dir/C_/Users/chunc/.pico-sdk/sdk/2.0.0/src/rp2_common/pico_mem_ops/mem_ops_aeabi.S.obj
LOAD CMakeFiles/pico_ver2.dir/C_/Users/chunc/.pico-sdk/sdk/2.0.0/src/rp2_common/pico_atomic/atomic.c.obj
LOAD CMakeFiles/pico_ver2.dir/C_/Users/chunc/.pico-sdk/sdk/2.0.0/src/rp2_common/pico_cxx_options/new_delete.cpp.obj
LOAD CMakeFiles/pico_ver2.dir/C_/Users/chunc/.pico-sdk/sdk/2.0.0/src/rp2_common/pico_standard_binary_info/standard_binary_info.c.obj
LOAD CMakeFiles/pico_ver2.dir/C_/Users/chunc/.pico-sdk/sdk/2.0.0/src/rp2_common/pico_printf/printf.c.obj
LOAD CMakeFiles/pico_ver2.dir/C_/Users/chunc/.pico-sdk/sdk/2.0.0/src/rp2_common/pico_crt0/crt0.S.obj
LOAD CMakeFiles/pico_ver2.dir/C_/Users/chunc/.pico-sdk/sdk/2.0.0/src/rp2_common/pico_clib_interface/newlib_interface.c.obj
LOAD CMakeFiles/pico_ver2.dir/C_/Users/chunc/.pico-sdk/sdk/2.0.0/src/rp2_common/pico_stdio/stdio.c.obj
LOAD CMakeFiles/pico_ver2.dir/C_/Users/chunc/.pico-sdk/sdk/2.0.0/src/rp2_common/pico_stdio_uart/stdio_uart.c.obj
LOAD CMakeFiles/pico_ver2.dir/C_/Users/chunc/.pico-sdk/sdk/2.0.0/src/rp2_common/hardware_i2c/i2c.c.obj
LOAD CMakeFiles/pico_ver2.dir/C_/Users/chunc/.pico-sdk/sdk/2.0.0/src/rp2_common/pico_multicore/multicore.c.obj
LOAD C:\Users\chunc\AppData\Local\Temp\ccoZMXaQ.o
LOAD C:/Users/chunc/.pico-sdk/toolchain/13_2_Rel1/bin/../lib/gcc/arm-none-eabi/13.2.1/thumb/v6-m/nofp\libstdc++.a
LOAD C:/Users/chunc/.pico-sdk/toolchain/13_2_Rel1/bin/../lib/gcc/arm-none-eabi/13.2.1/thumb/v6-m/nofp\libm.a
START GROUP
LOAD C:/Users/chunc/.pico-sdk/toolchain/13_2_Rel1/bin/../lib/gcc/arm-none-eabi/13.2.1/thumb/v6-m/nofp\libgcc.a
LOAD C:/Users/chunc/.pico-sdk/toolchain/13_2_Rel1/bin/../lib/gcc/arm-none-eabi/13.2.1/thumb/v6-m/nofp\libg.a
LOAD C:/Users/chunc/.pico-sdk/toolchain/13_2_Rel1/bin/../lib/gcc/arm-none-eabi/13.2.1/thumb/v6-m/nofp\libc.a
END GROUP
START GROUP
LOAD C:/Users/chunc/.pico-sdk/toolchain/13_2_Rel1/bin/../lib/gcc/arm-none-eabi/13.2.1/thumb/v6-m/nofp\libgcc.a
LOAD C:/Users/chunc/.pico-sdk/toolchain/13_2_Rel1/bin/../lib/gcc/arm-none-eabi/13.2.1/thumb/v6-m/nofp\libc.a
LOAD C:/Users/chunc/.pico-sdk/toolchain/13_2_Rel1/bin/../lib/gcc/arm-none-eabi/13.2.1/thumb/v6-m/nofp\libnosys.a
END GROUP
LOAD C:/Users/chunc/.pico-sdk/toolchain/13_2_Rel1/bin/../lib/gcc/arm-none-eabi/13.2.1/thumb/v6-m/nofp/crtend.o
LOAD C:/Users/chunc/.pico-sdk/toolchain/13_2_Rel1/bin/../lib/gcc/arm-none-eabi/13.2.1/thumb/v6-m/nofp/crtn.o
OUTPUT(pico_ver2.elf elf32-littlearm)
LOAD linker stubs

.ARM.attributes
                0x00000000       0x28
 .ARM.attributes
                0x00000000       0x1e C:/Users/chunc/.pico-sdk/toolchain/13_2_Rel1/bin/../lib/gcc/arm-none-eabi/13.2.1/thumb/v6-m/nofp/crti.o
 .ARM.attributes
                0x0000001e       0x2c C:/Users/chunc/.pico-sdk/toolchain/13_2_Rel1/bin/../lib/gcc/arm-none-eabi/13.2.1/thumb/v6-m/nofp/crtbegin.o
 .ARM.attributes
                0x0000004a       0x2c CMakeFiles/pico_ver2.dir/pico_ver2.c.obj
 .ARM.attributes
                0x00000076       0x2c CMakeFiles/pico_ver2.dir/C_/Users/chunc/.pico-sdk/sdk/2.0.0/src/rp2_common/hardware_gpio/gpio.c.obj
 .ARM.attributes
                0x000000a2       0x2c CMakeFiles/pico_ver2.dir/C_/Users/chunc/.pico-sdk/sdk/2.0.0/src/rp2_common/pico_platform_panic/panic.c.obj
 .ARM.attributes
                0x000000ce       0x2c CMakeFiles/pico_ver2.dir/C_/Users/chunc/.pico-sdk/sdk/2.0.0/src/common/hardware_claim/claim.c.obj
 .ARM.attributes
                0x000000fa       0x2c CMakeFiles/pico_ver2.dir/C_/Users/chunc/.pico-sdk/sdk/2.0.0/src/rp2_common/hardware_sync/sync.c.obj
 .ARM.attributes
                0x00000126       0x2c CMakeFiles/pico_ver2.dir/C_/Users/chunc/.pico-sdk/sdk/2.0.0/src/rp2_common/hardware_sync_spin_lock/sync_spin_lock.c.obj
 .ARM.attributes
                0x00000152       0x2c CMakeFiles/pico_ver2.dir/C_/Users/chunc/.pico-sdk/sdk/2.0.0/src/rp2_common/hardware_irq/irq.c.obj
 .ARM.attributes
                0x0000017e       0x22 CMakeFiles/pico_ver2.dir/C_/Users/chunc/.pico-sdk/sdk/2.0.0/src/rp2_common/hardware_irq/irq_handler_chain.S.obj
 .ARM.attributes
                0x000001a0       0x2c CMakeFiles/pico_ver2.dir/C_/Users/chunc/.pico-sdk/sdk/2.0.0/src/common/pico_sync/lock_core.c.obj
 .ARM.attributes
                0x000001cc       0x2c CMakeFiles/pico_ver2.dir/C_/Users/chunc/.pico-sdk/sdk/2.0.0/src/common/pico_sync/mutex.c.obj
 .ARM.attributes
                0x000001f8       0x2c CMakeFiles/pico_ver2.dir/C_/Users/chunc/.pico-sdk/sdk/2.0.0/src/common/pico_time/time.c.obj
 .ARM.attributes
                0x00000224       0x2c CMakeFiles/pico_ver2.dir/C_/Users/chunc/.pico-sdk/sdk/2.0.0/src/rp2_common/hardware_timer/timer.c.obj
 .ARM.attributes
                0x00000250       0x2c CMakeFiles/pico_ver2.dir/C_/Users/chunc/.pico-sdk/sdk/2.0.0/src/rp2_common/hardware_uart/uart.c.obj
 .ARM.attributes
                0x0000027c       0x2c CMakeFiles/pico_ver2.dir/C_/Users/chunc/.pico-sdk/sdk/2.0.0/src/rp2_common/hardware_clocks/clocks.c.obj
 .ARM.attributes
                0x000002a8       0x2c CMakeFiles/pico_ver2.dir/C_/Users/chunc/.pico-sdk/sdk/2.0.0/src/rp2_common/hardware_pll/pll.c.obj
 .ARM.attributes
                0x000002d4       0x2c CMakeFiles/pico_ver2.dir/C_/Users/chunc/.pico-sdk/sdk/2.0.0/src/rp2_common/hardware_ticks/ticks.c.obj
 .ARM.attributes
                0x00000300       0x2c CMakeFiles/pico_ver2.dir/C_/Users/chunc/.pico-sdk/sdk/2.0.0/src/rp2_common/hardware_xosc/xosc.c.obj
 .ARM.attributes
                0x0000032c       0x2c CMakeFiles/pico_ver2.dir/C_/Users/chunc/.pico-sdk/sdk/2.0.0/src/rp2_common/pico_runtime/runtime.c.obj
 .ARM.attributes
                0x00000358       0x2c CMakeFiles/pico_ver2.dir/C_/Users/chunc/.pico-sdk/sdk/2.0.0/src/rp2_common/pico_runtime_init/runtime_init.c.obj
 .ARM.attributes
                0x00000384       0x2c CMakeFiles/pico_ver2.dir/C_/Users/chunc/.pico-sdk/sdk/2.0.0/src/rp2_common/pico_runtime_init/runtime_init_clocks.c.obj
 .ARM.attributes
                0x000003b0       0x22 CMakeFiles/pico_ver2.dir/C_/Users/chunc/.pico-sdk/sdk/2.0.0/src/rp2_common/pico_bit_ops/bit_ops_aeabi.S.obj
 .ARM.attributes
                0x000003d2       0x2c CMakeFiles/pico_ver2.dir/C_/Users/chunc/.pico-sdk/sdk/2.0.0/src/rp2_common/pico_bootrom/bootrom.c.obj
 .ARM.attributes
                0x000003fe       0x22 CMakeFiles/pico_ver2.dir/C_/Users/chunc/.pico-sdk/sdk/2.0.0/src/rp2_common/pico_divider/divider_hardware.S.obj
 .ARM.attributes
                0x00000420       0x22 CMakeFiles/pico_ver2.dir/C_/Users/chunc/.pico-sdk/sdk/2.0.0/src/rp2_common/pico_double/double_aeabi_rp2040.S.obj
 .ARM.attributes
                0x00000442       0x2c CMakeFiles/pico_ver2.dir/C_/Users/chunc/.pico-sdk/sdk/2.0.0/src/rp2_common/pico_double/double_init_rom_rp2040.c.obj
 .ARM.attributes
                0x0000046e       0x22 CMakeFiles/pico_ver2.dir/C_/Users/chunc/.pico-sdk/sdk/2.0.0/src/rp2_common/pico_double/double_v1_rom_shim_rp2040.S.obj
 .ARM.attributes
                0x00000490       0x22 CMakeFiles/pico_ver2.dir/C_/Users/chunc/.pico-sdk/sdk/2.0.0/src/rp2_common/pico_int64_ops/pico_int64_ops_aeabi.S.obj
 .ARM.attributes
                0x000004b2       0x22 CMakeFiles/pico_ver2.dir/C_/Users/chunc/.pico-sdk/sdk/2.0.0/src/rp2_common/pico_float/float_aeabi_rp2040.S.obj
 .ARM.attributes
                0x000004d4       0x2c CMakeFiles/pico_ver2.dir/C_/Users/chunc/.pico-sdk/sdk/2.0.0/src/rp2_common/pico_float/float_init_rom_rp2040.c.obj
 .ARM.attributes
                0x00000500       0x22 CMakeFiles/pico_ver2.dir/C_/Users/chunc/.pico-sdk/sdk/2.0.0/src/rp2_common/pico_float/float_v1_rom_shim_rp2040.S.obj
 .ARM.attributes
                0x00000522       0x2c CMakeFiles/pico_ver2.dir/C_/Users/chunc/.pico-sdk/sdk/2.0.0/src/rp2_common/pico_malloc/malloc.c.obj
 .ARM.attributes
                0x0000054e       0x22 CMakeFiles/pico_ver2.dir/C_/Users/chunc/.pico-sdk/sdk/2.0.0/src/rp2_common/pico_mem_ops/mem_ops_aeabi.S.obj
 .ARM.attributes
                0x00000570       0x2c CMakeFiles/pico_ver2.dir/C_/Users/chunc/.pico-sdk/sdk/2.0.0/src/rp2_common/pico_standard_binary_info/standard_binary_info.c.obj
 .ARM.attributes
                0x0000059c       0x2c CMakeFiles/pico_ver2.dir/C_/Users/chunc/.pico-sdk/sdk/2.0.0/src/rp2_common/pico_printf/printf.c.obj
 .ARM.attributes
                0x000005c8       0x22 CMakeFiles/pico_ver2.dir/C_/Users/chunc/.pico-sdk/sdk/2.0.0/src/rp2_common/pico_crt0/crt0.S.obj
 .ARM.attributes
                0x000005ea       0x2c CMakeFiles/pico_ver2.dir/C_/Users/chunc/.pico-sdk/sdk/2.0.0/src/rp2_common/pico_clib_interface/newlib_interface.c.obj
 .ARM.attributes
                0x00000616       0x2c CMakeFiles/pico_ver2.dir/C_/Users/chunc/.pico-sdk/sdk/2.0.0/src/rp2_common/pico_stdio/stdio.c.obj
 .ARM.attributes
                0x00000642       0x2c CMakeFiles/pico_ver2.dir/C_/Users/chunc/.pico-sdk/sdk/2.0.0/src/rp2_common/pico_stdio_uart/stdio_uart.c.obj
 .ARM.attributes
                0x0000066e       0x2c CMakeFiles/pico_ver2.dir/C_/Users/chunc/.pico-sdk/sdk/2.0.0/src/rp2_common/hardware_i2c/i2c.c.obj
 .ARM.attributes
                0x0000069a       0x2c CMakeFiles/pico_ver2.dir/C_/Users/chunc/.pico-sdk/sdk/2.0.0/src/rp2_common/pico_multicore/multicore.c.obj
 .ARM.attributes
                0x000006c6       0x22 C:\Users\chunc\AppData\Local\Temp\ccoZMXaQ.o
 .ARM.attributes
                0x000006e8       0x1e C:/Users/chunc/.pico-sdk/toolchain/13_2_Rel1/bin/../lib/gcc/arm-none-eabi/13.2.1/thumb/v6-m/nofp\libgcc.a(_dvmd_tls.o)
 .ARM.attributes
                0x00000706       0x2c C:/Users/chunc/.pico-sdk/toolchain/13_2_Rel1/bin/../lib/gcc/arm-none-eabi/13.2.1/thumb/v6-m/nofp\libg.a(libc_a-strncpy.o)
 .ARM.attributes
                0x00000732       0x2c C:/Users/chunc/.pico-sdk/toolchain/13_2_Rel1/bin/../lib/gcc/arm-none-eabi/13.2.1/thumb/v6-m/nofp\libg.a(libc_a-strlen-stub.o)
 .ARM.attributes
                0x0000075e       0x2c C:/Users/chunc/.pico-sdk/toolchain/13_2_Rel1/bin/../lib/gcc/arm-none-eabi/13.2.1/thumb/v6-m/nofp/crtend.o

.comment        0x00000000       0x44
 .comment       0x00000000       0x44 CMakeFiles/pico_ver2.dir/pico_ver2.c.obj
                                 0x45 (size before relaxing)
 .comment       0x00000044       0x45 CMakeFiles/pico_ver2.dir/C_/Users/chunc/.pico-sdk/sdk/2.0.0/src/rp2_common/hardware_gpio/gpio.c.obj
 .comment       0x00000044       0x45 CMakeFiles/pico_ver2.dir/C_/Users/chunc/.pico-sdk/sdk/2.0.0/src/rp2_common/pico_platform_panic/panic.c.obj
 .comment       0x00000044       0x45 CMakeFiles/pico_ver2.dir/C_/Users/chunc/.pico-sdk/sdk/2.0.0/src/common/hardware_claim/claim.c.obj